******************************************************************************
               TMS320C6x Linker PC v7.4.6                      
******************************************************************************
>> Linked Sun May 10 15:39:38 2015

OUTPUT FILE NAME:   <helloworld_test.out>
ENTRY POINT SYMBOL: "_c_int00"  address: 8035ede0


MEMORY CONFIGURATION

         name            origin    length      used     unused   attr    fill
----------------------  --------  ---------  --------  --------  ----  --------
  L2SRAM                00800000   00080000  0005e140  00021ec0  RW X
  MSMCSRAM              0c000000   00400000  00000000  00400000  RW X
  DDR3                  80000000   20000000  0038c79c  1fc73864  RWIX


SEGMENT ALLOCATION MAP

run origin  load origin   length   init length attrs members
----------  ----------- ---------- ----------- ----- -------
00800000    00800000    0005d788   00000000    rw-
  00800000    00800000    00052b00   00000000    rw- .far:NDK_PACKETMEM
  00852b00    00852b00    00004800   00000000    rw- .far:taskStackSection
  00857300    00857300    00004000   00000000    rw- .resmgr_memregion
  0085b300    0085b300    00001488   00000000    rw- .resmgr_pa
  0085c788    0085c788    00001000   00000000    rw- .stack
0085d790    0085d790    00000600   00000000    rw-
  0085d790    0085d790    00000600   00000000    rw- .far:NDK_OBJMEM
0085de00    0085de00    00000318   00000318    rw-
  0085de00    0085de00    00000318   00000318    rw- .nimu_eth_ll2
0085e120    0085e120    000000a0   00000000    rw-
  0085e120    0085e120    000000a0   00000000    rw- .resmgr_handles
80000000    80000000    00300000   00000000    rw-
  80000000    80000000    00300000   00000000    rw- systemHeap
80300000    80300000    00068dc0   00068dc0    r-x
  80300000    80300000    00068dc0   00068dc0    r-x .text
80368dc0    80368dc0    0001051c   0001051c    rw-
  80368dc0    80368dc0    0001051c   0001051c    rw- .far
803792e0    803792e0    0000b9a6   0000b9a6    r--
  803792e0    803792e0    0000b9a6   0000b9a6    r-- .const
80384c90    80384c90    00000070   00000070    rw-
  80384c90    80384c90    00000070   00000070    rw- .fardata.1
80384d00    80384d00    00002400   00000000    rw-
  80384d00    80384d00    00002400   00000000    rw- .qmss
80387100    80387100    00001d5a   00001d5a    rw-
  80387100    80387100    00001d5a   00001d5a    rw- .fardata.2
80388e60    80388e60    00001370   00001370    rw-
  80388e60    80388e60    00001370   00001370    rw- platform_lib
8038a1d0    8038a1d0    00000230   00000230    r--
  8038a1d0    8038a1d0    00000230   00000230    r-- .switch.1
8038a400    8038a400    0000038c   0000038c    r-x
  8038a400    8038a400    00000200   00000200    r-x .vecs
  8038a600    8038a600    0000018c   0000018c    r-- .switch.2
8038a78c    8038a78c    00000070   00000000    rw-
  8038a78c    8038a78c    00000070   00000000    rw- .bss
8038a7fc    8038a7fc    0000029d   0000029d    rw-
  8038a7fc    8038a7fc    0000029d   0000029d    rw- .neardata
8038aa9c    8038aa9c    0000005c   0000005c    r--
  8038aa9c    8038aa9c    0000005c   0000005c    r-- .rodata
8038ab00    8038ab00    00000320   00000000    rw-
  8038ab00    8038ab00    00000200   00000000    rw- .cppi
  8038ad00    8038ad00    00000120   00000000    rw- .cio
8038ae20    8038ae20    00001998   00001998    r--
  8038ae20    8038ae20    00001998   00001998    r-- .cinit


SECTION ALLOCATION MAP

 output                                  attributes/
section   page    origin      length       input sections
--------  ----  ----------  ----------   ----------------
.init_array 
*          0    80000000    00000000     UNINITIALIZED

.far:NDK_PACKETMEM 
*          0    00800000    00052b00     UNINITIALIZED
                  00800000    00052b00     stk6_ppp_pppoe.ae66 : pbm_data.oe66 (.far:NDK_PACKETMEM)

.far:taskStackSection 
*          0    00852b00    00004800     UNINITIALIZED
                  00852b00    00004800     helloWorld_pe66.oe66 (.far:taskStackSection)

.resmgr_memregion 
*          0    00857300    00004000     UNINITIALIZED
                  00857300    00004000     resourcemgr.obj (.resmgr_memregion)

.resmgr_pa 
*          0    0085b300    00001488     UNINITIALIZED
                  0085b300    00001488     resourcemgr.obj (.resmgr_pa)

.stack     0    0085c788    00001000     UNINITIALIZED
                  0085c788    00000008     boot.ae66 : boot.oe66 (.stack)
                  0085c790    00000ff8     --HOLE--

.far:NDK_OBJMEM 
*          0    0085d790    00000600     UNINITIALIZED
                  0085d790    00000600     os.ae66 : ossys.oe66 (.far:NDK_OBJMEM)

.nimu_eth_ll2 
*          0    0085de00    00000318     
                  0085de00    00000308     ti.transport.ndk.nimu.ae66 : nimu_eth.obj (.nimu_eth_ll2:uninit) [fill = 0]
                  0085e108    00000010                                : nimu_eth.obj (.nimu_eth_ll2:init)

.resmgr_handles 
*          0    0085e120    000000a0     UNINITIALIZED
                  0085e120    000000a0     resourcemgr.obj (.resmgr_handles)

xdc.meta   0    80000000    000000e8     COPY SECTION
                  80000000    000000e8     helloWorld_pe66.oe66 (xdc.meta)

systemHeap 
*          0    80000000    00300000     UNINITIALIZED
                  80000000    00300000     helloWorld_pe66.oe66 (systemHeap)

.text      0    80300000    00068dc0     
                  80300000    000060e0     KeyStone_common.obj (.text)
                  803060e0    00002d80     ti.transport.ndk.nimu.ae66 : nimu_eth.obj (.text)
                  80308e60    00002480     KeyStone_DDR_Init.obj (.text)
                  8030b2e0    00001fe0     ti.platform.evm6678l.ae66 : platform.obj (.text)
                  8030d2c0    00001b40                               : evmc6678.obj (.text)
                  8030ee00    00001a00     stk6_ppp_pppoe.ae66 : tcpin.oe66 (.text:TcpInput)
                  80310800    000019a0                         : tcp6in.oe66 (.text:TCP6Input)
                  803121a0    00001480     KeyStone_SPI_Init_drv.obj (.text)
                  80313620    00001240     stk6_ppp_pppoe.ae66 : tcpout.oe66 (.text:TcpOutput)
                  80314860    00001180                         : tcp6out.oe66 (.text:TCP6Output)
                  803159e0    00001160     ti.platform.evm6678l.ae66 : evm66x_nand.obj (.text)
                  80316b40    00000d80                               : evmc66x_i2c_eeprom.obj (.text)
                  803178c0    00000d00     resourcemgr.obj (.text)
                  803185c0    00000b80     stk6_ppp_pppoe.ae66 : ipin.oe66 (.text:IPRxPacket)
                  80319140    00000b40     ECG_main.obj (.text)
                  80319c80    00000b00     KeyStone_UART_Init_drv.obj (.text)
                  8031a780    00000aa0     stk6_ppp_pppoe.ae66 : md5.oe66 (.text:MD5Transform)
                  8031b220    000009c0                         : ipout.oe66 (.text:IPTxPacket)
                  8031bbe0    000009a0                         : lcp.oe66 (.text:lcpInput)
                  8031c580    000009a0     ti.targets.rts6000.ae66 : System.oe66 (.text:xdc_runtime_System_doPrint__I)
                  8031cf20    000008a0     nettool.ae66 : httpclie.oe66 (.text:httpClientProcess)
                  8031d7c0    000007e0     ti.drv.qmss.ae66 : qmss_drv.oe66 (.text:Qmss_insertMemoryRegion)
                  8031dfa0    000007e0     stk6_ppp_pppoe.ae66 : ipcp.oe66 (.text:ipcpInput)
                  8031e780    000007c0     nettool.ae66 : httpsend.oe66 (.text:SetContentType)
                  8031ef40    000007c0     stk6_ppp_pppoe.ae66 : sock.oe66 (.text:SockSet)
                  8031f700    000007a0                         : fileuser.oe66 (.text:fdPoll)
                  8031fea0    00000780     sysbios.lib : BIOS.obj (.text:ti_sysbios_family_c64p_Exception_handler__I)
                  80320620    00000720     ti.drv.pa.ae66 : pa.oe66 (.text:Pa_addMac)
                  80320d40    000006c0     nettool.ae66 : telnetd.oe66 (.text:telnet_netdata)
                  80321400    00000680     stk6_ppp_pppoe.ae66 : icmpv6_ndisc.oe66 (.text:ICMPv6RecvRA)
                  80321a80    00000660     ti.drv.cppi.ae66 : cppi_drv.oe66 (.text:Cppi_configureRxFlow)
                  803220e0    00000660     GPIO_drv.obj (.text)
                  80322740    00000660     sysbios.lib : BIOS.obj (.text:ti_sysbios_heaps_HeapMem_free__E)
                  80322da0    00000640     tcpHello.obj (.text)
                  803233e0    00000620     stk6_ppp_pppoe.ae66 : route6.oe66 (.text:Rt6Create)
                  80323a00    00000620     sysbios.lib : BIOS.obj (.text:ti_sysbios_heaps_HeapMem_alloc__E)
                  80324020    00000620                 : BIOS.obj (.text:ti_sysbios_knl_Event_pend__E)
                  80324640    00000600     KeyStone_common.obj (.text:retain)
                  80324c40    000005c0     stk6_ppp_pppoe.ae66 : ipfrag.oe66 (.text:IPReasm)
                  80325200    000005c0     rts6600_elf.lib : divd.obj (.text:__c6xabi_divd)
                  803257c0    000005c0                     : _printfi.obj (.text:_getarg_diouxp)
                  80325d80    000005c0     sysbios.lib : BIOS.obj (.text:ti_sysbios_timers_timer64_Timer_Module_startup__F)
                  80326340    000005a0     stk6_ppp_pppoe.ae66 : icmpin.oe66 (.text:ICMPInput)
                  803268e0    000005a0     ti.platform.evm6678l.ae66 : evmc66x_spi.obj (.text)
                  80326e80    00000580     stk6_ppp_pppoe.ae66 : nimuppp.oe66 (.text:pppEvent)
                  80327400    00000560                         : ipv6.oe66 (.text:IPv6IPAddressToString)
                  80327960    00000560     ti.platform.evm6678l.ae66 : evmc6678_phy.obj (.text)
                  80327ec0    00000520     stk6_ppp_pppoe.ae66 : sock.oe66 (.text:SockNew)
                  803283e0    00000520     rts6600_elf.lib : _printfi.obj (.text:_setfield)
                  80328900    00000520     ti.platform.evm6678l.ae66 : evmc66x_nor.obj (.text)
                  80328e20    00000500     sysbios.lib : BIOS.obj (.text:ti_sysbios_knl_Task_Instance_finalize__F)
                  80329320    000004e0     stk6_ppp_pppoe.ae66 : udp.oe66 (.text:UdpInput)
                  80329800    000004e0                         : nimupppoe.oe66 (.text:pppoeInputS)
                  80329ce0    000004c0     ti.drv.cppi.ae66 : cppi_drv.oe66 (.text:Cppi_txChannelOpen)
                  8032a1a0    000004c0     stk6_ppp_pppoe.ae66 : sock6.oe66 (.text:Sock6Connect)
                  8032a660    000004c0                         : sock6.oe66 (.text:Sock6Set)
                  8032ab20    000004c0     ti.platform.evm6678l.ae66 : evmc66x_fpga.obj (.text)
                  8032afe0    000004a0     stk6_ppp_pppoe.ae66 : bind6.oe66 (.text:Bind6New)
                  8032b480    000004a0                         : lliin.oe66 (.text:LLIRxPacket)
                  8032b920    000004a0                         : sock6.oe66 (.text:Sock6Recv)
                  8032bdc0    000004a0                         : sock.oe66 (.text:SockRecv)
                  8032c260    00000460     rts6600_elf.lib : _printfi.obj (.text:_printfi)
                  8032c6c0    00000460     stk6_ppp_pppoe.ae66 : nimuppp.oe66 (.text:pppNew)
                  8032cb20    00000440     KeyStone_common.obj (.text:Core_MPAX)
                  8032cf60    00000440     ti.drv.cppi.ae66 : cppi_drv.oe66 (.text:Cppi_rxChannelOpen)
                  8032d3a0    00000440     stk6_ppp_pppoe.ae66 : sock6.oe66 (.text:Sock6New)
                  8032d7e0    00000440                         : auth.oe66 (.text:chapInput)
                  8032dc20    00000440                         : fileuser.oe66 (.text:fdSelect)
                  8032e060    00000440                         : nimupppoe.oe66 (.text:pppoeInputC)
                  8032e4a0    00000420     nettool.ae66 : daemon.oe66 (.text:daemon)
                  8032e8c0    00000420     ti.drv.pa.ae66 : pa.oe66 (.text:pa_conv_routing_info)
                  8032ece0    00000400     stk6_ppp_pppoe.ae66 : sock6.oe66 (.text:Sock6Send)
                  8032f0e0    00000400     os.ae66 : efs.oe66 (.text:efs_filecheck)
                  8032f4e0    00000400     sysbios.lib : BIOS.obj (.text:ti_sysbios_knl_Semaphore_pend__E)
                  8032f8e0    000003e0     stk6_ppp_pppoe.ae66 : ipv6_frag.oe66 (.text:IPv6TxFragPacket)
                  8032fcc0    000003c0     ti.drv.cppi.ae66 : cppi_desc.oe66 (.text:Cppi_initDescriptor)
                  80330080    000003c0     stk6_ppp_pppoe.ae66 : ipv6out.oe66 (.text:IPv6TxPacket)
                  80330440    000003c0                         : lli6.oe66 (.text:LLI6TimerCheck)
                  80330800    000003c0                         : sock.oe66 (.text:SockSend)
                  80330bc0    000003c0                         : tcp6.oe66 (.text:TCP6TimeoutCheck)
                  80330f80    000003c0                         : tcp.oe66 (.text:TcpTimeoutCheck)
                  80331340    000003c0     sysbios.lib : BIOS.obj (.text:ti_sysbios_knl_Task_Instance_init__F)
                  80331700    000003c0                 : BIOS.obj (.text:ti_sysbios_knl_Task_setPri__E)
                  80331ac0    000003a0     stk6_ppp_pppoe.ae66 : nimu.oe66 (.text:NIMUIoctl)
                  80331e60    000003a0                         : route.oe66 (.text:RtCreate)
                  80332200    000003a0                         : sb.oe66 (.text:SBRead)
                  803325a0    000003a0     os.ae66 : mem.oe66 (.text:_mmCheck)
                  80332940    000003a0     rts6600_elf.lib : fputs.obj (.text:fputs)
                  80332ce0    000003a0     stk6_ppp_pppoe.ae66 : auth.oe66 (.text:papInput)
                  80333080    00000380                         : icmpv6in.oe66 (.text:ICMPv6RxPacket)
                  80333400    00000380                         : igmp.oe66 (.text:IGMPInput)
                  80333780    00000380                         : sock6int.oe66 (.text:Sock6Notify)
                  80333b00    00000380                         : sock.oe66 (.text:SockConnect)
                  80333e80    00000380                         : sockint.oe66 (.text:SockNotify)
                  80334200    00000380     nettool.ae66 : dhcppkt.oe66 (.text:dhcpPacketProcess)
                  80334580    00000360     stk6_ppp_pppoe.ae66 : icmpv6out.oe66 (.text:ICMPv6SendParameterProblem)
                  803348e0    00000360                         : ipv6_frag.oe66 (.text:IPv6FragReasm)
                  80334c40    00000360                         : lliout.oe66 (.text:LLITxIpPacket)
                  80334fa0    00000360     helloWorld_pe66.oe66 (.text:xdc_runtime_System_printfExtend__I)
                  80335300    00000340     ti.drv.pa.ae66 : painit.oe66 (.text:Pa_create)
                  80335640    00000340     ti.drv.qmss.ae66 : qmss_drv.oe66 (.text:Qmss_init)
                  80335980    00000340     os.ae66 : mem.oe66 (.text:mmAlloc)
                  80335cc0    00000340     stk6_ppp_pppoe.ae66 : nimupppoe.oe66 (.text:pppoeSI)
                  80336000    00000320     nettool.ae66 : config.oe66 (.text:CfgAddEntry)
                  80336320    00000320     stk6_ppp_pppoe.ae66 : icmpv6_ndisc.oe66 (.text:ICMPv6RecvRedirect)
                  80336640    00000320                         : nimupppoe.oe66 (.text:SendServerMsg)
                  80336960    00000320     rts6600_elf.lib : _printfi.obj (.text:_pproc_fge)
                  80336c80    00000320     nettool.ae66 : telnetd.oe66 (.text:telnet_engine)
                  80336fa0    00000320     ti.platform.evm6678l.ae66 : evmc66x_uart.obj (.text)
                  803372c0    00000300     stk6_ppp_pppoe.ae66 : icmpv6_ndisc.oe66 (.text:ICMPv6RecvNS)
                  803375c0    00000300                         : icmpv6out.oe66 (.text:ICMPv6SendDstUnreachable)
                  803378c0    00000300                         : icmpv6out.oe66 (.text:ICMPv6SendTimeExceeded)
                  80337bc0    00000300     netctrl.ae66 : netctrl.oe66 (.text:NetScheduler)
                  80337ec0    00000300     stk6_ppp_pppoe.ae66 : sock6pcb.oe66 (.text:Sock6PcbBind)
                  803381c0    00000300                         : udp6.oe66 (.text:Udp6Input)
                  803384c0    00000300     nettool.ae66 : inetaddr.oe66 (.text:inet_aton)
                  803387c0    00000300     platform_osal.obj (.text)
                  80338ac0    00000300     sysbios.lib : BIOS.obj (.text:ti_sysbios_family_c64p_Hwi_dispatchC__I)
                  80338dc0    00000300                 : BIOS.obj (.text:ti_sysbios_knl_Event_post__E)
                  803390c0    000002e0     stk6_ppp_pppoe.ae66 : ipv6_frag.oe66 (.text:IPv6FragQEnqueueFrag)
                  803393a0    000002e0     ti.drv.pa.ae66 : pa.oe66 (.text:Pa_forwardResult)
                  80339680    000002e0     stk6_ppp_pppoe.ae66 : route6.oe66 (.text:Rt6Find)
                  80339960    000002e0                         : nimupppoe.oe66 (.text:SendClientMsg)
                  80339c40    000002e0                         : udp.oe66 (.text:UdpOutput)
                  80339f20    000002e0     rts6600_elf.lib : _printfi.obj (.text:_pproc_fwp)
                  8033a200    000002e0     sysbios.lib : BIOS.obj (.text:ti_sysbios_knl_Task_Module_startup__F)
                  8033a4e0    000002c0     stk6_ppp_pppoe.ae66 : bind.oe66 (.text:BindNew)
                  8033a7a0    000002c0                         : sb6.oe66 (.text:SB6Read)
                  8033aa60    000002c0                         : sock6pcb.oe66 (.text:Sock6PcbResolve)
                  8033ad20    000002c0                         : udp6.oe66 (.text:Udp6Output)
                  8033afe0    000002c0                         : nimuppp.oe66 (.text:pppInput)
                  8033b2a0    000002a0                         : ipv6_exthdrs.oe66 (.text:IPv6ParseExtnHeaders)
                  8033b540    000002a0                         : node.oe66 (.text:NodeAdd)
                  8033b7e0    000002a0                         : route6.oe66 (.text:Rt6Free)
                  8033ba80    000002a0                         : rtable.oe66 (.text:RtFind)
                  8033bd20    000002a0                         : sock6pcb.oe66 (.text:Sock6PcbFind)
                  8033bfc0    000002a0                         : sock.oe66 (.text:SockClose)
                  8033c260    000002a0                         : tcp6prot.oe66 (.text:TCP6PrSetOption)
                  8033c500    000002a0                         : tcpprot.oe66 (.text:TcpPrSetOption)
                  8033c7a0    000002a0     rts6600_elf.lib : _printfi.obj (.text:fcvt)
                  8033ca40    000002a0     sysbios.lib : BIOS.obj (.text:ti_sysbios_family_c66_tci66xx_CpIntc_Module_startup__F)
                  8033cce0    000002a0                 : BIOS.obj (.text:ti_sysbios_knl_Clock_workFunc__E)
                  8033cf80    000002a0                 : BIOS.obj (.text:ti_sysbios_knl_Task_sleep__E)
                  8033d220    00000280     nettool.ae66 : dhcpmain.oe66 (.text:DHCPOpen)
                  8033d4a0    00000280     stk6_ppp_pppoe.ae66 : icmp.oe66 (.text:ICMPGenPacket)
                  8033d720    00000280                         : icmpv6in.oe66 (.text:ICMPv6RecvEchoRequest)
                  8033d9a0    00000280                         : lli6.oe66 (.text:LLI6NeighUnreachStateMachine)
                  8033dc20    00000280                         : sockpcb.oe66 (.text:SockPcbResolve)
                  8033dea0    00000280                         : tcp6out.oe66 (.text:TCP6GenPacket)
                  8033e120    00000280     rts6600_elf.lib : divf.obj (.text:__c6xabi_divf)
                  8033e3a0    00000280     sysbios.lib : BIOS.obj (.text:deviceConfig$44)
                  8033e620    00000280     rts6600_elf.lib : _printfi.obj (.text:ecvt)
                  8033e8a0    00000280     stk6_ppp_pppoe.ae66 : ipcp.oe66 (.text:ipcpSendCfg)
                  8033eb20    00000280                         : lcp.oe66 (.text:lcpSendCfg)
                  8033eda0    00000280     sysbios.lib : BIOS.obj (.text:ti_sysbios_knl_Clock_Instance_init__F)
                  8033f020    00000280                 : BIOS.obj (.text:ti_sysbios_knl_Task_exit__E)
                  8033f2a0    00000280     ti.targets.rts6000.ae66 : Core-mem.oe66 (.text:xdc_runtime_Core_createObject__I)
                  8033f520    00000280                             : Error.oe66 (.text:xdc_runtime_Error_raiseX__F)
                  8033f7a0    00000260     stk6_ppp_pppoe.ae66 : icmpv6_ndisc.oe66 (.text:ICMPv6SendNA)
                  8033fa00    00000260                         : icmpv6_ndisc.oe66 (.text:ICMPv6SendNS)
                  8033fc60    00000260                         : lli6.oe66 (.text:LLI6TxIPPacket)
                  8033fec0    00000260                         : nimu.oe66 (.text:NIMUReceivePacket)
                  80340120    00000260                         : rawethsock.oe66 (.text:RawEthSockSet)
                  80340380    00000260                         : sb6.oe66 (.text:SB6Write)
                  803405e0    00000260                         : sb.oe66 (.text:SBWrite)
                  80340840    00000260                         : sock6.oe66 (.text:Sock6Close)
                  80340aa0    00000260                         : sockpcb.oe66 (.text:SockPcbBind)
                  80340d00    00000260     nettool.ae66 : httppars.oe66 (.text:httpParseRecv)
                  80340f60    00000260     ti.targets.rts6000.ae66 : Startup.oe66 (.text:xdc_runtime_Startup_startMods__I)
                  803411c0    00000240     ti.drv.cppi.ae66 : cppi_drv.oe66 (.text:Cppi_open)
                  80341400    00000240     nettool.ae66 : daemon.oe66 (.text:DaemonNew)
                  80341640    00000240     ti.drv.pa.ae66 : pa.oe66 (.text:Pa_resetControl)
                  80341880    00000240     stk6_ppp_pppoe.ae66 : pipe.oe66 (.text:PipeRecv)
                  80341ac0    00000240                         : raw.oe66 (.text:RawInput)
                  80341d00    00000240     rts6600_elf.lib : imath64.obj (.text:__c6xabi_divull)
                  80341f40    00000240                     : _printfi.obj (.text:_pconv_e)
                  80342180    00000240                     : _printfi.obj (.text:_pproc_diouxp)
                  803423c0    00000240     nettool.ae66 : dhcpsm.oe66 (.text:dhcpIPAdd)
                  80342600    00000240                  : dhcpsm.oe66 (.text:dhcpState)
                  80342840    00000240     sysbios.lib : BIOS.obj (.text:ti_sysbios_family_c64p_Exception_internalHandler__I)
                  80342a80    00000240                 : BIOS.obj (.text:ti_sysbios_knl_Semaphore_post__E)
                  80342cc0    00000240     ti.targets.rts6000.ae66 : LoggerBuf.oe66 (.text:xdc_runtime_LoggerBuf_write8__F)
                  80342f00    00000220     stk6_ppp_pppoe.ae66 : bind6.oe66 (.text:Bind6RunDAD)
                  80343120    00000220                         : icmpv6_ndisc.oe66 (.text:ICMPv6RecvNA)
                  80343340    00000220                         : igmp.oe66 (.text:IGMPJoinHostGroup)
                  80343560    00000220                         : ipv6in.oe66 (.text:IPv6RxPacket)
                  80343780    00000220                         : rawethsock.oe66 (.text:RawEthSockNew)
                  803439a0    00000220                         : sockpcb.oe66 (.text:SockPcbFind)
                  80343bc0    00000220     rts6600_elf.lib : _printfi.obj (.text:_pproc_str)
                  80343de0    00000220     nettool.ae66 : dhcppkt.oe66 (.text:dhcpVerifyMessage)
                  80344000    00000220     rts6600_elf.lib : fputc.obj (.text:fputc)
                  80344220    00000220     nettool.ae66 : httpclie.oe66 (.text:httpGetAuthParams)
                  80344440    00000220     sysbios.lib : BIOS.obj (.text:ti_sysbios_family_c64p_Hwi_reconfig__E)
                  80344660    00000220                 : BIOS.obj (.text:ti_sysbios_knl_Swi_run__I)
                  80344880    00000220                 : BIOS.obj (.text:ti_sysbios_knl_Task_schedule__I)
                  80344aa0    00000220                 : BIOS.obj (.text:ti_sysbios_knl_Task_startup__E)
                  80344cc0    00000200     stk6_ppp_pppoe.ae66 : ipv6_frag.oe66 (.text:IPv6ParseFragHdr)
                  80344ec0    00000200                         : lli6.oe66 (.text:LLI6New)
                  803450c0    00000200     ti.drv.qmss.ae66 : qmss_drv.oe66 (.text:Qmss_internalQueueOpen)
                  803452c0    00000200                      : qmss_acc.oe66 (.text:Qmss_programAccumulator)
                  803454c0    00000200     stk6_ppp_pppoe.ae66 : rtc.oe66 (.text:RTCReport)
                  803456c0    00000200                         : raw6.oe66 (.text:Raw6Output)
                  803458c0    00000200     rts6600_elf.lib : _printfi.obj (.text:_pconv_g)
                  80345ac0    00000200     sysbios.lib : c64p_Hwi_disp_always.obj (.text:_ti_sysbios_family_c64p_Hwi_dispatchAlways)
                  80345cc0    00000200     stk6_ppp_pppoe.ae66 : socket.oe66 (.text:accept)
                  80345ec0    00000200     sysbios.lib : BIOS.obj (.text:block$56)
                  803460c0    00000200     ti.drv.cppi.ae66 : cppi_heap.oe66 (.text:cppi_internal_heap_add)
                  803462c0    00000200     stk6_ppp_pppoe.ae66 : nimupppoe.oe66 (.text:pppoeCtrlMsg)
                  803464c0    00000200     rts6600_elf.lib : setvbuf.obj (.text:setvbuf)
                  803466c0    000001e0     ADS1298_drv.obj (.text)
                  803468a0    000001e0     stk6_ppp_pppoe.ae66 : igmp.oe66 (.text:IGMPSendReply)
                  80346a80    000001e0                         : route6.oe66 (.text:Rt6Modify)
                  80346c60    000001e0     SPI_Intc.obj (.text)
                  80346e40    000001e0     stk6_ppp_pppoe.ae66 : sock6pcb.oe66 (.text:Sock6PcbFindRaw)
                  80347020    000001e0                         : tcpout.oe66 (.text:TcpGenPacket)
                  80347200    000001e0                         : auth.oe66 (.text:chapSendMsg)
                  803473e0    000001e0     nettool.ae66 : dhcpsock.oe66 (.text:dhcpSocketOpen)
                  803475c0    000001e0     stk6_ppp_pppoe.ae66 : socket.oe66 (.text:sendto)
                  803477a0    000001e0     sysbios.lib : BIOS.obj (.text:ti_sysbios_knl_Task_postInit__I)
                  80347980    000001e0                 : BIOS.obj (.text:ti_sysbios_timers_timer64_Timer_getFreq__E)
                  80347b60    000001c0     nettool.ae66 : config.oe66 (.text:CfgExecute)
                  80347d20    000001c0     ti.drv.cppi.ae66 : cppi_drv.oe66 (.text:Cppi_channelClose)
                  80347ee0    000001c0                      : cppi_drv.oe66 (.text:Cppi_initCfg)
                  803480a0    000001c0     stk6_ppp_pppoe.ae66 : ip.oe66 (.text:IPGetRoute)
                  80348260    000001c0                         : ipv6_exthdrs.oe66 (.text:IPv6ParseHopOptions)
                  80348420    000001c0                         : lliout.oe66 (.text:LLIGenArpPacket)
                  803485e0    000001c0     ti.drv.qmss.ae66 : qmss_drv.oe66 (.text:Qmss_internaldownloadFirmware)
                  803487a0    000001c0     netctrl.ae66 : netsrv.oe66 (.text:SPIpNet)
                  80348960    000001c0     stk6_ppp_pppoe.ae66 : tcptime.oe66 (.text:TcpTimeoutRexmt)
                  80348b20    000001c0                         : lli.oe66 (.text:_LLITimeoutCheck)
                  80348ce0    000001c0     rts6600_elf.lib : _printfi.obj (.text:_mcpy)
                  80348ea0    000001c0     nettool.ae66 : dhcpbild.oe66 (.text:dhcpBuildHeader)
                  80349060    000001c0     stk6_ppp_pppoe.ae66 : fileuser.oe66 (.text:fdClose)
                  80349220    000001c0     sysbios.lib : BIOS.obj (.text:ti_sysbios_knl_Task_checkStacks__E)
                  803493e0    000001c0                 : BIOS.obj (.text:ti_sysbios_timers_timer64_Timer_setPeriodMicroSecs__E)
                  803495a0    000001a0     stk6_ppp_pppoe.ae66 : bind6.oe66 (.text:Bind6Msg)
                  80349740    000001a0     nettool.ae66 : config.oe66 (.text:CfgRemoveEntry)
                  803498e0    000001a0     rts6600_elf.lib : trgdrv.obj (.text:HOSTrename)
                  80349a80    000001a0     stk6_ppp_pppoe.ae66 : icmpin.oe66 (.text:ICMPRevSrcRoute)
                  80349c20    000001a0                         : ipv6_frag.oe66 (.text:IPv6FragMsg)
                  80349dc0    000001a0                         : ipv6_exthdrs.oe66 (.text:IPv6ParseRoutingHdr)
                  80349f60    000001a0     netctrl.ae66 : netctrl.oe66 (.text:NC_NetStart)
                  8034a100    000001a0     stk6_ppp_pppoe.ae66 : node.oe66 (.text:NodeTreeFree)
                  8034a2a0    000001a0     ti.drv.pa.ae66 : pa.oe66 (.text:Pa_downloadImage)
                  8034a440    000001a0     stk6_ppp_pppoe.ae66 : raw6.oe66 (.text:Raw6Input)
                  8034a5e0    000001a0                         : route6.oe66 (.text:Route6LifetimeMgmt)
                  8034a780    000001a0                         : sockint.oe66 (.text:SockCreatePacket)
                  8034a920    000001a0     nettool.ae66 : dhcpsm.oe66 (.text:StateRenewRebind)
                  8034aac0    000001a0     stk6_ppp_pppoe.ae66 : tcp6time.oe66 (.text:TCP6TimeoutRexmt)
                  8034ac60    000001a0     rts6600_elf.lib : imath40.obj (.text:__c6xabi_divul)
                  8034ae00    000001a0     nettool.ae66 : dhcptags.oe66 (.text:dhcpBuildOptions)
                  8034afa0    000001a0     stk6_ppp_pppoe.ae66 : socket.oe66 (.text:getpeername)
                  8034b140    000001a0     nettool.ae66 : telnetd.oe66 (.text:telnet_termdata)
                  8034b2e0    000001a0     sysbios.lib : BIOS.obj (.text:ti_sysbios_family_c66_tci66xx_CpIntc_dispatch__F)
                  8034b480    000001a0                 : BIOS.obj (.text:ti_sysbios_gates_GateMutex_enter__E)
                  8034b620    000001a0                 : BIOS.obj (.text:ti_sysbios_timers_timer64_Timer_start__E)
                  8034b7c0    000001a0     ti.targets.rts6000.ae66 : LoggerBuf.oe66 (.text:xdc_runtime_LoggerBuf_write4__F)
                  8034b960    00000180     stk6_ppp_pppoe.ae66 : bind6.oe66 (.text:Bind6GetGlobalAddress)
                  8034bae0    00000180                         : igmp.oe66 (.text:IGMPMsg)
                  8034bc60    00000180                         : nimu.oe66 (.text:NIMURegister)
                  8034bde0    00000180     netctrl.ae66 : netsrv.oe66 (.text:ServiceScan)
                  8034bf60    00000180                  : netsrv.oe66 (.text:ServiceSpawn)
                  8034c0e0    00000180     nettool.ae66 : dhcpsm.oe66 (.text:StateBound)
                  8034c260    00000180     rts6600_elf.lib : copy_decompress_rle.obj (.text:__TI_decompress_rle_core)
                  8034c3e0    00000180     stk6_ppp_pppoe.ae66 : socket.oe66 (.text:bind)
                  8034c560    00000180     tcpHello.obj (.text:convert_data)
                  8034c6e0    00000180     nettool.ae66 : dhcpbild.oe66 (.text:dhcpBuildRequest)
                  8034c860    00000180     os.ae66 : task.oe66 (.text:llEnter)
                  8034c9e0    00000180     stk6_ppp_pppoe.ae66 : auth.oe66 (.text:papSendCfg)
                  8034cb60    00000180     sysbios.lib : c64p_Exception_asm.obj (.text)
                  8034cce0    00000180                 : BIOS.obj (.text:ti_sysbios_heaps_HeapBuf_Module_startup__F)
                  8034ce60    00000180                 : BIOS.obj (.text:ti_sysbios_heaps_HeapMem_Instance_init__F)
                  8034cfe0    00000180                 : BIOS.obj (.text:ti_sysbios_knl_Swi_schedule__I)
                  8034d160    00000180                 : BIOS.obj (.text:ti_sysbios_knl_Task_unblockI__E)
                  8034d2e0    00000180     ti.targets.rts6000.ae66 : Text.oe66 (.text:xdc_runtime_Text_putSite__F)
                  8034d460    00000160     nettool.ae66 : config.oe66 (.text:CfgGetEntry)
                  8034d5c0    00000160                  : config.oe66 (.text:CfgGetNextEntry)
                  8034d720    00000160     os.ae66 : ossys.oe66 (.text:DbgPrintf)
                  8034d880    00000160     stk6_ppp_pppoe.ae66 : igmp.oe66 (.text:IGMPDoMCast)
                  8034d9e0    00000160                         : nimu.oe66 (.text:NIMUIoctlSpecialCmd)
                  8034db40    00000160                         : pbm.oe66 (.text:PBM_free)
                  8034dca0    00000160                         : nimuppp.oe66 (.text:PPPStop)
                  8034de00    00000160                         : pipe.oe66 (.text:PipeSend)
                  8034df60    00000160                         : raw.oe66 (.text:RawOutput)
                  8034e0c0    00000160                         : rtable.oe66 (.text:RtTimeoutCheck)
                  8034e220    00000160                         : rtable.oe66 (.text:RtWalkNext)
                  8034e380    00000160     netctrl.ae66 : netsrv.oe66 (.text:SPRoute)
                  8034e4e0    00000160     stk6_ppp_pppoe.ae66 : sock6.oe66 (.text:Sock6Check)
                  8034e640    00000160                         : sock6int.oe66 (.text:Sock6CreatePacket)
                  8034e7a0    00000160                         : sock6pcb.oe66 (.text:Sock6PcbConnect)
                  8034e900    00000160                         : sock.oe66 (.text:SockCheck)
                  8034ea60    00000160                         : sockpcb.oe66 (.text:SockPcbConnect)
                  8034ebc0    00000160     nettool.ae66 : dhcpsm.oe66 (.text:StateRequesting)
                  8034ed20    00000160     stk6_ppp_pppoe.ae66 : tcp6time.oe66 (.text:TCP6TimeoutKeep)
                  8034ee80    00000160                         : tcptime.oe66 (.text:TcpTimeoutKeep)
                  8034efe0    00000160                         : auth.oe66 (.text:authInit)
                  8034f140    00000160     nettool.ae66 : httpclie.oe66 (.text:httpExtractTag)
                  8034f2a0    00000160                  : httpsend.oe66 (.text:httpSendErrorHTML)
                  8034f400    00000160     stk6_ppp_pppoe.ae66 : socket.oe66 (.text:setsockopt)
                  8034f560    00000160     nettool.ae66 : telnetd.oe66 (.text:telnetClientProcess)
                  8034f6c0    00000140     stk6_ppp_pppoe.ae66 : bind6.oe66 (.text:Bind6DADCheck)
                  8034f800    00000140                         : bind6.oe66 (.text:Bind6Free)
                  8034f940    00000140     ti.csl.ae66 : csl_chip.oe66 (.text:CSL_chipReadReg)
                  8034fa80    00000140     stk6_ppp_pppoe.ae66 : exec.oe66 (.text:ExecOpen)
                  8034fbc0    00000140                         : icmp.oe66 (.text:ICMPSendRtAdv)
                  8034fd00    00000140                         : igmp.oe66 (.text:IGMPJoin)
                  8034fe40    00000140                         : ipv6.oe66 (.text:IPv6DisplayIPAddress)
                  8034ff80    00000140                         : lli6.oe66 (.text:LLI6Find)
                  803500c0    00000140                         : lli.oe66 (.text:LLINew)
                  80350200    00000140                         : node.oe66 (.text:NodeFind)
                  80350340    00000140                         : node.oe66 (.text:NodeWalk)
                  80350480    00000140                         : pbm.oe66 (.text:PBM_alloc)
                  803505c0    00000140                         : rtable.oe66 (.text:RtFlush)
                  80350700    00000140                         : sb6.oe66 (.text:SB6New)
                  80350840    00000140     netctrl.ae66 : netsrv.oe66 (.text:ServiceKill)
                  80350980    00000140     stk6_ppp_pppoe.ae66 : sock6.oe66 (.text:Sock6Accept)
                  80350ac0    00000140                         : sock6.oe66 (.text:Sock6Listen)
                  80350c00    00000140                         : sock.oe66 (.text:SockAccept)
                  80350d40    00000140                         : sock.oe66 (.text:SockListen)
                  80350e80    00000140                         : sockpcb.oe66 (.text:SockPcbCtlError)
                  80350fc0    00000140     boot.ae66 : autoinit.oe66 (.text:_auto_init_elf)
                  80351100    00000140     rts6600_elf.lib : _printfi.obj (.text:_pproc_fflags)
                  80351240    00000140     stk6_ppp_pppoe.ae66 : auth.oe66 (.text:authGetPassword)
                  80351380    00000140     nettool.ae66 : dhcptags.oe66 (.text:dhcpDecodeType)
                  803514c0    00000140     rts6600_elf.lib : lowlev.obj (.text:getdevice)
                  80351600    00000140     nettool.ae66 : httpsend.oe66 (.text:httpAuthenticationReq)
                  80351740    00000140     os.ae66 : mem.oe66 (.text:mmCopy)
                  80351880    00000140     stk6_ppp_pppoe.ae66 : socket.oe66 (.text:recv)
                  803519c0    00000140                         : socket.oe66 (.text:send)
                  80351b00    00000140     sysbios.lib : BIOS.obj (.text:ti_sysbios_family_c64p_Hwi_Module_startup__F)
                  80351c40    00000140                 : BIOS.obj (.text:ti_sysbios_family_c66_Cache_Module_startup__F)
                  80351d80    00000140                 : BIOS.obj (.text:ti_sysbios_knl_Clock_Instance_finalize__F)
                  80351ec0    00000140                 : BIOS.obj (.text:ti_sysbios_knl_Semaphore_Instance_init__F)
                  80352000    00000140                 : BIOS.obj (.text:ti_sysbios_knl_Swi_post__E)
                  80352140    00000140                 : BIOS.obj (.text:ti_sysbios_knl_Task_blockI__E)
                  80352280    00000120     stk6_ppp_pppoe.ae66 : bind6.oe66 (.text:Bind6LifetimeMgmt)
                  803523a0    00000120                         : bind.oe66 (.text:BindFree)
                  803524c0    00000120     nettool.ae66 : config.oe66 (.text:CfgFree)
                  803525e0    00000120                  : daemon.oe66 (.text:DaemonFree)
                  80352700    00000120     stk6_ppp_pppoe.ae66 : file.oe66 (.text:FdWaitEvent)
                  80352820    00000120                         : igmp.oe66 (.text:IGMPLeaveHostGroup)
                  80352940    00000120                         : ip.oe66 (.text:IPMsg)
                  80352a60    00000120                         : ipin.oe66 (.text:IPRouteIP)
                  80352b80    00000120                         : ipv6_frag.oe66 (.text:IPv6CreateFragQ)
                  80352ca0    00000120                         : ipv6.oe66 (.text:IPv6Init)
                  80352dc0    00000120                         : icmpv6out.oe66 (.text:IsICMPv6ErrorPkt)
                  80352ee0    00000120                         : md5.oe66 (.text:MD5Update)
                  80353000    00000120                         : mld.oe66 (.text:MLDJoinGroup)
                  80353120    00000120     netctrl.ae66 : netctrl.oe66 (.text:NC_SystemOpen)
                  80353240    00000120     stk6_ppp_pppoe.ae66 : nimu.oe66 (.text:NIMUAddEthernetHeader)
                  80353360    00000120     ti.drv.qmss.ae66 : qmss_acc.oe66 (.text:Qmss_disableAccumulator)
                  80353480    00000120     stk6_ppp_pppoe.ae66 : raweth.oe66 (.text:RawEthRxPacket)
                  803535a0    00000120                         : raweth.oe66 (.text:RawEthTxPacket)
                  803536c0    00000120                         : sb.oe66 (.text:SBNew)
                  803537e0    00000120     netctrl.ae66 : netsrv.oe66 (.text:SPConfig)
                  80353900    00000120                  : netsrv.oe66 (.text:SPService)
                  80353a20    00000120     stk6_ppp_pppoe.ae66 : sock6.oe66 (.text:Sock6Disconnect)
                  80353b40    00000120                         : sock6.oe66 (.text:Sock6Shutdown)
                  80353c60    00000120                         : sockpcb.oe66 (.text:SockPcbFindRaw)
                  80353d80    00000120                         : sock.oe66 (.text:SockShutdown)
                  80353ea0    00000120                         : tcp6prot.oe66 (.text:TCP6PrAttach)
                  80353fc0    00000120                         : tcpprot.oe66 (.text:TcpPrAttach)
                  803540e0    00000120     nettool.ae66 : telnetd.oe66 (.text:TelnetOpen)
                  80354200    00000120     stk6_ppp_pppoe.ae66 : rtable.oe66 (.text:_RtNodeInsert)
                  80354320    00000120     rts6600_elf.lib : fclose.obj (.text:_closefile)
                  80354440    00000120                     : _printfi.obj (.text:_ltostr)
                  80354560    00000120     os.ae66 : mem.oe66 (.text:_mmInit)
                  80354680    00000120     nettool.ae66 : daemon.oe66 (.text:dchild)
                  803547a0    00000120     stk6_ppp_pppoe.ae66 : fileuser.oe66 (.text:fdOpenSession)
                  803548c0    00000120     rts6600_elf.lib : fseek.obj (.text:fseek)
                  803549e0    00000120     nettool.ae66 : http.oe66 (.text:httpOpen)
                  80354b00    00000120                  : httpsend.oe66 (.text:httpSendStatusLine)
                  80354c20    00000120     stk6_ppp_pppoe.ae66 : lcp.oe66 (.text:lcpOpen)
                  80354d40    00000120                         : lcp.oe66 (.text:lcpReject)
                  80354e60    00000120     sysbios.lib : BIOS.obj (.text:rtsUnlock$0)
                  80354f80    00000120     stk6_ppp_pppoe.ae66 : socket.oe66 (.text:socket)
                  803550a0    00000120     sysbios.lib : BIOS.obj (.text:ti_sysbios_knl_Mailbox_Module_startup__F)
                  803551c0    00000120     ti.targets.rts6000.ae66 : LoggerBuf.oe66 (.text:xdc_runtime_LoggerBuf_setFilterLevel__F)
                  803552e0    00000120                             : Text.oe66 (.text:xdc_runtime_Text_putLab__F)
                  80355400    00000100     nettool.ae66 : config.oe66 (.text:CfgNew)
                  80355500    00000100                  : config.oe66 (.text:CfgSetExecuteOrder)
                  80355600    00000100     rts6600_elf.lib : trgdrv.obj (.text:HOSTlseek)
                  80355700    00000100     stk6_ppp_pppoe.ae66 : igmp.oe66 (.text:IGMPTimer)
                  80355800    00000100                         : ipv6.oe66 (.text:IPv6GetSubnetMaskFromBits)
                  80355900    00000100                         : ipv6_frag.oe66 (.text:IPv6ReasmTimeout)
                  80355a00    00000100                         : rtc.oe66 (.text:RTCMsg)
                  80355b00    00000100                         : rawethsock.oe66 (.text:RawEthSockCheck)
                  80355c00    00000100                         : route.oe66 (.text:RtRedirect)
                  80355d00    00000100                         : sockint.oe66 (.text:SockValidateRoute)
                  80355e00    00000100     nettool.ae66 : dhcpsm.oe66 (.text:StateSelecting)
                  80355f00    00000100     stk6_ppp_pppoe.ae66 : tcp6prot.oe66 (.text:TCP6PrInherit)
                  80356000    00000100                         : tcp6time.oe66 (.text:TCP6XmitTimer)
                  80356100    00000100                         : tcpprot.oe66 (.text:TcpPrInherit)
                  80356200    00000100                         : tcptime.oe66 (.text:TcpXmitTimer)
                  80356300    00000100                         : rtable.oe66 (.text:_RtNodeRemove)
                  80356400    00000100     rts6600_elf.lib : _io_perm.obj (.text:_wrt_ok)
                  80356500    00000100     stk6_ppp_pppoe.ae66 : file.oe66 (.text:fdint_unlockfd)
                  80356600    00000100     sysbios.lib : BIOS.obj (.text:initDevice$44)
                  80356700    00000100     stk6_ppp_pppoe.ae66 : socket.oe66 (.text:listen)
                  80356800    00000100     os.ae66 : mem.oe66 (.text:mmFree)
                  80356900    00000100     stk6_ppp_pppoe.ae66 : nimuppp.oe66 (.text:pppAddClient)
                  80356a00    00000100     sysbios.lib : BIOS.obj (.text:ti_sysbios_family_c64p_EventCombiner_dispatch__F)
                  80356b00    00000100                 : BIOS.obj (.text:ti_sysbios_knl_Clock_startI__E)
                  80356c00    00000100                 : BIOS.obj (.text:ti_sysbios_knl_Mailbox_pend__E)
                  80356d00    00000100                 : BIOS.obj (.text:ti_sysbios_knl_Mailbox_post__E)
                  80356e00    00000100                 : BIOS.obj (.text:ti_sysbios_knl_Swi_restoreHwi__E)
                  80356f00    00000100     stk6_ppp_pppoe.ae66 : lliin.oe66 (.text:updateRtTable)
                  80357000    00000100     ti.targets.rts6000.ae66 : Core-mem.oe66 (.text:xdc_runtime_Core_deleteObject__I)
                  80357100    00000100                             : LoggerBuf.oe66 (.text:xdc_runtime_LoggerBuf_getFilterLevel__F)
                  80357200    00000100                             : Startup.oe66 (.text:xdc_runtime_Startup_exec__F)
                  80357300    00000100                             : Text.oe66 (.text:xdc_runtime_Text_putMod__F)
                  80357400    00000100                             : Text.oe66 (.text:xdc_runtime_Text_visitRope2__I)
                  80357500    000000e0     stk6_ppp_pppoe.ae66 : bind6.oe66 (.text:Bind6GetLinkLocalAddress)
                  803575e0    000000e0     nettool.ae66 : config.oe66 (.text:CfgGetEntryCnt)
                  803576c0    000000e0                  : dhcpmain.oe66 (.text:DHCPClose)
                  803577a0    000000e0     rts6600_elf.lib : trgdrv.obj (.text:HOSTopen)
                  80357880    000000e0     stk6_ppp_pppoe.ae66 : igmp.oe66 (.text:IGMPLeave)
                  80357960    000000e0                         : ipv6_frag.oe66 (.text:IPv6FindFragQ)
                  80357a40    000000e0                         : lli6.oe66 (.text:LLI6Msg)
                  80357b20    000000e0                         : lli6.oe66 (.text:LLI6Update)
                  80357c00    000000e0                         : mld.oe66 (.text:MLDFindMulticastNode)
                  80357ce0    000000e0                         : nimu.oe66 (.text:NIMUAllocateIndex)
                  80357dc0    000000e0                         : nimu.oe66 (.text:NIMUAllocateName)
                  80357ea0    000000e0                         : node.oe66 (.text:NodeDeRef)
                  80357f80    000000e0                         : node.oe66 (.text:NodeNew)
                  80358060    000000e0                         : node.oe66 (.text:NodeTreeNew)
                  80358140    000000e0                         : pbm.oe66 (.text:PBMQ_enq)
                  80358220    000000e0                         : pbm.oe66 (.text:PBM_copy)
                  80358300    000000e0                         : rawethsock.oe66 (.text:RawEthSockNotify)
                  803583e0    000000e0                         : rawethsock_pcb.oe66 (.text:RawEthSockPcbAttach)
                  803584c0    000000e0                         : rawethsock.oe66 (.text:RawEthSockSend)
                  803585a0    000000e0                         : route6.oe66 (.text:Route6Msg)
                  80358680    000000e0                         : route.oe66 (.text:RtDeRef)
                  80358760    000000e0                         : route.oe66 (.text:RtRemove)
                  80358840    000000e0                         : sb.oe66 (.text:SBSetMax)
                  80358920    000000e0                         : sock6int.oe66 (.text:Sock6SpawnAbort)
                  80358a00    000000e0                         : sock6int.oe66 (.text:Sock6ValidateRoute)
                  80358ae0    000000e0                         : sock.oe66 (.text:SockDisconnect)
                  80358bc0    000000e0                         : sockint.oe66 (.text:SockSpawnAbort)
                  80358ca0    000000e0                         : tcp6prot.oe66 (.text:TCP6PrDetach)
                  80358d80    000000e0                         : tcp6prot.oe66 (.text:TCP6PrDisconnect)
                  80358e60    000000e0                         : tcp6prot.oe66 (.text:TCP6ValidateMetrics)
                  80358f40    000000e0                         : tcpprot.oe66 (.text:TcpPrDetach)
                  80359020    000000e0                         : tcpprot.oe66 (.text:TcpPrDisconnect)
                  80359100    000000e0                         : tcpprot.oe66 (.text:TcpValidateMetrics)
                  803591e0    000000e0                         : timer.oe66 (.text:TimerListInsert)
                  803592c0    000000e0                         : udp.oe66 (.text:UdpChecksum)
                  803593a0    000000e0                         : vlan.oe66 (.text:VLANDeinit)
                  80359480    000000e0                         : vlan.oe66 (.text:VLANReceivePacket)
                  80359560    000000e0     nettool.ae66 : config.oe66 (.text:_CfgEntryScan)
                  80359640    000000e0     stk6_ppp_pppoe.ae66 : lli.oe66 (.text:_LLIExpListInsert)
                  80359720    000000e0                         : rtable.oe66 (.text:_RtExpListInsert)
                  80359800    000000e0     rts6600_elf.lib : divi.obj (.text:__divi)
                  803598e0    000000e0                     : _printfi.obj (.text:_div)
                  803599c0    000000e0                     : atoi.obj (.text:atoi)
                  80359aa0    000000e0                     : lowlev.obj (.text:close)
                  80359b80    000000e0                     : copy_zero_init.obj (.text:decompress:ZI:__TI_zero_init)
                  80359c60    000000e0     os.ae66 : efs.oe66 (.text:efs_internal_remove)
                  80359d40    000000e0     stk6_ppp_pppoe.ae66 : file.oe66 (.text:fdint_lockfd)
                  80359e20    000000e0     nettool.ae66 : httpclie.oe66 (.text:httpGetMimeBits)
                  80359f00    000000e0     os.ae66 : task.oe66 (.text:llExit)
                  80359fe0    000000e0     rts6600_elf.lib : ltoa.obj (.text:ltoa)
                  8035a0c0    000000e0                     : memset.obj (.text:memset)
                  8035a1a0    000000e0     os.ae66 : mem.oe66 (.text:mmBulkAlloc)
                  8035a280    000000e0     stk6_ppp_pppoe.ae66 : nimuppp.oe66 (.text:pppFree)
                  8035a360    000000e0     rts6600_elf.lib : printf.obj (.text:printf)
                  8035a440    000000e0     sysbios.lib : BIOS.obj (.text:ti_sysbios_family_c64p_Hwi_Instance_finalize__F)
                  8035a520    000000e0                 : BIOS.obj (.text:ti_sysbios_family_c64p_Hwi_Instance_init__F)
                  8035a600    000000e0     helloWorld_pe66.oe66 (.text:ti_sysbios_family_c64p_Hwi_Object__create__S)
                  8035a6e0    000000e0     helloWorld_pe66.oe66 (.text:ti_sysbios_hal_Hwi_Object__create__S)
                  8035a7c0    000000e0     sysbios.lib : BIOS.obj (.text:ti_sysbios_knl_Clock_start__E)
                  8035a8a0    000000e0                 : BIOS.obj (.text:ti_sysbios_timers_timer64_Timer_startup__E)
                  8035a980    000000e0     ti.targets.rts6000.ae66 : Error.oe66 (.text:xdc_runtime_Error_print__F)
                  8035aa60    000000e0                             : Memory.oe66 (.text:xdc_runtime_Memory_alloc__F)
                  8035ab40    000000c0     rts6600_elf.lib : trgdrv.obj (.text:HOSTread)
                  8035ac00    000000c0                     : trgdrv.obj (.text:HOSTunlink)
                  8035acc0    000000c0                     : trgdrv.obj (.text:HOSTwrite)
                  8035ad80    000000c0     stk6_ppp_pppoe.ae66 : icmpv6in.oe66 (.text:ICMPv6RecvDstUnreachable)
                  8035ae40    000000c0                         : icmpv6in.oe66 (.text:ICMPv6SocketErrorInterface)
                  8035af00    000000c0                         : ipv6.oe66 (.text:IPv6Layer4ComputeChecksum)
                  8035afc0    000000c0                         : lli.oe66 (.text:LLIGetValidTime)
                  8035b080    000000c0                         : lli.oe66 (.text:LLIMsg)
                  8035b140    000000c0                         : mld.oe66 (.text:MLDCreateMulticastNode)
                  8035b200    000000c0                         : mld.oe66 (.text:MLDLeaveGroup)
                  8035b2c0    000000c0                         : nimu.oe66 (.text:NIMUFindByName)
                  8035b380    000000c0     netctrl.ae66 : netsrv.oe66 (.text:NS_BootTask)
                  8035b440    000000c0     stk6_ppp_pppoe.ae66 : node.oe66 (.text:NodeUpdatePL)
                  8035b500    000000c0     nettool.ae66 : ipaddr.oe66 (.text:NtIfIdx2Ip)
                  8035b5c0    000000c0     ti.drv.qmss.ae66 : qmss_drv.oe66 (.text:Qmss_setEoiVector)
                  8035b680    000000c0     stk6_ppp_pppoe.ae66 : route6.oe66 (.text:Rt6FindDefaultRouter)
                  8035b740    000000c0                         : rtable.oe66 (.text:RtWalkBegin)
                  8035b800    000000c0                         : sb6.oe66 (.text:SB6Flush)
                  8035b8c0    000000c0                         : sb6.oe66 (.text:SB6SetMax)
                  8035b980    000000c0                         : sb.oe66 (.text:SBFlush)
                  8035ba40    000000c0                         : sock6.oe66 (.text:Sock6IntAbort)
                  8035bb00    000000c0                         : sock6pcb.oe66 (.text:Sock6PcbResolveChain)
                  8035bbc0    000000c0                         : sock6pcb.oe66 (.text:Sock6PcbRtChange)
                  8035bc80    000000c0                         : sock.oe66 (.text:SockIntAbort)
                  8035bd40    000000c0                         : sockpcb.oe66 (.text:SockPcbRtChange)
                  8035be00    000000c0                         : tcp6prot.oe66 (.text:TCP6Close)
                  8035bec0    000000c0                         : tcp6time.oe66 (.text:TCP6TimeoutSackRexmt)
                  8035bf80    000000c0     os.ae66 : task.oe66 (.text:TaskGetEnv)
                  8035c040    000000c0     stk6_ppp_pppoe.ae66 : tcp.oe66 (.text:TcpChecksum)
                  8035c100    000000c0                         : tcpprot.oe66 (.text:TcpClose)
                  8035c1c0    000000c0                         : tcptime.oe66 (.text:TcpTimeoutSackRexmt)
                  8035c280    000000c0                         : bind6.oe66 (.text:_Bind6FindByHostInList)
                  8035c340    000000c0                         : bind6.oe66 (.text:_Bind6FindByNetInList)
                  8035c400    000000c0     rts6600_elf.lib : dtor_list.obj (.text:_Z11__TI_atexitPFYvPvES_S_)
                  8035c4c0    000000c0                     : dtor_list.obj (.text:__cxa_finalize)
                  8035c580    000000c0                     : divu.obj (.text:__divu)
                  8035c640    000000c0                     : remi.obj (.text:__remi)
                  8035c700    000000c0                     : fflush.obj (.text:_doflush)
                  8035c7c0    000000c0     ti.drv.cppi.ae66 : cppi_listlib.oe66 (.text:cppi_list_remove_node)
                  8035c880    000000c0     nettool.ae66 : dhcptags.oe66 (.text:dhcpOptionsClear)
                  8035c940    000000c0     os.ae66 : efs.oe66 (.text:efs_fopen)
                  8035ca00    000000c0     rts6600_elf.lib : exit.obj (.text:exit)
                  8035cac0    000000c0     nettool.ae66 : httpsend.oe66 (.text:httpSendFullResponse)
                  8035cb80    000000c0     os.ae66 : mem.oe66 (.text:mmZeroInit)
                  8035cc40    000000c0     stk6_ppp_pppoe.ae66 : nimuppp.oe66 (.text:pppAddIP)
                  8035cd00    000000c0     sysbios.lib : BIOS.obj (.text:ti_sysbios_BIOS_errorRaiseHook__I)
                  8035cdc0    000000c0                 : BIOS.obj (.text:ti_sysbios_heaps_HeapMem_getStats__E)
                  8035ce80    000000c0                 : BIOS.obj (.text:ti_sysbios_knl_Clock_logTick__E)
                  8035cf40    000000c0     helloWorld_pe66.oe66 (.text:ti_sysbios_knl_Task_Object__create__S)
                  8035d000    000000c0     sysbios.lib : BIOS.obj (.text:ti_sysbios_timers_timer64_Timer_stop__E)
                  8035d0c0    000000c0     ti.targets.rts6000.ae66 : LoggerBuf.oe66 (.text:xdc_runtime_LoggerBuf_Instance_init__F)
                  8035d180    000000c0     helloWorld_pe66.oe66 (.text:xdc_runtime_LoggerBuf_Object__create__S)
                  8035d240    000000c0     ti.targets.rts6000.ae66 : System.oe66 (.text:xdc_runtime_System_formatNum__I)
                  8035d300    000000a0     nettool.ae66 : config.oe66 (.text:CfgEntryDeRef)
                  8035d3a0    000000a0                  : config.oe66 (.text:CfgEntryGetData)
                  8035d440    000000a0                  : config.oe66 (.text:CfgGetImmediate)
                  8035d4e0    000000a0                  : telnetd.oe66 (.text:CmdWriteBytes)
                  8035d580    000000a0                  : telnetd.oe66 (.text:CmdWriteCmd)
                  8035d620    000000a0     ti.drv.cppi.ae66 : cppi_drv.oe66 (.text:Cppi_channelEnable)
                  8035d6c0    000000a0     stk6_ppp_pppoe.ae66 : file.oe66 (.text:FdSignalEvent)
                  8035d760    000000a0     rts6600_elf.lib : trgdrv.obj (.text:HOSTclose)
                  8035d800    000000a0     stk6_ppp_pppoe.ae66 : ipfrag.oe66 (.text:IPReasmFree)
                  8035d8a0    000000a0                         : ipfrag.oe66 (.text:IPReasmTimeout)
                  8035d940    000000a0                         : ipv6.oe66 (.text:IPv6CompareAddress)
                  8035d9e0    000000a0                         : lliin.oe66 (.text:LLIValidateRoute)
                  8035da80    000000a0                         : md5.oe66 (.text:MD5Final)
                  8035db20    000000a0                         : nimu.oe66 (.text:NIMUShutdown)
                  8035dbc0    000000a0                         : nimu.oe66 (.text:NIMUUnregister)
                  8035dc60    000000a0     nettool.ae66 : ipaddr.oe66 (.text:NtAddNetwork)
                  8035dd00    000000a0     stk6_ppp_pppoe.ae66 : pbm.oe66 (.text:PBM_open)
                  8035dda0    000000a0                         : pipe.oe66 (.text:PipeCheck)
                  8035de40    000000a0     ti.drv.qmss.ae66 : qmss_drv.oe66 (.text:Qmss_queueClose)
                  8035dee0    000000a0                      : qmss_drv.oe66 (.text:Qmss_startCfg)
                  8035df80    000000a0     stk6_ppp_pppoe.ae66 : rtable.oe66 (.text:RouteMsg)
                  8035e020    000000a0                         : route.oe66 (.text:RtNew)
                  8035e0c0    000000a0                         : sb6.oe66 (.text:SB6Free)
                  8035e160    000000a0                         : sb.oe66 (.text:SBFree)
                  8035e200    000000a0     os.ae66 : semaphore.oe66 (.text:SemCreate)
                  8035e2a0    000000a0     stk6_ppp_pppoe.ae66 : sock6pcb.oe66 (.text:Sock6CleanPcb)
                  8035e340    000000a0                         : sock6.oe66 (.text:Sock6GetName)
                  8035e3e0    000000a0                         : sock.oe66 (.text:SockBind)
                  8035e480    000000a0                         : sockpcb.oe66 (.text:SockCleanPcb)
                  8035e520    000000a0                         : sockpcb.oe66 (.text:SockPcbResolveChain)
                  8035e5c0    000000a0                         : tcp6prot.oe66 (.text:TCP6Drop)
                  8035e660    000000a0                         : tcp6prot.oe66 (.text:TCP6PrCtlError)
                  8035e700    000000a0                         : tcp6prot.oe66 (.text:TCP6PrSend)
                  8035e7a0    000000a0                         : tcp6prot.oe66 (.text:TCP6PrSendOOB)
                  8035e840    000000a0     os.ae66 : task.oe66 (.text:TaskCreate)
                  8035e8e0    000000a0     stk6_ppp_pppoe.ae66 : tcpprot.oe66 (.text:TcpDrop)
                  8035e980    000000a0                         : tcpprot.oe66 (.text:TcpPrCtlError)
                  8035ea20    000000a0                         : tcpprot.oe66 (.text:TcpPrSend)
                  8035eac0    000000a0                         : tcpprot.oe66 (.text:TcpPrSendOOB)
                  8035eb60    000000a0                         : timer.oe66 (.text:TimerNew)
                  8035ec00    000000a0     nettool.ae66 : config.oe66 (.text:_CfgRelease)
                  8035eca0    000000a0     stk6_ppp_pppoe.ae66 : lli.oe66 (.text:_LLITimeoutFlush)
                  8035ed40    000000a0     rts6600_elf.lib : remu.obj (.text:__remu)
                  8035ede0    000000a0     boot.ae66 : boot.oe66 (.text:_c_int00)
                  8035ee80    000000a0     rts6600_elf.lib : fopen.obj (.text:_cleanup)
                  8035ef20    000000a0                     : _printfi.obj (.text:_ecpy)
                  8035efc0    000000a0                     : _printfi.obj (.text:_fcpy)
                  8035f060    000000a0                     : _printfi.obj (.text:_pconv_f)
                  8035f100    000000a0     sysbios.lib : c64p_Hwi_asm.obj (.text:_ti_sysbios_family_c64p_Hwi_plug__E)
                  8035f1a0    000000a0     stk6_ppp_pppoe.ae66 : auth.oe66 (.text:authStart)
                  8035f240    000000a0     ti.drv.cppi.ae66 : cppi_heap.oe66 (.text:cppi_internal_heap_malloc)
                  8035f2e0    000000a0                      : cppi_listlib.oe66 (.text:cppi_list_cat)
                  8035f380    000000a0     nettool.ae66 : dhcpbild.oe66 (.text:dhcpBuildDecline)
                  8035f420    000000a0                  : dhcpsm.oe66 (.text:dhcpIPRemove)
                  8035f4c0    000000a0     os.ae66 : efs.oe66 (.text:efs_filesend)
                  8035f560    000000a0     stk6_ppp_pppoe.ae66 : fileuser.oe66 (.text:fdCloseSession)
                  8035f600    000000a0     rts6600_elf.lib : lowlev.obj (.text:finddevice)
                  8035f6a0    000000a0     stk6_ppp_pppoe.ae66 : lcp.oe66 (.text:lcpInit)
                  8035f740    000000a0                         : lcp.oe66 (.text:lcpSendTerm)
                  8035f7e0    000000a0     hal_timer_bios.ae66 : lltimer.oe66 (.text:llTimerTick)
                  8035f880    000000a0     rts6600_elf.lib : lowlev.obj (.text:lseek)
                  8035f920    000000a0                     : memcpy64.obj (.text:memcpy)
                  8035f9c0    000000a0     os.ae66 : mem.oe66 (.text:mmBulkFree)
                  8035fa60    000000a0             : mem.oe66 (.text:mmInitPage)
                  8035fb00    000000a0     ti.drv.pa.ae66 : pa.oe66 (.text:pa_format_fcmd_header)
                  8035fba0    000000a0                    : pa.oe66 (.text:pa_pdsp_run)
                  8035fc40    000000a0     os.ae66 : ossys.oe66 (.text:stricmp)
                  8035fce0    000000a0     rts6600_elf.lib : strstr.obj (.text:strstr)
                  8035fd80    000000a0     sysbios.lib : BIOS.obj (.text:ti_sysbios_heaps_HeapMem_init__I)
                  8035fe20    000000a0     rts6600_elf.lib : lowlev.obj (.text:write)
                  8035fec0    000000a0     ti.targets.rts6000.ae66 : Assert.oe66 (.text:xdc_runtime_Assert_raise__I)
                  8035ff60    000000a0                             : LoggerBuf.oe66 (.text:xdc_runtime_LoggerBuf_Module_startup__F)
                  80360000    000000a0     helloWorld_pe66.oe66 (.text:xdc_runtime_LoggerBuf_write8__E)
                  803600a0    000000a0     ti.targets.rts6000.ae66 : SysMin.oe66 (.text:xdc_runtime_SysMin_abort__F)
                  80360140    000000a0                             : SysMin.oe66 (.text:xdc_runtime_SysMin_flush__F)
                  803601e0    000000a0                             : SysMin.oe66 (.text:xdc_runtime_SysMin_putch__F)
                  80360280    00000080     ti.drv.cppi.ae66 : cppi_drv.oe66 (.text:Cppi_setCpdmaLoopback)
                  80360300    00000080     stk6_ppp_pppoe.ae66 : md5.oe66 (.text:Decode)
                  80360380    00000080                         : icmp.oe66 (.text:ICMPChecksum)
                  80360400    00000080                         : icmpv6in.oe66 (.text:ICMPv6RecvParamProblem)
                  80360480    00000080                         : icmpv6_ndisc.oe66 (.text:ICMPv6RecvRS)
                  80360500    00000080                         : icmpv6in.oe66 (.text:ICMPv6RecvTimeExceeded)
                  80360580    00000080                         : ipv6out.oe66 (.text:IPv6GetRoute)
                  80360600    00000080                         : lli6.oe66 (.text:LLI6Free)
                  80360680    00000080                         : lli6.oe66 (.text:LLI6IsRouterStatMachine)
                  80360700    00000080     netctrl.ae66 : netctrl.oe66 (.text:NC_SystemClose)
                  80360780    00000080     stk6_ppp_pppoe.ae66 : nimu.oe66 (.text:NIMUInit)
                  80360800    00000080                         : pbm.oe66 (.text:PBMQ_deq)
                  80360880    00000080                         : nimuppp.oe66 (.text:PPPSend)
                  80360900    00000080     ti.drv.pa.ae66 : painit.oe66 (.text:Pa_getBufferReq)
                  80360980    00000080     stk6_ppp_pppoe.ae66 : pipe.oe66 (.text:PipeClose)
                  80360a00    00000080     ti.drv.qmss.ae66 : qmss_drv.oe66 (.text:Qmss_getMemRegQueueHandle)
                  80360a80    00000080                      : qmss_drv.oe66 (.text:Qmss_queueOpen)
                  80360b00    00000080     stk6_ppp_pppoe.ae66 : rawethsock.oe66 (.text:RawEthSockClose)
                  80360b80    00000080                         : rawethsock_pcb.oe66 (.text:RawEthSockPcbDetach)
                  80360c00    00000080                         : route6.oe66 (.text:Rt6Update)
                  80360c80    00000080                         : route.oe66 (.text:RtSetFailure)
                  80360d00    00000080                         : route.oe66 (.text:RtSetTimeout)
                  80360d80    00000080                         : sock6.oe66 (.text:Sock6Bind)
                  80360e00    00000080                         : sock6pcb.oe66 (.text:Sock6PcbCleanup)
                  80360e80    00000080                         : sock.oe66 (.text:SockGetName)
                  80360f00    00000080                         : sockpcb.oe66 (.text:SockPcbCleanup)
                  80360f80    00000080                         : sockpcb.oe66 (.text:SockPcbDetach)
                  80361000    00000080                         : tcp6prot.oe66 (.text:TCP6PrListen)
                  80361080    00000080     os.ae66 : task.oe66 (.text:TaskSetEnv)
                  80361100    00000080     stk6_ppp_pppoe.ae66 : tcpprot.oe66 (.text:TcpPrListen)
                  80361180    00000080                         : timer.oe66 (.text:TimerHSTick)
                  80361200    00000080                         : timer.oe66 (.text:TimerListRemove)
                  80361280    00000080     nettool.ae66 : config.oe66 (.text:_CfgAcquire)
                  80361300    00000080     stk6_ppp_pppoe.ae66 : lli.oe66 (.text:_LLIExpListRemove)
                  80361380    00000080                         : rtc.oe66 (.text:_RTCSendRtAdv)
                  80361400    00000080                         : rtable.oe66 (.text:_RtExpListRemove)
                  80361480    00000080     rts6600_elf.lib : fixdu.obj (.text:__c6xabi_fixdu)
                  80361500    00000080                     : fixfu.obj (.text:__c6xabi_fixfu)
                  80361580    00000080                     : llshift.obj (.text:__c6xabi_llshl)
                  80361600    00000080     sysbios.lib : c62_TaskSupport_asm.obj (.text:_ti_sysbios_family_c62_TaskSupport_swap__E)
                  80361680    00000080     ti.drv.cppi.ae66 : cppi_heap.oe66 (.text:cppi_internal_heap_cache_begin)
                  80361700    00000080                      : cppi_listlib.oe66 (.text:cppi_list_remove)
                  80361780    00000080     nettool.ae66 : dhcpsock.oe66 (.text:dhcpSocketClose)
                  80361800    00000080     os.ae66 : efs.oe66 (.text:efs_fclose)
                  80361880    00000080             : efs.oe66 (.text:efs_findfile)
                  80361900    00000080     stk6_ppp_pppoe.ae66 : file.oe66 (.text:fdint_waitevent)
                  80361980    00000080     nettool.ae66 : httpsend.oe66 (.text:httpSendEntityLength)
                  80361a00    00000080                  : httpsend.oe66 (.text:httpSendErrorResponse)
                  80361a80    00000080     hal_timer_bios.ae66 : lltimer.oe66 (.text:llTimerGetTime)
                  80361b00    00000080     helloWorld_pe66.oe66 (.text:malloc)
                  80361b80    00000080     ti.drv.pa.ae66 : pa.oe66 (.text:pa_uint8_match)
                  80361c00    00000080     rts6600_elf.lib : trgmsg.obj (.text:readmsg)
                  80361c80    00000080     nettool.ae66 : httpsend.oe66 (.text:strcat)
                  80361d00    00000080     rts6600_elf.lib : strncpy.obj (.text:strncpy)
                  80361d80    00000080     ti.drv.pa.ae66 : pa.oe66 (.text:swizFcmd)
                  80361e00    00000080     ti.platform.evm6678l.ae66 : evm66x_i2c.obj (.text)
                  80361e80    00000080     sysbios.lib : BIOS.obj (.text:ti_sysbios_family_c62_TaskSupport_start__E)
                  80361f00    00000080                 : BIOS.obj (.text:ti_sysbios_family_c64p_Exception_Module_startup__F)
                  80361f80    00000080                 : BIOS.obj (.text:ti_sysbios_family_c64p_Hwi_eventMap__E)
                  80362000    00000080                 : BIOS.obj (.text:ti_sysbios_family_c66_Cache_invL1pAll__E)
                  80362080    00000080                 : BIOS.obj (.text:ti_sysbios_family_c66_tci66xx_CpIntc_getEventId__F)
                  80362100    00000080                 : BIOS.obj (.text:ti_sysbios_family_c66_tci66xx_CpIntc_mapSysIntToHostInt__F)
                  80362180    00000080     helloWorld_pe66.oe66 (.text:ti_sysbios_gates_GateHwi_Object__create__S)
                  80362200    00000080     helloWorld_pe66.oe66 (.text:ti_sysbios_gates_GateMutex_Object__create__S)
                  80362280    00000080     sysbios.lib : BIOS.obj (.text:ti_sysbios_hal_Hwi_checkStack:ti_sysbios_hal_Hwi_checkStack)
                  80362300    00000080     helloWorld_pe66.oe66 (.text:ti_sysbios_heaps_HeapMem_Object__create__S)
                  80362380    00000080     sysbios.lib : BIOS.obj (.text:ti_sysbios_knl_Clock_Module_startup__F)
                  80362400    00000080     helloWorld_pe66.oe66 (.text:ti_sysbios_knl_Clock_Object__create__S)
                  80362480    00000080     sysbios.lib : BIOS.obj (.text:ti_sysbios_knl_Clock_getTicks__E)
                  80362500    00000080                 : BIOS.obj (.text:ti_sysbios_knl_Event_pendTimeout__I)
                  80362580    00000080                 : BIOS.obj (.text:ti_sysbios_knl_Idle_loop__E)
                  80362600    00000080     helloWorld_pe66.oe66 (.text:ti_sysbios_knl_Queue_Object__create__S)
                  80362680    00000080     helloWorld_pe66.oe66 (.text:ti_sysbios_knl_Semaphore_Object__create__S)
                  80362700    00000080     sysbios.lib : BIOS.obj (.text:ti_sysbios_knl_Semaphore_pendTimeout__I)
                  80362780    00000080                 : BIOS.obj (.text:ti_sysbios_knl_Swi_startup__E)
                  80362800    00000080                 : BIOS.obj (.text:ti_sysbios_knl_Task_deleteTerminatedTasksFunc__I)
                  80362880    00000080                 : BIOS.obj (.text:ti_sysbios_knl_Task_restore__E)
                  80362900    00000080                 : BIOS.obj (.text:ti_sysbios_timers_timer64_Timer_getCount__E)
                  80362980    00000080                 : BIOS.obj (.text:ti_sysbios_timers_timer64_Timer_getPeriod__E)
                  80362a00    00000080     rts6600_elf.lib : lowlev.obj (.text:unlink)
                  80362a80    00000080     ti.targets.rts6000.ae66 : Core-label.oe66 (.text:xdc_runtime_Core_assignLabel__I)
                  80362b00    00000080                             : Core-params.oe66 (.text:xdc_runtime_Core_assignParams__I)
                  80362b80    00000080                             : LoggerBuf.oe66 (.text:xdc_runtime_LoggerBuf_filterOutEvent__I)
                  80362c00    00000080                             : System.oe66 (.text:xdc_runtime_System_atexit__F)
                  80362c80    00000080                             : System.oe66 (.text:xdc_runtime_System_rtsExit__I)
                  80362d00    00000080                             : Text.oe66 (.text:xdc_runtime_Text_printVisFxn__I)
                  80362d80    00000080                             : Text.oe66 (.text:xdc_runtime_Text_xprintf__I)
                  80362e00    00000060     stk6_ppp_pppoe.ae66 : bind6.oe66 (.text:Bind6FindByIF)
                  80362e60    00000060                         : bind6.oe66 (.text:Bind6IF2IPHost)
                  80362ec0    00000060                         : bind.oe66 (.text:BindFindByHost)
                  80362f20    00000060                         : bind.oe66 (.text:BindFindByIF)
                  80362f80    00000060                         : bind.oe66 (.text:BindFindByNet)
                  80362fe0    00000060                         : bind.oe66 (.text:BindGetIFByDBCast)
                  80363040    00000060                         : bind.oe66 (.text:BindIF2IPHost)
                  803630a0    00000060     nettool.ae66 : config.oe66 (.text:CfgEntryInfo)
                  80363100    00000060                  : config.oe66 (.text:CfgSetService)
                  80363160    00000060     stk6_ppp_pppoe.ae66 : md5.oe66 (.text:Encode)
                  803631c0    00000060                         : exec.oe66 (.text:ExecBroadcast)
                  80363220    00000060                         : igmp.oe66 (.text:IGMPTestGroup)
                  80363280    00000060                         : ip.oe66 (.text:IPChecksum)
                  803632e0    00000060                         : lli.oe66 (.text:LLIFree)
                  80363340    00000060                         : nimu.oe66 (.text:NIMUAddHeader)
                  803633a0    00000060                         : nimu.oe66 (.text:NIMUCreatePacket)
                  80363400    00000060                         : nimu.oe66 (.text:NIMUFindByIndex)
                  80363460    00000060                         : nimu.oe66 (.text:NIMUPacketService)
                  803634c0    00000060                         : nimu.oe66 (.text:NIMUPacketServiceCheck)
                  80363520    00000060                         : nimu.oe66 (.text:NIMUSendPacket)
                  80363580    00000060     netctrl.ae66 : netsrv.oe66 (.text:NS_PreBoot)
                  803635e0    00000060     stk6_ppp_pppoe.ae66 : nimuppp.oe66 (.text:PPPStart)
                  80363640    00000060                         : rtc.oe66 (.text:RTCAddHook)
                  803636a0    00000060                         : rtc.oe66 (.text:RTCRemoveHook)
                  80363700    00000060                         : rawethsock_pcb.oe66 (.text:RawEthSockPcbCleanup)
                  80363760    00000060                         : rawethsock_pcb.oe66 (.text:RawEthSockPcbFind)
                  803637c0    00000060                         : route6.oe66 (.text:Rt6GetNetworkAddr)
                  80363820    00000060                         : rtable.oe66 (.text:RtWalkEnd)
                  80363880    00000060     netctrl.ae66 : netsrv.oe66 (.text:ServiceCallback)
                  803638e0    00000060     stk6_ppp_pppoe.ae66 : sock6pcb.oe66 (.text:Sock6PcbDetach)
                  80363940    00000060                         : sock6prot.oe66 (.text:Sock6PrCtlError)
                  803639a0    00000060                         : sock6prot.oe66 (.text:Sock6PrDetach)
                  80363a00    00000060                         : sockprot.oe66 (.text:SockPrCtlError)
                  80363a60    00000060                         : sockprot.oe66 (.text:SockPrDetach)
                  80363ac0    00000060                         : tcp6prot.oe66 (.text:TCP6PrConnect)
                  80363b20    00000060                         : tcp6time.oe66 (.text:TCP6SetPersist)
                  80363b80    00000060                         : tcp6time.oe66 (.text:TCP6TimeoutPersist)
                  80363be0    00000060                         : tcpprot.oe66 (.text:TcpPrConnect)
                  80363c40    00000060                         : tcptime.oe66 (.text:TcpSetPersist)
                  80363ca0    00000060                         : tcptime.oe66 (.text:TcpTimeoutPersist)
                  80363d00    00000060                         : vlan.oe66 (.text:VLANFindNode)
                  80363d60    00000060                         : vlan.oe66 (.text:VLANFindSourceInterface)
                  80363dc0    00000060                         : vlan.oe66 (.text:VLANInit)
                  80363e20    00000060     nettool.ae66 : config.oe66 (.text:_CfgEntryProcess)
                  80363e80    00000060     rts6600_elf.lib : frcmpyd_div.obj (.text:__c6xabi_frcmpyd_div)
                  80363ee0    00000060                     : llshift.obj (.text:__c6xabi_llshru)
                  80363f40    00000060                     : imath64.obj (.text:_subcull)
                  80363fa0    00000060     ti.drv.cppi.ae66 : cppi_listlib.oe66 (.text:cppi_list_add)
                  80364000    00000060                      : cppi_listlib.oe66 (.text:cppi_list_cache_invalidate)
                  80364060    00000060     nettool.ae66 : dhcpbild.oe66 (.text:dhcpBuildDiscover)
                  803640c0    00000060                  : dhcpsock.oe66 (.text:dhcpPacketReceive)
                  80364120    00000060                  : dhcpsock.oe66 (.text:dhcpPacketSend)
                  80364180    00000060     stk6_ppp_pppoe.ae66 : fileuser.oe66 (.text:fdSelectAbort)
                  803641e0    00000060                         : file.oe66 (.text:fdint_clearevent)
                  80364240    00000060                         : file.oe66 (.text:fdint_getfdt)
                  803642a0    00000060                         : file.oe66 (.text:fdint_setevent)
                  80364300    00000060                         : fileuser.oe66 (.text:fdsetTestEntry)
                  80364360    00000060     nettool.ae66 : httpsend.oe66 (.text:httpSendClientStr)
                  803643c0    00000060     stk6_ppp_pppoe.ae66 : ipcp.oe66 (.text:ipcpInit)
                  80364420    00000060                         : ipcp.oe66 (.text:ipcpStart)
                  80364480    00000060                         : lcp.oe66 (.text:lcpClose)
                  803644e0    00000060                         : listlib.oe66 (.text:list_cat)
                  80364540    00000060                         : listlib.oe66 (.text:list_remove_node)
                  803645a0    00000060     rts6600_elf.lib : memccpy.obj (.text:memccpy)
                  80364600    00000060     os.ae66 : mem.oe66 (.text:mmUnInitPage)
                  80364660    00000060     ti.drv.pa.ae66 : painit.oe66 (.text:pa_init_global_cfg)
                  803646c0    00000060                    : pa.oe66 (.text:pa_uint8_zero)
                  80364720    00000060     stk6_ppp_pppoe.ae66 : nimupppoe.oe66 (.text:pppoeInput)
[...]
80384774   ti_sysbios_family_c64p_Hwi_Module__diagsEnabled__C
80384778   ti_sysbios_family_c66_tci66xx_CpIntc_hostIntToEventId_7__A
80384792   ti_sysbios_knl_Swi_Module__id__C
80384794   ti_sysbios_family_c64p_Hwi_Module__diagsIncluded__C
803847f8   ti_sysbios_gates_GateHwi_Object__PARAMS__C
80384810   ti_sysbios_gates_GateMutex_Object__PARAMS__C
80384828   ti_sysbios_knl_Queue_Object__PARAMS__C
8038486e   ti_sysbios_knl_Swi_Module__loggerDefined__C
80384884   ti_sysbios_family_c64p_Hwi_Module__diagsMask__C
803848e2   ti_sysbios_knl_Task_Module__id__C
803848e4   ti_sysbios_family_c64p_Hwi_Module__loggerFxn1__C
803848e8   paMemAligns
803848f8   ti_sysbios_family_c64p_EventCombiner_EVTMASK__C
80384930   ti_sysbios_family_c66_Cache_initSize__C
80384952   ti_sysbios_knl_Task_Module__loggerDefined__C
80384954   ti_sysbios_family_c64p_Hwi_Module__loggerFxn8__C
80384962   ti_sysbios_knl_Task_deleteTerminatedTasks__C
80384964   ti_sysbios_family_c64p_Hwi_Module__loggerObj__C
80384978   ti_sysbios_knl_Idle_funcList__A
80384980   ti_sysbios_knl_Idle_funcList__C
80384988   ti_sysbios_knl_Task_hooks__C
80384990   xdc_runtime_Startup_firstFxns__A
80384998   xdc_runtime_Startup_firstFxns__C
803849a0   xdc_runtime_Startup_lastFxns__A
803849a8   xdc_runtime_Startup_lastFxns__C
803849b6   ti_sysbios_knl_Task_initStackFlag__C
803849be   ti_sysbios_timers_timer64_Timer_Module__id__C
803849c6   ti_sysbios_timers_timer64_Timer_startupNeeded__C
803849ce   xdc_runtime_Core_Module__id__C
803849d0   ti_sysbios_family_c66_Cache_atomicBlockSize__C
803849d4   ti_sysbios_family_c66_tci66xx_CpIntc_E_unpluggedSysInt__C
803849d8   ti_sysbios_family_c66_tci66xx_CpIntc_eventId__C
803849dc   ti_sysbios_family_c66_tci66xx_CpIntc_hostIntToEventId__C
803849e0   ti_sysbios_family_c66_tci66xx_CpIntc_numEvents__C
803849e4   ti_sysbios_family_c66_tci66xx_CpIntc_numStatusRegs__C
803849e8   ti_sysbios_family_c66_tci66xx_CpIntc_numSysInts__C
803849ec   ti_sysbios_family_c66_tci66xx_CpIntc_sysIntToHostInt__C
803849f0   ti_sysbios_gates_GateMutex_A_badContext__C
803849f4   ti_sysbios_gates_GateMutex_Instance_State_sem__O
803849f8   ti_sysbios_gates_GateMutex_Module__diagsEnabled__C
803849fc   ti_sysbios_gates_GateMutex_Module__diagsIncluded__C
80384a00   ti_sysbios_gates_GateMutex_Module__diagsMask__C
80384a04   ti_sysbios_hal_Hwi_E_stackOverflow__C
80384a08   ti_sysbios_heaps_HeapBuf_Instance_State_freeList__O
80384a0c   ti_sysbios_heaps_HeapBuf_Object__count__C
80384a10   ti_sysbios_heaps_HeapBuf_Object__table__C
80384a14   ti_sysbios_heaps_HeapBuf_numConstructedHeaps__C
80384a18   ti_sysbios_heaps_HeapMem_A_align__C
80384a1c   ti_sysbios_heaps_HeapMem_A_heapSize__C
80384a20   ti_sysbios_heaps_HeapMem_A_invalidFree__C
80384a24   ti_sysbios_heaps_HeapMem_A_zeroBlock__C
80384a28   ti_sysbios_heaps_HeapMem_E_memory__C
80384a2c   ti_sysbios_heaps_HeapMem_Module__diagsEnabled__C
80384a30   ti_sysbios_heaps_HeapMem_Module__diagsIncluded__C
80384a34   ti_sysbios_heaps_HeapMem_Module__diagsMask__C
80384a38   ti_sysbios_heaps_HeapMem_Module__gateObj__C
80384a3c   ti_sysbios_heaps_HeapMem_Object__count__C
80384a40   ti_sysbios_heaps_HeapMem_Object__table__C
80384a44   ti_sysbios_heaps_HeapMem_reqAlignMask__C
80384a48   ti_sysbios_heaps_HeapMem_reqAlign__C
80384a4c   ti_sysbios_knl_Clock_A_badThreadType__C
80384a50   ti_sysbios_knl_Clock_LM_begin__C
80384a54   ti_sysbios_knl_Clock_LM_tick__C
80384a58   ti_sysbios_knl_Clock_LW_delayed__C
80384a5c   ti_sysbios_knl_Clock_Module_State_clockQ__O
80384a60   ti_sysbios_knl_Clock_Module__diagsEnabled__C
80384a64   ti_sysbios_knl_Clock_Module__diagsIncluded__C
80384a68   ti_sysbios_knl_Clock_Module__diagsMask__C
80384a6c   ti_sysbios_knl_Clock_Module__loggerFxn1__C
80384a70   ti_sysbios_knl_Clock_Module__loggerFxn2__C
80384a74   ti_sysbios_knl_Clock_Module__loggerObj__C
80384a78   ti_sysbios_knl_Clock_tickMode__C
80384a7c   ti_sysbios_knl_Clock_tickSource__C
80384a80   ti_sysbios_knl_Event_A_badContext__C
80384a84   ti_sysbios_knl_Event_A_eventInUse__C
80384a88   ti_sysbios_knl_Event_A_nullEventId__C
80384a8c   ti_sysbios_knl_Event_A_nullEventMasks__C
80384a90   ti_sysbios_knl_Event_Instance_State_pendQ__O
80384a94   ti_sysbios_knl_Event_LM_pend__C
80384a98   ti_sysbios_knl_Event_LM_post__C
80384a9c   ti_sysbios_knl_Event_Module__diagsEnabled__C
80384aa0   ti_sysbios_knl_Event_Module__diagsIncluded__C
80384aa4   ti_sysbios_knl_Event_Module__diagsMask__C
80384aa8   ti_sysbios_knl_Event_Module__loggerFxn4__C
80384aac   ti_sysbios_knl_Event_Module__loggerFxn8__C
80384ab0   ti_sysbios_knl_Event_Module__loggerObj__C
80384ab4   ti_sysbios_knl_Mailbox_Instance_State_dataQue__O
80384ab8   ti_sysbios_knl_Mailbox_Instance_State_dataSem__O
80384abc   ti_sysbios_knl_Mailbox_Instance_State_freeQue__O
80384ac0   ti_sysbios_knl_Mailbox_Instance_State_freeSem__O
80384ac4   ti_sysbios_knl_Mailbox_Object__count__C
80384ac8   ti_sysbios_knl_Mailbox_Object__table__C
80384acc   ti_sysbios_knl_Queue_Object__count__C
80384ad0   ti_sysbios_knl_Queue_Object__table__C
80384ad4   ti_sysbios_knl_Semaphore_A_badContext__C
80384ad8   ti_sysbios_knl_Semaphore_A_noEvents__C
80384adc   ti_sysbios_knl_Semaphore_A_overflow__C
80384ae0   ti_sysbios_knl_Semaphore_Instance_State_pendQ__O
80384ae4   ti_sysbios_knl_Semaphore_LM_pend__C
80384ae8   ti_sysbios_knl_Semaphore_LM_post__C
80384aec   ti_sysbios_knl_Semaphore_Module__diagsEnabled__C
80384af0   ti_sysbios_knl_Semaphore_Module__diagsIncluded__C
80384af4   ti_sysbios_knl_Semaphore_Module__diagsMask__C
80384af8   ti_sysbios_knl_Semaphore_Module__loggerFxn2__C
80384afc   ti_sysbios_knl_Semaphore_Module__loggerFxn4__C
80384b00   ti_sysbios_knl_Semaphore_Module__loggerObj__C
80384b04   ti_sysbios_knl_Swi_LD_end__C
80384b08   ti_sysbios_knl_Swi_LM_begin__C
80384b0c   ti_sysbios_knl_Swi_LM_post__C
80384b10   ti_sysbios_knl_Swi_Module__diagsEnabled__C
80384b14   ti_sysbios_knl_Swi_Module__diagsIncluded__C
80384b18   ti_sysbios_knl_Swi_Module__diagsMask__C
80384b1c   ti_sysbios_knl_Swi_Module__loggerFxn1__C
80384b20   ti_sysbios_knl_Swi_Module__loggerFxn4__C
80384b24   ti_sysbios_knl_Swi_Module__loggerObj__C
80384b28   ti_sysbios_knl_Swi_Object__count__C
80384b2c   ti_sysbios_knl_Swi_Object__table__C
80384b30   ti_sysbios_knl_Task_A_badPriority__C
80384b34   ti_sysbios_knl_Task_A_badTaskState__C
80384b38   ti_sysbios_knl_Task_A_badThreadType__C
80384b3c   ti_sysbios_knl_Task_A_badTimeout__C
80384b40   ti_sysbios_knl_Task_A_noPendElem__C
80384b44   ti_sysbios_knl_Task_E_spOutOfBounds__C
80384b48   ti_sysbios_knl_Task_E_stackOverflow__C
80384b4c   ti_sysbios_knl_Task_LD_block__C
80384b50   ti_sysbios_knl_Task_LD_exit__C
80384b54   ti_sysbios_knl_Task_LD_ready__C
80384b58   ti_sysbios_knl_Task_LM_setPri__C
80384b5c   ti_sysbios_knl_Task_LM_sleep__C
80384b60   ti_sysbios_knl_Task_LM_switch__C
80384b64   ti_sysbios_knl_Task_Module_State_inactiveQ__O
80384b68   ti_sysbios_knl_Task_Module_State_terminatedQ__O
80384b6c   ti_sysbios_knl_Task_Module__diagsEnabled__C
80384b70   ti_sysbios_knl_Task_Module__diagsIncluded__C
80384b74   ti_sysbios_knl_Task_Module__diagsMask__C
80384b78   ti_sysbios_knl_Task_Module__loggerFxn2__C
80384b7c   ti_sysbios_knl_Task_Module__loggerFxn4__C
80384b80   ti_sysbios_knl_Task_Module__loggerObj__C
80384b84   ti_sysbios_knl_Task_Object__count__C
80384b88   ti_sysbios_knl_Task_Object__heap__C
80384b8c   ti_sysbios_knl_Task_Object__table__C
80384b90   ti_sysbios_knl_Task_allBlockedFunc__C
80384b94   ti_sysbios_knl_Task_defaultStackHeap__C
80384b98   ti_sysbios_knl_Task_defaultStackSize__C
80384b9c   ti_sysbios_knl_Task_numConstructedTasks__C
80384ba0   ti_sysbios_knl_Task_numPriorities__C
80384ba4   ti_sysbios_timers_timer64_Timer_A_notAvailable__C
80384ba8   ti_sysbios_timers_timer64_Timer_E_cannotSupport__C
80384bac   ti_sysbios_timers_timer64_Timer_Module__diagsEnabled__C
80384bb0   ti_sysbios_timers_timer64_Timer_Module__diagsIncluded__C
80384bb4   ti_sysbios_timers_timer64_Timer_Module__diagsMask__C
80384bb8   ti_sysbios_timers_timer64_Timer_anyMask__C
80384bbc   ti_sysbios_timers_timer64_Timer_freqDivisor__C
80384bc0   ti_sysbios_timers_timer64_Timer_numLocalTimers__C
80384bc4   ti_sysbios_timers_timer64_Timer_numTimerDevices__C
80384bc8   xdc_runtime_Assert_E_assertFailed__C
80384bcc   xdc_runtime_Core_A_initializedParams__C
80384bd0   xdc_runtime_Core_Module__diagsEnabled__C
80384bd4   xdc_runtime_Core_Module__diagsIncluded__C
80384bd8   xdc_runtime_Core_Module__diagsMask__C
80384bdc   xdc_runtime_Error_E_generic__C
80384be0   xdc_runtime_Error_E_memory__C
80384be4   xdc_runtime_Error_Module__diagsEnabled__C
80384be8   xdc_runtime_Error_Module__diagsIncluded__C
80384bec   xdc_runtime_Error_Module__diagsMask__C
80384bf0   xdc_runtime_Error_Module__loggerFxn8__C
80384bf4   xdc_runtime_Error_Module__loggerObj__C
80384bf8   xdc_runtime_Error_policy__C
80384bfc   xdc_runtime_Error_raiseHook__C
80384c00   xdc_runtime_IFilterLogger_Interface__BASE__C
80384c04   xdc_runtime_IGateProvider_Interface__BASE__C
80384c08   xdc_runtime_IHeap_Interface__BASE__C
80384c0c   xdc_runtime_ILogger_Interface__BASE__C
80384c10   xdc_runtime_IModule_Interface__BASE__C
80384c14   xdc_runtime_Log_L_error__C
80384c18   xdc_runtime_LoggerBuf_E_badLevel__C
80384c1c   xdc_runtime_LoggerBuf_Module__gateObj__C
80384c20   xdc_runtime_LoggerBuf_Object__count__C
80384c24   xdc_runtime_LoggerBuf_Object__table__C
80384c28   xdc_runtime_LoggerBuf_statusLogger__C
80384c2c   xdc_runtime_Memory_defaultHeapInstance__C
80384c30   xdc_runtime_Startup_execImpl__C
80384c34   xdc_runtime_Startup_maxPasses__C
80384c38   xdc_runtime_Startup_sfxnRts__C
80384c3c   xdc_runtime_Startup_sfxnTab__C
80384c40   xdc_runtime_Startup_startModsFxn__C
80384c44   xdc_runtime_SysMin_bufSize__C
80384c48   xdc_runtime_SysMin_outputFunc__C
80384c4c   xdc_runtime_System_Module__gateObj__C
80384c50   xdc_runtime_System_extendFxn__C
80384c54   xdc_runtime_System_maxAtexitHandlers__C
80384c58   xdc_runtime_Text_charTab__C
80384c5c   xdc_runtime_Text_nameEmpty__C
80384c60   xdc_runtime_Text_nameStatic__C
80384c64   xdc_runtime_Text_nameUnknown__C
80384c68   xdc_runtime_Text_nodeTab__C
80384c6c   xdc_runtime_Text_visitRopeFxn__C
80384c72   xdc_runtime_Error_Module__loggerDefined__C
80384c74   xdc_runtime_Error_maxDepth__C
80384c76   xdc_runtime_LoggerBuf_Module__id__C
80384c78   xdc_runtime_LoggerBuf_filterByLevel__C
80384c7a   xdc_runtime_Memory_Module__id__C
80384c7c   xdc_runtime_SysMin_flushAtExit__C
80384c7e   xdc_runtime_Text_charCnt__C
80384c80   xdc_runtime_Text_isLoaded__C
80384c82   xdc_runtime_Text_registryModsLastId__C
80384c84   xdc_runtime_Text_unnamedModsLastId__C
80384c90   ti_sysbios_knl_Mailbox_Object__table__V
80384ce8   Peri_MPU_err_type_str
80384d00   queueFree
80386d00   qmssGObj
80387100   ti_sysbios_BIOS_Module__state__V
8038711c   ti_sysbios_family_c64p_EventCombiner_Module__state__V
8038751c   ti_sysbios_family_c64p_Exception_Module__state__V
80387548   ti_sysbios_family_c64p_Hwi_Module__root__V
80387550   ti_sysbios_family_c64p_Hwi_Module__state__V
803875b8   ti_sysbios_family_c66_tci66xx_CpIntc_Module__state__V
803875c8   ti_sysbios_gates_GateHwi_Module__root__V
803875d0   ti_sysbios_gates_GateMutex_Module__root__V
803875d8   ti_sysbios_hal_Hwi_Module__root__V
803875e0   ti_sysbios_hal_Timer_Module__root__V
803875e8   ti_sysbios_heaps_HeapBuf_Module__root__V
803875f0   ti_sysbios_heaps_HeapBuf_Module__state__V
803875f4   ti_sysbios_heaps_HeapMem_Module__root__V
803875fc   ti_sysbios_knl_Clock_Module__root__V
80387604   ti_sysbios_knl_Clock_Module__state__V
80387630   ti_sysbios_knl_Event_Module__root__V
80387638   ti_sysbios_knl_Mailbox_Module__root__V
80387640   ti_sysbios_knl_Queue_Module__root__V
80387648   ti_sysbios_knl_Semaphore_Module__root__V
80387650   ti_sysbios_knl_Swi_Module__root__V
80387658   ti_sysbios_knl_Swi_Module__state__V
80387674   ti_sysbios_knl_Task_Module__root__V
8038767c   ti_sysbios_knl_Task_Module__state__V
803876b0   ti_sysbios_timers_timer64_Timer_Module__root__V
803876b8   ti_sysbios_timers_timer64_Timer_Module__state__V
803876cc   xdc_runtime_Error_Module__state__V
803876d0   xdc_runtime_LoggerBuf_Module__root__V
803876d8   xdc_runtime_LoggerBuf_Module__state__V
803876e0   xdc_runtime_Memory_Module__state__V
803876e4   xdc_runtime_Registry_Module__state__V
803876ec   xdc_runtime_Startup_Module__state__V
803876f4   xdc_runtime_SysMin_Module__state__V
80387700   xdc_runtime_System_Module__state__V
8038770c   xdc_runtime_Text_Module__state__V
80387714   __xdc__init__addr
80387718   ti_sysbios_family_c66_tci66xx_CpIntc_Module_State_0_dispatchTab__A
80387c18   _ftable
80387df8   ti_sysbios_timers_timer64_Timer_Module_State_0_device__A
80387f78   ti_sysbios_knl_Task_Object__table__V
80388098   TSK_idle
803880e0   qmssGblCfgParams
80388200   _ipcfg
803882b4   _ft_end
80388358   ti_sysbios_timers_timer64_Timer_Object__table__V
803883f0   ti_sysbios_family_c64p_Hwi_Object__table__V
80388480   ti_sysbios_knl_Swi_Module_State_0_readyQ__A
80388500   ti_sysbios_knl_Task_Module_State_0_readyQ__A
80388580   ti_sysbios_timers_timer64_Timer_Module_State_0_gctrl__A
80388600   ti_sysbios_timers_timer64_Timer_Module_State_0_handles__A
80388680   ti_sysbios_timers_timer64_Timer_Module_State_0_intFreqs__A
80388778   cppiGblCfgParams
80388890   ti_sysbios_family_c66_tci66xx_CpIntc_Module_State_0_hostIntToSysInt__A
803889e0   gstruMpuAddrRange
80388a20   ti_sysbios_gates_GateMutex_Object__table__V
80388a94   _cleanup_ptr
80388a98   _dtors_ptr
80388a9c   __TI_enable_exit_profile_output
80388ad4   ADS1298DataFormat
80388af0   ADS1298TransferParam
80388b04   cppiLObj
80388b08   ti_sysbios_knl_Swi_Object__table__V
80388b38   gpEDMA_TC_regs
80388b60   gpTimerRegs
80388b84   paLObj
80388b88   internal_exception_str
80388bac   _oscfg
80388bd0   xdc_runtime_LoggerBuf_Object__table__V
80388bf8   Qmss_highEoiVector
80388c18   bus_err_stat_str
80388c38   gCIC_EXC_EN_MASK
80388c58   gpMPU_regs
80388c78   NIMUDeviceTable
80388c80   pstrMsgName
80388ca0   xdc_runtime_System_Module_State_0_atexitHandlers__A
80388cd8   ti_sysbios_knl_Semaphore_Object__table__V
80388d38   Ns_str
80388d58   ti_sysbios_family_c66_tci66xx_CpIntc_Module_State_0_initSIER__A
80388d70   ti_sysbios_heaps_HeapMem_Object__table__V
80388d88   uart_err_str
80388da0   Qmss_lowEoiVector
80388db0   spi_int_str
80388dc0   ti_sysbios_family_c66_tci66xx_CpIntc_Module_State_0_controller__A
80388dd0   ti_sysbios_hal_Hwi_Object__table__V
80388de0   ti_sysbios_hal_Timer_Object__table__V
80388df0   gpEDMA_CC_regs
80388e00   ti_sysbios_knl_Event_Object__table__V
80388e2c   _lock
80388e30   _unlock
80388e38   gpUartRegs
80388e48   ti_sysbios_gates_GateHwi_Object__table__V
80388e58   Qmss_cdmaEoiVector
80388eb8   gDeviceNandBBlist
8038a0e4   gDeviceNand
8038a11c   gDeviceNor
8038a154   gDeviceEeprom0
8038a18c   gDeviceEeprom1
8038a1c8   emac_port_mode
8038a400   ti_sysbios_family_c64p_Hwi0
8038a420   ti_sysbios_family_c64p_Hwi1
8038a440   ti_sysbios_family_c64p_Hwi2
8038a460   ti_sysbios_family_c64p_Hwi3
8038a480   ti_sysbios_family_c64p_Hwi4
8038a4a0   ti_sysbios_family_c64p_Hwi5
8038a4c0   ti_sysbios_family_c64p_Hwi6
8038a4e0   ti_sysbios_family_c64p_Hwi7
8038a500   ti_sysbios_family_c64p_Hwi8
8038a520   ti_sysbios_family_c64p_Hwi9
8038a540   ti_sysbios_family_c64p_Hwi10
8038a560   ti_sysbios_family_c64p_Hwi11
8038a580   ti_sysbios_family_c64p_Hwi12
8038a5a0   ti_sysbios_family_c64p_Hwi13
8038a5c0   ti_sysbios_family_c64p_Hwi14
8038a5e0   ti_sysbios_family_c64p_Hwi15
8038a78c   __TI_STATIC_BASE
8038a7a4   _IGMPInDiscard
8038a7a8   _IGMPInQuery
8038a7ac   _IGMPInQueryGroup
8038a7b0   _IGMPInResponse
8038a7b4   _IGMPOutResponse
8038a7b8   gTxCmdReturnQHnd
8038a7bc   gTxCmdFreeQHnd
8038a7c0   ethSemHandle
8038a7e4   tskADS1298Init
8038a7fc   gpXMC_regs
8038a800   gpCGEM_regs
8038a804   gpBootCfgRegs
8038a808   gpPLLC_regs
8038a80c   gpPSC_regs
8038a810   gpMSMC_regs
8038a814   gpGPIO_regs
8038a818   gpCIC0_regs
8038a81c   gpCIC1_regs
8038a820   gpCIC_regs
8038a824   gpEDMA_CC0_regs
8038a828   gpEDMA_CC1_regs
8038a82c   gpEDMA_CC2_regs
8038a830   gpEDMA_TC_0_0_regs
8038a834   gpEDMA_TC_0_1_regs
8038a838   gpEDMA_TC_1_0_regs
8038a83c   gpEDMA_TC_1_1_regs
8038a840   gpEDMA_TC_1_2_regs
8038a844   gpEDMA_TC_1_3_regs
8038a848   gpEDMA_TC_2_0_regs
8038a84c   gpEDMA_TC_2_1_regs
8038a850   gpEDMA_TC_2_2_regs
8038a854   gpEDMA_TC_2_3_regs
8038a858   gpTimer0Regs
8038a85c   gpTimer1Regs
8038a860   gpTimer2Regs
8038a864   gpTimer3Regs
8038a868   gpTimer4Regs
8038a86c   gpTimer5Regs
8038a870   gpTimer6Regs
8038a874   gpTimer7Regs
8038a878   gpTimer8Regs
8038a87c   gpMPU0_regs
8038a880   gpMPU1_regs
8038a884   gpMPU2_regs
8038a888   gpMPU3_regs
8038a88c   gpDDR_regs
8038a890   gDSP_Core_Speed_Hz
8038a894   cycle_measure_overhead
8038a898   uiLL2_scrub_addr
8038a89c   LL2_EDC_victim_err_str
8038a8a0   LL2_EDC_DMA_err_str
8038a8a4   LL2_EDC_L1D_err_str
8038a8a8   LL2_EDC_L1P_err_str
8038a8ac   guwIntcCICExcEvtIdx
8038a8b0   gCIC_EXC_out_num
8038a8b4   CONTENT_TYPE_APPLET
8038a8b8   CONTENT_TYPE_AU
8038a8bc   CONTENT_TYPE_CSS
8038a8c0   CONTENT_TYPE_DOC
8038a8c4   CONTENT_TYPE_GIF
8038a8c8   CONTENT_TYPE_HTML
8038a8cc   CONTENT_TYPE_JPG
8038a8d0   CONTENT_TYPE_MPEG
8038a8d4   CONTENT_TYPE_PDF
8038a8d8   CONTENT_TYPE_WAV
8038a8dc   CONTENT_TYPE_ZIP
8038a8e0   CONTENT_TYPE
8038a8e4   CONTENT_LENGTH
8038a8e8   CRLF
8038a8ec   DEFAULT_NAME
8038a8f0   HTTP_VER
8038a8f4   SPACE
8038a8f8   WAKEUP
8038a8f9   STANDBY
8038a8fa   RESET
8038a8fb   START
8038a8fc   STOP
8038a8fd   RDATAC
8038a8fe   SDATAC
8038a8ff   RDATA
8038a900   RREG
8038a901   WREG
8038a902   ID
8038a903   CONFIG1
8038a904   CONFIG2
8038a905   CONFIG3
8038a906   LOFF
8038a907   CH1SET
8038a908   CH2SET
8038a909   CH3SET
8038a90a   CH4SET
8038a90b   CH5SET
8038a90c   CH6SET
8038a90d   CH7SET
8038a90e   CH8SET
8038a90f   RLD_SENSP
8038a910   RLD_SENSN
8038a911   LOFF_SENSP
8038a912   LOFF_SENSN
8038a913   LOFF_FLIP
8038a914   LOFF_STATP
8038a915   LOFF_STATN
8038a916   GPIO
8038a917   PACE
8038a918   RESP
8038a919   CONFIG4
8038a91a   WCT1
8038a91b   WCT2
8038a91c   PITCount
8038a920   PITUsed
8038a924   PITHigh
8038a940   HostName
8038a944   LocalIPAddr
8038a948   LocalIPMask
8038a94c   GatewayIP
8038a950   DomainName
8038a954   DNSServer
8038a958   DRDYCount
8038a9cc   _IGMPForceVersion1
8038a9d4   FSM_State
8038a9d8   CurrentData
8038a9dc   Channel_No
8038a9e0   SockInst
8038a9f0   DebugLogSize
8038a9f4   DebugCritError
8038aa00   _ICMPInErrors
8038aa04   _ICMPOutErrors
8038aa08   _IPExecuting
8038aa18   gFragQList
8038aa38   tcp_iss
8038aa3c   ptTimeFirst
8038aa40   pt6TimeFirst
8038aa44   tcp6_iss
8038aa50   platform_errno
8038aa54   platform_init_return_code
8038aa58   spiRegs
8038aa5c   SPI_event_num
8038aa6c   httpErrorResponseHook
8038aa78   _IPReasmPtr
8038aa80   gMLDNodeList
8038aa98   qmssLObjIsValid
8038aa9c   IPV6_MAX_MULTICAST_SOLICIT
8038aaa0   IPV6_MAX_UNICAST_SOLICIT
8038aaa4   IPV6_RETRANS_TIME
8038aaa8   IPV6_DELAY_FIRST_PROBE_TIME
8038aaac   IPV6_REACHABLE_TIME
8038aab0   IPV6_MAX_RTR_SOLICITATION_DELAY
8038aab4   IPV6_RTR_SOLICITATION_INTERVAL
8038aab8   IPV6_MAX_RTR_SOLICITATIONS
8038aabc   INFINITE_LT
8038aac0   heap0
8038aac4   tskNetworkInit
8038aac8   mailbox1298
8038aacc   semDRDY
8038aad0   tskMailData
8038aad4   timer200ms
8038aad8   tskEthernetSend
8038aadc   eventServer
8038aae0   ti_ndk_config_Global_rawPageSize
8038aae4   ti_ndk_config_Global_rawPageCount
8038aae8   ti_ndk_config_Global_smallest
8038aaec   ti_ndk_config_Global_largest
8038aaf0   ti_ndk_config_Global_numFrameBuf
8038aaf4   ti_ndk_config_Global_sizeFrameBuf
8038ab00   cppiObject
8038ad00   __CIOBUF_
8038c6c8   __TI_Handler_Table_Base
8038c6d4   __TI_Handler_Table_Limit
8038c730   __TI_CINIT_Base
8038c7b8   __TI_CINIT_Limit
ffffffff   __TI_pprof_out_hndl
ffffffff   __TI_prof_data_size
ffffffff   __TI_prof_data_start
ffffffff   __binit__
ffffffff   __c_args__
ffffffff   binit
UNDEFED    __TI_INITARRAY_Base
UNDEFED    __TI_INITARRAY_Limit

[1935 symbols]
