******************************************************************************
               TMS320C6x Linker PC v7.4.6                      
******************************************************************************
>> Linked Fri Jan 30 21:19:11 2015

OUTPUT FILE NAME:   <helloworld_evmc6678l.out>
ENTRY POINT SYMBOL: "_c_int00"  address: 8035abe0


MEMORY CONFIGURATION

         name            origin    length      used     unused   attr    fill
----------------------  --------  ---------  --------  --------  ----  --------
  L2SRAM                00800000   00080000  0005dd40  000222c0  RW X
  MSMCSRAM              0c000000   00400000  00000000  00400000  RW X
  DDR3                  80000000   20000000  00385100  1fc7af00  RWIX


SEGMENT ALLOCATION MAP

run origin  load origin   length   init length attrs members
----------  ----------- ---------- ----------- ----- -------
00800000    00800000    0005d388   00000000    rw-
  00800000    00800000    00052b00   00000000    rw- .far:NDK_PACKETMEM
  00852b00    00852b00    00004400   00000000    rw- .far:taskStackSection
  00856f00    00856f00    00004000   00000000    rw- .resmgr_memregion
  0085af00    0085af00    00001488   00000000    rw- .resmgr_pa
  0085c388    0085c388    00001000   00000000    rw- .stack
0085d390    0085d390    00000600   00000000    rw-
  0085d390    0085d390    00000600   00000000    rw- .far:NDK_OBJMEM
0085da00    0085da00    00000318   00000318    rw-
  0085da00    0085da00    00000318   00000318    rw- .nimu_eth_ll2
0085dd20    0085dd20    000000a0   00000000    rw-
  0085dd20    0085dd20    000000a0   00000000    rw- .resmgr_handles
80000000    80000000    00300000   00000000    rw-
  80000000    80000000    00300000   00000000    rw- systemHeap
80300000    80300000    00064840   00064840    r-x
  80300000    80300000    00064840   00064840    r-x .text
80364840    80364840    0000db80   0000db80    rw-
  80364840    80364840    0000db80   0000db80    rw- .far
803723c0    803723c0    0000b502   0000b502    r--
  803723c0    803723c0    0000b502   0000b502    r-- .const
8037d8d0    8037d8d0    00000030   00000030    rw-
  8037d8d0    8037d8d0    00000030   00000030    rw- .fardata.1
8037d900    8037d900    00002400   00000000    rw-
  8037d900    8037d900    00002400   00000000    rw- .qmss
8037fd00    8037fd00    00001c46   00001c46    rw-
  8037fd00    8037fd00    00001c46   00001c46    rw- .fardata.2
80381948    80381948    00001370   00001370    rw-
  80381948    80381948    00001370   00001370    rw- platform_lib
80382cb8    80382cb8    00000344   00000344    r--
  80382cb8    80382cb8    00000344   00000344    r-- .switch.1
80383000    80383000    00000278   00000278    r-x
  80383000    80383000    00000200   00000200    r-x .vecs
  80383200    80383200    00000078   00000078    r-- .switch.2
80383278    80383278    0000006c   00000000    rw-
  80383278    80383278    0000006c   00000000    rw- .bss
803832e4    803832e4    00000269   00000269    rw-
  803832e4    803832e4    00000269   00000269    rw- .neardata
80383550    80383550    0000004c   0000004c    r--
  80383550    80383550    0000004c   0000004c    r-- .rodata
80383600    80383600    00000320   00000000    rw-
  80383600    80383600    00000200   00000000    rw- .cppi
  80383800    80383800    00000120   00000000    rw- .cio
80383920    80383920    00001858   00001858    r--
  80383920    80383920    00001858   00001858    r-- .cinit


SECTION ALLOCATION MAP

 output                                  attributes/
section   page    origin      length       input sections
--------  ----  ----------  ----------   ----------------
.init_array 
*          0    80000000    00000000     UNINITIALIZED

.far:NDK_PACKETMEM 
*          0    00800000    00052b00     UNINITIALIZED
                  00800000    00052b00     stk6_ppp_pppoe.ae66 : pbm_data.oe66 (.far:NDK_PACKETMEM)

.far:taskStackSection 
*          0    00852b00    00004400     UNINITIALIZED
                  00852b00    00004400     helloWorld_pe66.oe66 (.far:taskStackSection)

.resmgr_memregion 
*          0    00856f00    00004000     UNINITIALIZED
                  00856f00    00004000     resourcemgr.obj (.resmgr_memregion)

.resmgr_pa 
*          0    0085af00    00001488     UNINITIALIZED
                  0085af00    00001488     resourcemgr.obj (.resmgr_pa)

.stack     0    0085c388    00001000     UNINITIALIZED
                  0085c388    00000008     boot.ae66 : boot.oe66 (.stack)
                  0085c390    00000ff8     --HOLE--

.far:NDK_OBJMEM 
*          0    0085d390    00000600     UNINITIALIZED
                  0085d390    00000600     os.ae66 : ossys.oe66 (.far:NDK_OBJMEM)

.nimu_eth_ll2 
*          0    0085da00    00000318     
                  0085da00    00000308     ti.transport.ndk.nimu.ae66 : nimu_eth.obj (.nimu_eth_ll2:uninit) [fill = 0]
                  0085dd08    00000010                                : nimu_eth.obj (.nimu_eth_ll2:init)

.resmgr_handles 
*          0    0085dd20    000000a0     UNINITIALIZED
                  0085dd20    000000a0     resourcemgr.obj (.resmgr_handles)

xdc.meta   0    80000000    000000f0     COPY SECTION
                  80000000    000000f0     helloWorld_pe66.oe66 (xdc.meta)

systemHeap 
*          0    80000000    00300000     UNINITIALIZED
                  80000000    00300000     helloWorld_pe66.oe66 (systemHeap)

.text      0    80300000    00064840     
                  80300000    000060e0     KeyStone_common.obj (.text)
                  803060e0    00002d80     ti.transport.ndk.nimu.ae66 : nimu_eth.obj (.text)
                  80308e60    00001fe0     ti.platform.evm6678l.ae66 : platform.obj (.text)
                  8030ae40    00001b40                               : evmc6678.obj (.text)
                  8030c980    00001a00     stk6_ppp_pppoe.ae66 : tcpin.oe66 (.text:TcpInput)
                  8030e380    000019a0                         : tcp6in.oe66 (.text:TCP6Input)
                  8030fd20    00001400     KeyStone_SPI_Init_drv.obj (.text)
                  80311120    00001240     stk6_ppp_pppoe.ae66 : tcpout.oe66 (.text:TcpOutput)
                  80312360    00001180                         : tcp6out.oe66 (.text:TCP6Output)
                  803134e0    00001160     ti.platform.evm6678l.ae66 : evm66x_nand.obj (.text)
                  80314640    00000d80                               : evmc66x_i2c_eeprom.obj (.text)
                  803153c0    00000d00     resourcemgr.obj (.text)
                  803160c0    00000b80     stk6_ppp_pppoe.ae66 : ipin.oe66 (.text:IPRxPacket)
                  80316c40    00000aa0                         : md5.oe66 (.text:MD5Transform)
                  803176e0    000009c0                         : ipout.oe66 (.text:IPTxPacket)
                  803180a0    000009a0                         : lcp.oe66 (.text:lcpInput)
                  80318a40    000009a0     ti.targets.rts6000.ae66 : System.oe66 (.text:xdc_runtime_System_doPrint__I)
                  803193e0    000008a0     nettool.ae66 : httpclie.oe66 (.text:httpClientProcess)
                  80319c80    00000820     helloWorld.obj (.text)
                  8031a4a0    000007e0     ti.drv.qmss.ae66 : qmss_drv.oe66 (.text:Qmss_insertMemoryRegion)
                  8031ac80    000007e0     stk6_ppp_pppoe.ae66 : ipcp.oe66 (.text:ipcpInput)
                  8031b460    000007c0     nettool.ae66 : httpsend.oe66 (.text:SetContentType)
                  8031bc20    000007c0     stk6_ppp_pppoe.ae66 : sock.oe66 (.text:SockSet)
                  8031c3e0    000007a0                         : fileuser.oe66 (.text:fdPoll)
                  8031cb80    00000780     sysbios.lib : BIOS.obj (.text:ti_sysbios_family_c64p_Exception_handler__I)
                  8031d300    00000720     ti.drv.pa.ae66 : pa.oe66 (.text:Pa_addMac)
                  8031da20    000006c0     nettool.ae66 : telnetd.oe66 (.text:telnet_netdata)
                  8031e0e0    00000680     stk6_ppp_pppoe.ae66 : icmpv6_ndisc.oe66 (.text:ICMPv6RecvRA)
                  8031e760    00000660     ti.drv.cppi.ae66 : cppi_drv.oe66 (.text:Cppi_configureRxFlow)
                  8031edc0    00000660     GPIO_drv.obj (.text)
                  8031f420    00000660     sysbios.lib : BIOS.obj (.text:ti_sysbios_heaps_HeapMem_free__E)
                  8031fa80    00000620     stk6_ppp_pppoe.ae66 : route6.oe66 (.text:Rt6Create)
                  803200a0    00000620     sysbios.lib : BIOS.obj (.text:ti_sysbios_heaps_HeapMem_alloc__E)
                  803206c0    00000600     KeyStone_common.obj (.text:retain)
                  80320cc0    000005c0     stk6_ppp_pppoe.ae66 : ipfrag.oe66 (.text:IPReasm)
                  80321280    000005c0     rts6600_elf.lib : divd.obj (.text:__c6xabi_divd)
                  80321840    000005c0                     : _printfi.obj (.text:_getarg_diouxp)
                  80321e00    000005c0     sysbios.lib : BIOS.obj (.text:ti_sysbios_timers_timer64_Timer_Module_startup__F)
                  803223c0    000005a0     stk6_ppp_pppoe.ae66 : icmpin.oe66 (.text:ICMPInput)
                  80322960    000005a0     ti.platform.evm6678l.ae66 : evmc66x_spi.obj (.text)
                  80322f00    00000580     stk6_ppp_pppoe.ae66 : nimuppp.oe66 (.text:pppEvent)
                  80323480    00000560                         : ipv6.oe66 (.text:IPv6IPAddressToString)
                  803239e0    00000560     ti.platform.evm6678l.ae66 : evmc6678_phy.obj (.text)
                  80323f40    00000520     stk6_ppp_pppoe.ae66 : sock.oe66 (.text:SockNew)
                  80324460    00000520     rts6600_elf.lib : _printfi.obj (.text:_setfield)
                  80324980    00000520     ti.platform.evm6678l.ae66 : evmc66x_nor.obj (.text)
                  80324ea0    00000500     sysbios.lib : BIOS.obj (.text:ti_sysbios_knl_Task_Instance_finalize__F)
                  803253a0    000004e0     stk6_ppp_pppoe.ae66 : udp.oe66 (.text:UdpInput)
                  80325880    000004e0                         : nimupppoe.oe66 (.text:pppoeInputS)
                  80325d60    000004c0     ti.drv.cppi.ae66 : cppi_drv.oe66 (.text:Cppi_txChannelOpen)
                  80326220    000004c0     stk6_ppp_pppoe.ae66 : sock6.oe66 (.text:Sock6Connect)
                  803266e0    000004c0                         : sock6.oe66 (.text:Sock6Set)
                  80326ba0    000004c0     ti.platform.evm6678l.ae66 : evmc66x_fpga.obj (.text)
                  80327060    000004a0     stk6_ppp_pppoe.ae66 : bind6.oe66 (.text:Bind6New)
                  80327500    000004a0                         : lliin.oe66 (.text:LLIRxPacket)
                  803279a0    000004a0                         : sock6.oe66 (.text:Sock6Recv)
                  80327e40    000004a0                         : sock.oe66 (.text:SockRecv)
                  803282e0    00000460     rts6600_elf.lib : _printfi.obj (.text:_printfi)
                  80328740    00000460     stk6_ppp_pppoe.ae66 : nimuppp.oe66 (.text:pppNew)
                  80328ba0    00000440     KeyStone_common.obj (.text:Core_MPAX)
                  80328fe0    00000440     ti.drv.cppi.ae66 : cppi_drv.oe66 (.text:Cppi_rxChannelOpen)
                  80329420    00000440     stk6_ppp_pppoe.ae66 : sock6.oe66 (.text:Sock6New)
                  80329860    00000440                         : auth.oe66 (.text:chapInput)
                  80329ca0    00000440                         : fileuser.oe66 (.text:fdSelect)
                  8032a0e0    00000440                         : nimupppoe.oe66 (.text:pppoeInputC)
                  8032a520    00000420     nettool.ae66 : daemon.oe66 (.text:daemon)
                  8032a940    00000420     ti.drv.pa.ae66 : pa.oe66 (.text:pa_conv_routing_info)
                  8032ad60    00000400     stk6_ppp_pppoe.ae66 : sock6.oe66 (.text:Sock6Send)
                  8032b160    00000400     os.ae66 : efs.oe66 (.text:efs_filecheck)
                  8032b560    00000400     sysbios.lib : BIOS.obj (.text:ti_sysbios_knl_Semaphore_pend__E)
                  8032b960    000003e0     stk6_ppp_pppoe.ae66 : ipv6_frag.oe66 (.text:IPv6TxFragPacket)
                  8032bd40    000003c0     ti.drv.cppi.ae66 : cppi_desc.oe66 (.text:Cppi_initDescriptor)
                  8032c100    000003c0     stk6_ppp_pppoe.ae66 : ipv6out.oe66 (.text:IPv6TxPacket)
                  8032c4c0    000003c0                         : lli6.oe66 (.text:LLI6TimerCheck)
                  8032c880    000003c0                         : sock.oe66 (.text:SockSend)
                  8032cc40    000003c0                         : tcp6.oe66 (.text:TCP6TimeoutCheck)
                  8032d000    000003c0                         : tcp.oe66 (.text:TcpTimeoutCheck)
                  8032d3c0    000003c0     sysbios.lib : BIOS.obj (.text:ti_sysbios_knl_Task_Instance_init__F)
                  8032d780    000003c0                 : BIOS.obj (.text:ti_sysbios_knl_Task_setPri__E)
                  8032db40    000003a0     stk6_ppp_pppoe.ae66 : nimu.oe66 (.text:NIMUIoctl)
                  8032dee0    000003a0                         : route.oe66 (.text:RtCreate)
                  8032e280    000003a0                         : sb.oe66 (.text:SBRead)
                  8032e620    000003a0     os.ae66 : mem.oe66 (.text:_mmCheck)
                  8032e9c0    000003a0     rts6600_elf.lib : fputs.obj (.text:fputs)
                  8032ed60    000003a0     stk6_ppp_pppoe.ae66 : auth.oe66 (.text:papInput)
                  8032f100    00000380                         : icmpv6in.oe66 (.text:ICMPv6RxPacket)
                  8032f480    00000380                         : igmp.oe66 (.text:IGMPInput)
                  8032f800    00000380                         : sock6int.oe66 (.text:Sock6Notify)
                  8032fb80    00000380                         : sock.oe66 (.text:SockConnect)
                  8032ff00    00000380                         : sockint.oe66 (.text:SockNotify)
                  80330280    00000380     nettool.ae66 : dhcppkt.oe66 (.text:dhcpPacketProcess)
                  80330600    00000360     stk6_ppp_pppoe.ae66 : icmpv6out.oe66 (.text:ICMPv6SendParameterProblem)
                  80330960    00000360                         : ipv6_frag.oe66 (.text:IPv6FragReasm)
                  80330cc0    00000360                         : lliout.oe66 (.text:LLITxIpPacket)
                  80331020    00000360     helloWorld_pe66.oe66 (.text:xdc_runtime_System_printfExtend__I)
                  80331380    00000340     ti.drv.pa.ae66 : painit.oe66 (.text:Pa_create)
                  803316c0    00000340     ti.drv.qmss.ae66 : qmss_drv.oe66 (.text:Qmss_init)
                  80331a00    00000340     os.ae66 : mem.oe66 (.text:mmAlloc)
                  80331d40    00000340     stk6_ppp_pppoe.ae66 : nimupppoe.oe66 (.text:pppoeSI)
                  80332080    00000320     nettool.ae66 : config.oe66 (.text:CfgAddEntry)
                  803323a0    00000320     stk6_ppp_pppoe.ae66 : icmpv6_ndisc.oe66 (.text:ICMPv6RecvRedirect)
                  803326c0    00000320                         : nimupppoe.oe66 (.text:SendServerMsg)
                  803329e0    00000320     rts6600_elf.lib : _printfi.obj (.text:_pproc_fge)
                  80332d00    00000320     nettool.ae66 : telnetd.oe66 (.text:telnet_engine)
                  80333020    00000320     ti.platform.evm6678l.ae66 : evmc66x_uart.obj (.text)
                  80333340    00000300     stk6_ppp_pppoe.ae66 : icmpv6_ndisc.oe66 (.text:ICMPv6RecvNS)
                  80333640    00000300                         : icmpv6out.oe66 (.text:ICMPv6SendDstUnreachable)
                  80333940    00000300                         : icmpv6out.oe66 (.text:ICMPv6SendTimeExceeded)
                  80333c40    00000300     netctrl.ae66 : netctrl.oe66 (.text:NetScheduler)
                  80333f40    00000300     stk6_ppp_pppoe.ae66 : sock6pcb.oe66 (.text:Sock6PcbBind)
                  80334240    00000300                         : udp6.oe66 (.text:Udp6Input)
                  80334540    00000300     nettool.ae66 : inetaddr.oe66 (.text:inet_aton)
                  80334840    00000300     platform_osal.obj (.text)
                  80334b40    00000300     sysbios.lib : BIOS.obj (.text:ti_sysbios_family_c64p_Hwi_dispatchC__I)
                  80334e40    000002e0     stk6_ppp_pppoe.ae66 : ipv6_frag.oe66 (.text:IPv6FragQEnqueueFrag)
                  80335120    000002e0     ti.drv.pa.ae66 : pa.oe66 (.text:Pa_forwardResult)
                  80335400    000002e0     stk6_ppp_pppoe.ae66 : route6.oe66 (.text:Rt6Find)
                  803356e0    000002e0                         : nimupppoe.oe66 (.text:SendClientMsg)
                  803359c0    000002e0                         : udp.oe66 (.text:UdpOutput)
                  80335ca0    000002e0     rts6600_elf.lib : _printfi.obj (.text:_pproc_fwp)
                  80335f80    000002e0     sysbios.lib : BIOS.obj (.text:ti_sysbios_knl_Task_Module_startup__F)
                  80336260    000002c0     stk6_ppp_pppoe.ae66 : bind.oe66 (.text:BindNew)
                  80336520    000002c0                         : sb6.oe66 (.text:SB6Read)
                  803367e0    000002c0                         : sock6pcb.oe66 (.text:Sock6PcbResolve)
                  80336aa0    000002c0                         : udp6.oe66 (.text:Udp6Output)
                  80336d60    000002c0                         : nimuppp.oe66 (.text:pppInput)
                  80337020    000002a0                         : ipv6_exthdrs.oe66 (.text:IPv6ParseExtnHeaders)
                  803372c0    000002a0                         : node.oe66 (.text:NodeAdd)
                  80337560    000002a0                         : route6.oe66 (.text:Rt6Free)
                  80337800    000002a0                         : rtable.oe66 (.text:RtFind)
                  80337aa0    000002a0                         : sock6pcb.oe66 (.text:Sock6PcbFind)
                  80337d40    000002a0                         : sock.oe66 (.text:SockClose)
                  80337fe0    000002a0                         : tcp6prot.oe66 (.text:TCP6PrSetOption)
                  80338280    000002a0                         : tcpprot.oe66 (.text:TcpPrSetOption)
                  80338520    000002a0     rts6600_elf.lib : _printfi.obj (.text:fcvt)
                  803387c0    000002a0     sysbios.lib : BIOS.obj (.text:ti_sysbios_family_c66_tci66xx_CpIntc_Module_startup__F)
                  80338a60    000002a0                 : BIOS.obj (.text:ti_sysbios_knl_Clock_workFunc__E)
                  80338d00    000002a0                 : BIOS.obj (.text:ti_sysbios_knl_Task_sleep__E)
                  80338fa0    00000280     nettool.ae66 : dhcpmain.oe66 (.text:DHCPOpen)
                  80339220    00000280     stk6_ppp_pppoe.ae66 : icmp.oe66 (.text:ICMPGenPacket)
                  803394a0    00000280                         : icmpv6in.oe66 (.text:ICMPv6RecvEchoRequest)
                  80339720    00000280                         : lli6.oe66 (.text:LLI6NeighUnreachStateMachine)
                  803399a0    00000280                         : sockpcb.oe66 (.text:SockPcbResolve)
                  80339c20    00000280                         : sock.oe66 (.text:SockRecvNC)
                  80339ea0    00000280                         : tcp6out.oe66 (.text:TCP6GenPacket)
                  8033a120    00000280     rts6600_elf.lib : divf.obj (.text:__c6xabi_divf)
                  8033a3a0    00000280     sysbios.lib : BIOS.obj (.text:deviceConfig$44)
                  8033a620    00000280     rts6600_elf.lib : _printfi.obj (.text:ecvt)
                  8033a8a0    00000280     stk6_ppp_pppoe.ae66 : ipcp.oe66 (.text:ipcpSendCfg)
                  8033ab20    00000280                         : lcp.oe66 (.text:lcpSendCfg)
                  8033ada0    00000280     sysbios.lib : BIOS.obj (.text:ti_sysbios_knl_Clock_Instance_init__F)
                  8033b020    00000280                 : BIOS.obj (.text:ti_sysbios_knl_Task_exit__E)
                  8033b2a0    00000280     ti.targets.rts6000.ae66 : Core-mem.oe66 (.text:xdc_runtime_Core_createObject__I)
                  8033b520    00000280                             : Error.oe66 (.text:xdc_runtime_Error_raiseX__F)
                  8033b7a0    00000260     stk6_ppp_pppoe.ae66 : icmpv6_ndisc.oe66 (.text:ICMPv6SendNA)
                  8033ba00    00000260                         : icmpv6_ndisc.oe66 (.text:ICMPv6SendNS)
                  8033bc60    00000260                         : lli6.oe66 (.text:LLI6TxIPPacket)
                  8033bec0    00000260                         : nimu.oe66 (.text:NIMUReceivePacket)
                  8033c120    00000260                         : rawethsock.oe66 (.text:RawEthSockSet)
                  8033c380    00000260                         : sb6.oe66 (.text:SB6Write)
                  8033c5e0    00000260                         : sb.oe66 (.text:SBWrite)
                  8033c840    00000260                         : sock6.oe66 (.text:Sock6Close)
                  8033caa0    00000260                         : sockpcb.oe66 (.text:SockPcbBind)
                  8033cd00    00000260     nettool.ae66 : httppars.oe66 (.text:httpParseRecv)
                  8033cf60    00000260     ti.targets.rts6000.ae66 : Startup.oe66 (.text:xdc_runtime_Startup_startMods__I)
                  8033d1c0    00000240     ti.drv.cppi.ae66 : cppi_drv.oe66 (.text:Cppi_open)
                  8033d400    00000240     nettool.ae66 : daemon.oe66 (.text:DaemonNew)
                  8033d640    00000240     ti.drv.pa.ae66 : pa.oe66 (.text:Pa_resetControl)
                  8033d880    00000240     stk6_ppp_pppoe.ae66 : pipe.oe66 (.text:PipeRecv)
                  8033dac0    00000240                         : raw.oe66 (.text:RawInput)
                  8033dd00    00000240     rts6600_elf.lib : imath64.obj (.text:__c6xabi_divull)
                  8033df40    00000240                     : _printfi.obj (.text:_pconv_e)
                  8033e180    00000240                     : _printfi.obj (.text:_pproc_diouxp)
                  8033e3c0    00000240     nettool.ae66 : dhcpsm.oe66 (.text:dhcpIPAdd)
                  8033e600    00000240                  : dhcpsm.oe66 (.text:dhcpState)
                  8033e840    00000240     sysbios.lib : BIOS.obj (.text:ti_sysbios_family_c64p_Exception_internalHandler__I)
                  8033ea80    00000240                 : BIOS.obj (.text:ti_sysbios_knl_Semaphore_post__E)
                  8033ecc0    00000240     ti.targets.rts6000.ae66 : LoggerBuf.oe66 (.text:xdc_runtime_LoggerBuf_write8__F)
                  8033ef00    00000220     stk6_ppp_pppoe.ae66 : bind6.oe66 (.text:Bind6RunDAD)
                  8033f120    00000220                         : icmpv6_ndisc.oe66 (.text:ICMPv6RecvNA)
                  8033f340    00000220                         : igmp.oe66 (.text:IGMPJoinHostGroup)
                  8033f560    00000220                         : ipv6in.oe66 (.text:IPv6RxPacket)
                  8033f780    00000220                         : rawethsock.oe66 (.text:RawEthSockNew)
                  8033f9a0    00000220     SPI_Intc.obj (.text)
                  8033fbc0    00000220     stk6_ppp_pppoe.ae66 : sockpcb.oe66 (.text:SockPcbFind)
                  8033fde0    00000220     rts6600_elf.lib : _printfi.obj (.text:_pproc_str)
                  80340000    00000220     nettool.ae66 : dhcppkt.oe66 (.text:dhcpVerifyMessage)
                  80340220    00000220     rts6600_elf.lib : fputc.obj (.text:fputc)
                  80340440    00000220     nettool.ae66 : httpclie.oe66 (.text:httpGetAuthParams)
                  80340660    00000220     sysbios.lib : BIOS.obj (.text:ti_sysbios_family_c64p_Hwi_reconfig__E)
                  80340880    00000220                 : BIOS.obj (.text:ti_sysbios_knl_Swi_run__I)
                  80340aa0    00000220                 : BIOS.obj (.text:ti_sysbios_knl_Task_schedule__I)
                  80340cc0    00000220                 : BIOS.obj (.text:ti_sysbios_knl_Task_startup__E)
                  80340ee0    00000200     stk6_ppp_pppoe.ae66 : ipv6_frag.oe66 (.text:IPv6ParseFragHdr)
                  803410e0    00000200                         : lli6.oe66 (.text:LLI6New)
                  803412e0    00000200     ti.drv.qmss.ae66 : qmss_drv.oe66 (.text:Qmss_internalQueueOpen)
                  803414e0    00000200                      : qmss_acc.oe66 (.text:Qmss_programAccumulator)
                  803416e0    00000200     stk6_ppp_pppoe.ae66 : rtc.oe66 (.text:RTCReport)
                  803418e0    00000200                         : raw6.oe66 (.text:Raw6Output)
                  80341ae0    00000200     rts6600_elf.lib : _printfi.obj (.text:_pconv_g)
                  80341ce0    00000200     sysbios.lib : c64p_Hwi_disp_always.obj (.text:_ti_sysbios_family_c64p_Hwi_dispatchAlways)
                  80341ee0    00000200     stk6_ppp_pppoe.ae66 : socket.oe66 (.text:accept)
                  803420e0    00000200     sysbios.lib : BIOS.obj (.text:block$56)
                  803422e0    00000200     ti.drv.cppi.ae66 : cppi_heap.oe66 (.text:cppi_internal_heap_add)
                  803424e0    00000200     stk6_ppp_pppoe.ae66 : nimupppoe.oe66 (.text:pppoeCtrlMsg)
                  803426e0    00000200     rts6600_elf.lib : setvbuf.obj (.text:setvbuf)
                  803428e0    000001e0     stk6_ppp_pppoe.ae66 : igmp.oe66 (.text:IGMPSendReply)
                  80342ac0    000001e0                         : route6.oe66 (.text:Rt6Modify)
                  80342ca0    000001e0                         : sock6pcb.oe66 (.text:Sock6PcbFindRaw)
                  80342e80    000001e0                         : tcpout.oe66 (.text:TcpGenPacket)
                  80343060    000001e0                         : auth.oe66 (.text:chapSendMsg)
                  80343240    000001e0     nettool.ae66 : dhcpsock.oe66 (.text:dhcpSocketOpen)
                  80343420    000001e0     stk6_ppp_pppoe.ae66 : socket.oe66 (.text:sendto)
                  80343600    000001e0     sysbios.lib : BIOS.obj (.text:ti_sysbios_knl_Task_postInit__I)
                  803437e0    000001e0                 : BIOS.obj (.text:ti_sysbios_timers_timer64_Timer_getFreq__E)
                  803439c0    000001c0     nettool.ae66 : config.oe66 (.text:CfgExecute)
                  80343b80    000001c0     ti.drv.cppi.ae66 : cppi_drv.oe66 (.text:Cppi_channelClose)
                  80343d40    000001c0                      : cppi_drv.oe66 (.text:Cppi_initCfg)
                  80343f00    000001c0     stk6_ppp_pppoe.ae66 : ip.oe66 (.text:IPGetRoute)
                  803440c0    000001c0                         : ipv6_exthdrs.oe66 (.text:IPv6ParseHopOptions)
                  80344280    000001c0                         : lliout.oe66 (.text:LLIGenArpPacket)
                  80344440    000001c0     ti.drv.qmss.ae66 : qmss_drv.oe66 (.text:Qmss_internaldownloadFirmware)
                  80344600    000001c0     netctrl.ae66 : netsrv.oe66 (.text:SPIpNet)
                  803447c0    000001c0     stk6_ppp_pppoe.ae66 : tcptime.oe66 (.text:TcpTimeoutRexmt)
                  80344980    000001c0                         : lli.oe66 (.text:_LLITimeoutCheck)
                  80344b40    000001c0     rts6600_elf.lib : _printfi.obj (.text:_mcpy)
                  80344d00    000001c0     nettool.ae66 : dhcpbild.oe66 (.text:dhcpBuildHeader)
                  80344ec0    000001c0     stk6_ppp_pppoe.ae66 : fileuser.oe66 (.text:fdClose)
                  80345080    000001c0                         : socket.oe66 (.text:recvncfrom)
                  80345240    000001c0     sysbios.lib : BIOS.obj (.text:ti_sysbios_knl_Task_checkStacks__E)
                  80345400    000001c0                 : BIOS.obj (.text:ti_sysbios_timers_timer64_Timer_setPeriodMicroSecs__E)
                  803455c0    000001a0     stk6_ppp_pppoe.ae66 : bind6.oe66 (.text:Bind6Msg)
                  80345760    000001a0     nettool.ae66 : config.oe66 (.text:CfgRemoveEntry)
                  80345900    000001a0     rts6600_elf.lib : trgdrv.obj (.text:HOSTrename)
                  80345aa0    000001a0     stk6_ppp_pppoe.ae66 : icmpin.oe66 (.text:ICMPRevSrcRoute)
                  80345c40    000001a0                         : ipv6_frag.oe66 (.text:IPv6FragMsg)
                  80345de0    000001a0                         : ipv6_exthdrs.oe66 (.text:IPv6ParseRoutingHdr)
                  80345f80    000001a0     netctrl.ae66 : netctrl.oe66 (.text:NC_NetStart)
                  80346120    000001a0     stk6_ppp_pppoe.ae66 : node.oe66 (.text:NodeTreeFree)
                  803462c0    000001a0     ti.drv.pa.ae66 : pa.oe66 (.text:Pa_downloadImage)
                  80346460    000001a0     stk6_ppp_pppoe.ae66 : raw6.oe66 (.text:Raw6Input)
                  80346600    000001a0                         : route6.oe66 (.text:Route6LifetimeMgmt)
                  803467a0    000001a0                         : sockint.oe66 (.text:SockCreatePacket)
                  80346940    000001a0     nettool.ae66 : dhcpsm.oe66 (.text:StateRenewRebind)
                  80346ae0    000001a0     stk6_ppp_pppoe.ae66 : tcp6time.oe66 (.text:TCP6TimeoutRexmt)
                  80346c80    000001a0     rts6600_elf.lib : imath40.obj (.text:__c6xabi_divul)
                  80346e20    000001a0     nettool.ae66 : dhcptags.oe66 (.text:dhcpBuildOptions)
                  80346fc0    000001a0     stk6_ppp_pppoe.ae66 : socket.oe66 (.text:getpeername)
                  80347160    000001a0     nettool.ae66 : telnetd.oe66 (.text:telnet_termdata)
                  80347300    000001a0     sysbios.lib : BIOS.obj (.text:ti_sysbios_family_c66_tci66xx_CpIntc_dispatch__F)
                  803474a0    000001a0                 : BIOS.obj (.text:ti_sysbios_gates_GateMutex_enter__E)
                  80347640    000001a0                 : BIOS.obj (.text:ti_sysbios_timers_timer64_Timer_start__E)
                  803477e0    000001a0     ti.targets.rts6000.ae66 : LoggerBuf.oe66 (.text:xdc_runtime_LoggerBuf_write4__F)
                  80347980    00000180     stk6_ppp_pppoe.ae66 : bind6.oe66 (.text:Bind6GetGlobalAddress)
                  80347b00    00000180                         : igmp.oe66 (.text:IGMPMsg)
                  80347c80    00000180                         : nimu.oe66 (.text:NIMURegister)
                  80347e00    00000180     netctrl.ae66 : netsrv.oe66 (.text:ServiceScan)
                  80347f80    00000180                  : netsrv.oe66 (.text:ServiceSpawn)
                  80348100    00000180     nettool.ae66 : dhcpsm.oe66 (.text:StateBound)
                  80348280    00000180     rts6600_elf.lib : copy_decompress_rle.obj (.text:__TI_decompress_rle_core)
                  80348400    00000180     stk6_ppp_pppoe.ae66 : socket.oe66 (.text:bind)
                  80348580    00000180     nettool.ae66 : dhcpbild.oe66 (.text:dhcpBuildRequest)
                  80348700    00000180     os.ae66 : task.oe66 (.text:llEnter)
                  80348880    00000180     stk6_ppp_pppoe.ae66 : auth.oe66 (.text:papSendCfg)
                  80348a00    00000180     sysbios.lib : c64p_Exception_asm.obj (.text)
                  80348b80    00000180                 : BIOS.obj (.text:ti_sysbios_heaps_HeapBuf_Module_startup__F)
                  80348d00    00000180                 : BIOS.obj (.text:ti_sysbios_heaps_HeapMem_Instance_init__F)
                  80348e80    00000180                 : BIOS.obj (.text:ti_sysbios_knl_Swi_schedule__I)
                  80349000    00000180                 : BIOS.obj (.text:ti_sysbios_knl_Task_unblockI__E)
                  80349180    00000180     ti.targets.rts6000.ae66 : Text.oe66 (.text:xdc_runtime_Text_putSite__F)
                  80349300    00000160     nettool.ae66 : config.oe66 (.text:CfgGetEntry)
                  80349460    00000160                  : config.oe66 (.text:CfgGetNextEntry)
                  803495c0    00000160     os.ae66 : ossys.oe66 (.text:DbgPrintf)
                  80349720    00000160     stk6_ppp_pppoe.ae66 : igmp.oe66 (.text:IGMPDoMCast)
                  80349880    00000160                         : nimu.oe66 (.text:NIMUIoctlSpecialCmd)
                  803499e0    00000160                         : pbm.oe66 (.text:PBM_free)
                  80349b40    00000160                         : nimuppp.oe66 (.text:PPPStop)
                  80349ca0    00000160                         : pipe.oe66 (.text:PipeSend)
                  80349e00    00000160                         : raw.oe66 (.text:RawOutput)
                  80349f60    00000160                         : rtable.oe66 (.text:RtTimeoutCheck)
                  8034a0c0    00000160                         : rtable.oe66 (.text:RtWalkNext)
                  8034a220    00000160     netctrl.ae66 : netsrv.oe66 (.text:SPRoute)
                  8034a380    00000160     stk6_ppp_pppoe.ae66 : sock6.oe66 (.text:Sock6Check)
                  8034a4e0    00000160                         : sock6int.oe66 (.text:Sock6CreatePacket)
                  8034a640    00000160                         : sock6pcb.oe66 (.text:Sock6PcbConnect)
                  8034a7a0    00000160                         : sock.oe66 (.text:SockCheck)
                  8034a900    00000160                         : sockpcb.oe66 (.text:SockPcbConnect)
                  8034aa60    00000160     nettool.ae66 : dhcpsm.oe66 (.text:StateRequesting)
                  8034abc0    00000160     stk6_ppp_pppoe.ae66 : tcp6time.oe66 (.text:TCP6TimeoutKeep)
                  8034ad20    00000160                         : tcptime.oe66 (.text:TcpTimeoutKeep)
                  8034ae80    00000160                         : auth.oe66 (.text:authInit)
                  8034afe0    00000160     nettool.ae66 : httpclie.oe66 (.text:httpExtractTag)
                  8034b140    00000160                  : httpsend.oe66 (.text:httpSendErrorHTML)
                  8034b2a0    00000160     stk6_ppp_pppoe.ae66 : socket.oe66 (.text:setsockopt)
                  8034b400    00000160     nettool.ae66 : telnetd.oe66 (.text:telnetClientProcess)
                  8034b560    00000140     stk6_ppp_pppoe.ae66 : bind6.oe66 (.text:Bind6DADCheck)
                  8034b6a0    00000140                         : bind6.oe66 (.text:Bind6Free)
                  8034b7e0    00000140     ti.csl.ae66 : csl_chip.oe66 (.text:CSL_chipReadReg)
                  8034b920    00000140     stk6_ppp_pppoe.ae66 : exec.oe66 (.text:ExecOpen)
                  8034ba60    00000140                         : icmp.oe66 (.text:ICMPSendRtAdv)
                  8034bba0    00000140                         : igmp.oe66 (.text:IGMPJoin)
                  8034bce0    00000140                         : ipv6.oe66 (.text:IPv6DisplayIPAddress)
                  8034be20    00000140                         : lli6.oe66 (.text:LLI6Find)
                  8034bf60    00000140                         : lli.oe66 (.text:LLINew)
                  8034c0a0    00000140                         : node.oe66 (.text:NodeFind)
                  8034c1e0    00000140                         : node.oe66 (.text:NodeWalk)
                  8034c320    00000140                         : pbm.oe66 (.text:PBM_alloc)
                  8034c460    00000140                         : rtable.oe66 (.text:RtFlush)
                  8034c5a0    00000140                         : sb6.oe66 (.text:SB6New)
                  8034c6e0    00000140     netctrl.ae66 : netsrv.oe66 (.text:ServiceKill)
                  8034c820    00000140     stk6_ppp_pppoe.ae66 : sock6.oe66 (.text:Sock6Accept)
                  8034c960    00000140                         : sock6.oe66 (.text:Sock6Listen)
                  8034caa0    00000140                         : sock.oe66 (.text:SockAccept)
                  8034cbe0    00000140                         : sock.oe66 (.text:SockListen)
                  8034cd20    00000140                         : sockpcb.oe66 (.text:SockPcbCtlError)
                  8034ce60    00000140     boot.ae66 : autoinit.oe66 (.text:_auto_init_elf)
                  8034cfa0    00000140     rts6600_elf.lib : _printfi.obj (.text:_pproc_fflags)
                  8034d0e0    00000140     stk6_ppp_pppoe.ae66 : auth.oe66 (.text:authGetPassword)
                  8034d220    00000140     nettool.ae66 : dhcptags.oe66 (.text:dhcpDecodeType)
                  8034d360    00000140     rts6600_elf.lib : lowlev.obj (.text:getdevice)
                  8034d4a0    00000140     nettool.ae66 : httpsend.oe66 (.text:httpAuthenticationReq)
                  8034d5e0    00000140     os.ae66 : mem.oe66 (.text:mmCopy)
                  8034d720    00000140     stk6_ppp_pppoe.ae66 : socket.oe66 (.text:recv)
                  8034d860    00000140                         : socket.oe66 (.text:send)
                  8034d9a0    00000140     sysbios.lib : BIOS.obj (.text:ti_sysbios_family_c64p_Hwi_Module_startup__F)
                  8034dae0    00000140                 : BIOS.obj (.text:ti_sysbios_family_c66_Cache_Module_startup__F)
                  8034dc20    00000140                 : BIOS.obj (.text:ti_sysbios_knl_Clock_Instance_finalize__F)
                  8034dd60    00000140                 : BIOS.obj (.text:ti_sysbios_knl_Semaphore_Instance_init__F)
                  8034dea0    00000140                 : BIOS.obj (.text:ti_sysbios_knl_Swi_post__E)
                  8034dfe0    00000140                 : BIOS.obj (.text:ti_sysbios_knl_Task_blockI__E)
                  8034e120    00000120     stk6_ppp_pppoe.ae66 : bind6.oe66 (.text:Bind6LifetimeMgmt)
                  8034e240    00000120                         : bind.oe66 (.text:BindFree)
                  8034e360    00000120     nettool.ae66 : config.oe66 (.text:CfgFree)
                  8034e480    00000120                  : daemon.oe66 (.text:DaemonFree)
                  8034e5a0    00000120     stk6_ppp_pppoe.ae66 : file.oe66 (.text:FdWaitEvent)
                  8034e6c0    00000120                         : igmp.oe66 (.text:IGMPLeaveHostGroup)
                  8034e7e0    00000120                         : ip.oe66 (.text:IPMsg)
                  8034e900    00000120                         : ipin.oe66 (.text:IPRouteIP)
                  8034ea20    00000120                         : ipv6_frag.oe66 (.text:IPv6CreateFragQ)
                  8034eb40    00000120                         : ipv6.oe66 (.text:IPv6Init)
                  8034ec60    00000120                         : icmpv6out.oe66 (.text:IsICMPv6ErrorPkt)
                  8034ed80    00000120                         : md5.oe66 (.text:MD5Update)
                  8034eea0    00000120                         : mld.oe66 (.text:MLDJoinGroup)
                  8034efc0    00000120     netctrl.ae66 : netctrl.oe66 (.text:NC_SystemOpen)
                  8034f0e0    00000120     stk6_ppp_pppoe.ae66 : nimu.oe66 (.text:NIMUAddEthernetHeader)
                  8034f200    00000120     ti.drv.qmss.ae66 : qmss_acc.oe66 (.text:Qmss_disableAccumulator)
                  8034f320    00000120     stk6_ppp_pppoe.ae66 : raweth.oe66 (.text:RawEthRxPacket)
                  8034f440    00000120                         : raweth.oe66 (.text:RawEthTxPacket)
                  8034f560    00000120                         : sb.oe66 (.text:SBNew)
                  8034f680    00000120     netctrl.ae66 : netsrv.oe66 (.text:SPConfig)
                  8034f7a0    00000120                  : netsrv.oe66 (.text:SPService)
                  8034f8c0    00000120     stk6_ppp_pppoe.ae66 : sock6.oe66 (.text:Sock6Disconnect)
                  8034f9e0    00000120                         : sock6.oe66 (.text:Sock6Shutdown)
                  8034fb00    00000120                         : sockpcb.oe66 (.text:SockPcbFindRaw)
                  8034fc20    00000120                         : sock.oe66 (.text:SockShutdown)
                  8034fd40    00000120                         : tcp6prot.oe66 (.text:TCP6PrAttach)
                  8034fe60    00000120                         : tcpprot.oe66 (.text:TcpPrAttach)
                  8034ff80    00000120     nettool.ae66 : telnetd.oe66 (.text:TelnetOpen)
                  803500a0    00000120     stk6_ppp_pppoe.ae66 : rtable.oe66 (.text:_RtNodeInsert)
                  803501c0    00000120     rts6600_elf.lib : fclose.obj (.text:_closefile)
                  803502e0    00000120                     : _printfi.obj (.text:_ltostr)
                  80350400    00000120     os.ae66 : mem.oe66 (.text:_mmInit)
                  80350520    00000120     nettool.ae66 : daemon.oe66 (.text:dchild)
                  80350640    00000120     stk6_ppp_pppoe.ae66 : fileuser.oe66 (.text:fdOpenSession)
                  80350760    00000120     rts6600_elf.lib : fseek.obj (.text:fseek)
                  80350880    00000120     nettool.ae66 : http.oe66 (.text:httpOpen)
                  803509a0    00000120                  : httpsend.oe66 (.text:httpSendStatusLine)
                  80350ac0    00000120     stk6_ppp_pppoe.ae66 : lcp.oe66 (.text:lcpOpen)
                  80350be0    00000120                         : lcp.oe66 (.text:lcpReject)
                  80350d00    00000120     sysbios.lib : BIOS.obj (.text:rtsUnlock$0)
                  80350e20    00000120     stk6_ppp_pppoe.ae66 : socket.oe66 (.text:socket)
                  80350f40    00000120     ti.targets.rts6000.ae66 : LoggerBuf.oe66 (.text:xdc_runtime_LoggerBuf_setFilterLevel__F)
                  80351060    00000120                             : Text.oe66 (.text:xdc_runtime_Text_putLab__F)
                  80351180    00000100     nettool.ae66 : config.oe66 (.text:CfgNew)
                  80351280    00000100                  : config.oe66 (.text:CfgSetExecuteOrder)
                  80351380    00000100     rts6600_elf.lib : trgdrv.obj (.text:HOSTlseek)
                  80351480    00000100     stk6_ppp_pppoe.ae66 : igmp.oe66 (.text:IGMPTimer)
                  80351580    00000100                         : ipv6.oe66 (.text:IPv6GetSubnetMaskFromBits)
                  80351680    00000100                         : ipv6_frag.oe66 (.text:IPv6ReasmTimeout)
                  80351780    00000100                         : rtc.oe66 (.text:RTCMsg)
                  80351880    00000100                         : rawethsock.oe66 (.text:RawEthSockCheck)
                  80351980    00000100                         : route.oe66 (.text:RtRedirect)
                  80351a80    00000100                         : sockint.oe66 (.text:SockValidateRoute)
                  80351b80    00000100     nettool.ae66 : dhcpsm.oe66 (.text:StateSelecting)
                  80351c80    00000100     stk6_ppp_pppoe.ae66 : tcp6prot.oe66 (.text:TCP6PrInherit)
                  80351d80    00000100                         : tcp6time.oe66 (.text:TCP6XmitTimer)
                  80351e80    00000100                         : tcpprot.oe66 (.text:TcpPrInherit)
                  80351f80    00000100                         : tcptime.oe66 (.text:TcpXmitTimer)
                  80352080    00000100                         : rtable.oe66 (.text:_RtNodeRemove)
                  80352180    00000100     rts6600_elf.lib : _io_perm.obj (.text:_wrt_ok)
                  80352280    00000100     stk6_ppp_pppoe.ae66 : file.oe66 (.text:fdint_unlockfd)
                  80352380    00000100     sysbios.lib : BIOS.obj (.text:initDevice$44)
                  80352480    00000100     stk6_ppp_pppoe.ae66 : socket.oe66 (.text:listen)
                  80352580    00000100     os.ae66 : mem.oe66 (.text:mmFree)
                  80352680    00000100     stk6_ppp_pppoe.ae66 : nimuppp.oe66 (.text:pppAddClient)
                  80352780    00000100     sysbios.lib : BIOS.obj (.text:ti_sysbios_family_c64p_EventCombiner_dispatch__F)
                  80352880    00000100                 : BIOS.obj (.text:ti_sysbios_knl_Clock_startI__E)
                  80352980    00000100                 : BIOS.obj (.text:ti_sysbios_knl_Swi_restoreHwi__E)
                  80352a80    00000100     stk6_ppp_pppoe.ae66 : lliin.oe66 (.text:updateRtTable)
                  80352b80    00000100     ti.targets.rts6000.ae66 : Core-mem.oe66 (.text:xdc_runtime_Core_deleteObject__I)
                  80352c80    00000100                             : LoggerBuf.oe66 (.text:xdc_runtime_LoggerBuf_getFilterLevel__F)
                  80352d80    00000100                             : Startup.oe66 (.text:xdc_runtime_Startup_exec__F)
                  80352e80    00000100                             : Text.oe66 (.text:xdc_runtime_Text_putMod__F)
                  80352f80    00000100                             : Text.oe66 (.text:xdc_runtime_Text_visitRope2__I)
                  80353080    000000e0     stk6_ppp_pppoe.ae66 : bind6.oe66 (.text:Bind6GetLinkLocalAddress)
                  80353160    000000e0     nettool.ae66 : config.oe66 (.text:CfgGetEntryCnt)
                  80353240    000000e0                  : dhcpmain.oe66 (.text:DHCPClose)
                  80353320    000000e0     rts6600_elf.lib : trgdrv.obj (.text:HOSTopen)
                  80353400    000000e0     stk6_ppp_pppoe.ae66 : igmp.oe66 (.text:IGMPLeave)
                  803534e0    000000e0                         : ipv6_frag.oe66 (.text:IPv6FindFragQ)
                  803535c0    000000e0                         : lli6.oe66 (.text:LLI6Msg)
                  803536a0    000000e0                         : lli6.oe66 (.text:LLI6Update)
                  80353780    000000e0                         : mld.oe66 (.text:MLDFindMulticastNode)
                  80353860    000000e0                         : nimu.oe66 (.text:NIMUAllocateIndex)
                  80353940    000000e0                         : nimu.oe66 (.text:NIMUAllocateName)
                  80353a20    000000e0                         : node.oe66 (.text:NodeDeRef)
                  80353b00    000000e0                         : node.oe66 (.text:NodeNew)
                  80353be0    000000e0                         : node.oe66 (.text:NodeTreeNew)
                  80353cc0    000000e0                         : pbm.oe66 (.text:PBMQ_enq)
                  80353da0    000000e0                         : pbm.oe66 (.text:PBM_copy)
                  80353e80    000000e0                         : rawethsock.oe66 (.text:RawEthSockNotify)
                  80353f60    000000e0                         : rawethsock_pcb.oe66 (.text:RawEthSockPcbAttach)
                  80354040    000000e0                         : rawethsock.oe66 (.text:RawEthSockSend)
                  80354120    000000e0                         : route6.oe66 (.text:Route6Msg)
                  80354200    000000e0                         : route.oe66 (.text:RtDeRef)
                  803542e0    000000e0                         : route.oe66 (.text:RtRemove)
                  803543c0    000000e0                         : sb.oe66 (.text:SBReadNC)
                  803544a0    000000e0                         : sb.oe66 (.text:SBSetMax)
                  80354580    000000e0                         : sock6int.oe66 (.text:Sock6SpawnAbort)
                  80354660    000000e0                         : sock6int.oe66 (.text:Sock6ValidateRoute)
                  80354740    000000e0                         : sock.oe66 (.text:SockDisconnect)
                  80354820    000000e0                         : sockint.oe66 (.text:SockSpawnAbort)
                  80354900    000000e0                         : tcp6prot.oe66 (.text:TCP6PrDetach)
                  803549e0    000000e0                         : tcp6prot.oe66 (.text:TCP6PrDisconnect)
                  80354ac0    000000e0                         : tcp6prot.oe66 (.text:TCP6ValidateMetrics)
                  80354ba0    000000e0                         : tcpprot.oe66 (.text:TcpPrDetach)
                  80354c80    000000e0                         : tcpprot.oe66 (.text:TcpPrDisconnect)
                  80354d60    000000e0                         : tcpprot.oe66 (.text:TcpValidateMetrics)
                  80354e40    000000e0                         : timer.oe66 (.text:TimerListInsert)
                  80354f20    000000e0                         : udp.oe66 (.text:UdpChecksum)
                  80355000    000000e0                         : vlan.oe66 (.text:VLANDeinit)
                  803550e0    000000e0                         : vlan.oe66 (.text:VLANReceivePacket)
                  803551c0    000000e0     nettool.ae66 : config.oe66 (.text:_CfgEntryScan)
                  803552a0    000000e0     stk6_ppp_pppoe.ae66 : lli.oe66 (.text:_LLIExpListInsert)
                  80355380    000000e0                         : rtable.oe66 (.text:_RtExpListInsert)
                  80355460    000000e0     rts6600_elf.lib : divi.obj (.text:__divi)
                  80355540    000000e0                     : _printfi.obj (.text:_div)
                  80355620    000000e0                     : atoi.obj (.text:atoi)
                  80355700    000000e0                     : lowlev.obj (.text:close)
                  803557e0    000000e0                     : copy_zero_init.obj (.text:decompress:ZI:__TI_zero_init)
                  803558c0    000000e0     os.ae66 : efs.oe66 (.text:efs_internal_remove)
                  803559a0    000000e0     stk6_ppp_pppoe.ae66 : file.oe66 (.text:fdint_lockfd)
                  80355a80    000000e0     rts6600_elf.lib : fflush.obj (.text:fflush)
                  80355b60    000000e0     nettool.ae66 : httpclie.oe66 (.text:httpGetMimeBits)
                  80355c40    000000e0     os.ae66 : task.oe66 (.text:llExit)
                  80355d20    000000e0     rts6600_elf.lib : ltoa.obj (.text:ltoa)
                  80355e00    000000e0                     : memset.obj (.text:memset)
                  80355ee0    000000e0     os.ae66 : mem.oe66 (.text:mmBulkAlloc)
                  80355fc0    000000e0     stk6_ppp_pppoe.ae66 : nimuppp.oe66 (.text:pppFree)
                  803560a0    000000e0     rts6600_elf.lib : printf.obj (.text:printf)
                  80356180    000000e0     sysbios.lib : BIOS.obj (.text:ti_sysbios_family_c64p_Hwi_Instance_finalize__F)
                  80356260    000000e0                 : BIOS.obj (.text:ti_sysbios_family_c64p_Hwi_Instance_init__F)
                  80356340    000000e0     helloWorld_pe66.oe66 (.text:ti_sysbios_family_c64p_Hwi_Object__create__S)
                  80356420    000000e0     helloWorld_pe66.oe66 (.text:ti_sysbios_hal_Hwi_Object__create__S)
                  80356500    000000e0     sysbios.lib : BIOS.obj (.text:ti_sysbios_knl_Clock_start__E)
                  803565e0    000000e0                 : BIOS.obj (.text:ti_sysbios_timers_timer64_Timer_startup__E)
                  803566c0    000000e0     ti.targets.rts6000.ae66 : Error.oe66 (.text:xdc_runtime_Error_print__F)
                  803567a0    000000e0                             : Memory.oe66 (.text:xdc_runtime_Memory_alloc__F)
                  80356880    000000c0     rts6600_elf.lib : trgdrv.obj (.text:HOSTread)
                  80356940    000000c0                     : trgdrv.obj (.text:HOSTunlink)
                  80356a00    000000c0                     : trgdrv.obj (.text:HOSTwrite)
                  80356ac0    000000c0     stk6_ppp_pppoe.ae66 : icmpv6in.oe66 (.text:ICMPv6RecvDstUnreachable)
                  80356b80    000000c0                         : icmpv6in.oe66 (.text:ICMPv6SocketErrorInterface)
                  80356c40    000000c0                         : ipv6.oe66 (.text:IPv6Layer4ComputeChecksum)
                  80356d00    000000c0                         : lli.oe66 (.text:LLIGetValidTime)
                  80356dc0    000000c0                         : lli.oe66 (.text:LLIMsg)
                  80356e80    000000c0                         : mld.oe66 (.text:MLDCreateMulticastNode)
                  80356f40    000000c0                         : mld.oe66 (.text:MLDLeaveGroup)
                  80357000    000000c0                         : nimu.oe66 (.text:NIMUFindByName)
                  803570c0    000000c0     netctrl.ae66 : netsrv.oe66 (.text:NS_BootTask)
                  80357180    000000c0     stk6_ppp_pppoe.ae66 : node.oe66 (.text:NodeUpdatePL)
                  80357240    000000c0     nettool.ae66 : ipaddr.oe66 (.text:NtIfIdx2Ip)
                  80357300    000000c0     ti.drv.qmss.ae66 : qmss_drv.oe66 (.text:Qmss_setEoiVector)
                  803573c0    000000c0     stk6_ppp_pppoe.ae66 : route6.oe66 (.text:Rt6FindDefaultRouter)
                  80357480    000000c0                         : rtable.oe66 (.text:RtWalkBegin)
                  80357540    000000c0                         : sb6.oe66 (.text:SB6Flush)
                  80357600    000000c0                         : sb6.oe66 (.text:SB6SetMax)
                  803576c0    000000c0                         : sb.oe66 (.text:SBFlush)
                  80357780    000000c0                         : sock6.oe66 (.text:Sock6IntAbort)
                  80357840    000000c0                         : sock6pcb.oe66 (.text:Sock6PcbResolveChain)
                  80357900    000000c0                         : sock6pcb.oe66 (.text:Sock6PcbRtChange)
                  803579c0    000000c0                         : sock.oe66 (.text:SockIntAbort)
                  80357a80    000000c0                         : sockpcb.oe66 (.text:SockPcbRtChange)
                  80357b40    000000c0                         : tcp6prot.oe66 (.text:TCP6Close)
                  80357c00    000000c0                         : tcp6time.oe66 (.text:TCP6TimeoutSackRexmt)
                  80357cc0    000000c0     os.ae66 : task.oe66 (.text:TaskGetEnv)
                  80357d80    000000c0     stk6_ppp_pppoe.ae66 : tcp.oe66 (.text:TcpChecksum)
                  80357e40    000000c0                         : tcpprot.oe66 (.text:TcpClose)
                  80357f00    000000c0                         : tcptime.oe66 (.text:TcpTimeoutSackRexmt)
                  80357fc0    000000c0                         : bind6.oe66 (.text:_Bind6FindByHostInList)
                  80358080    000000c0                         : bind6.oe66 (.text:_Bind6FindByNetInList)
                  80358140    000000c0     rts6600_elf.lib : dtor_list.obj (.text:_Z11__TI_atexitPFYvPvES_S_)
                  80358200    000000c0                     : dtor_list.obj (.text:__cxa_finalize)
                  803582c0    000000c0                     : divu.obj (.text:__divu)
                  80358380    000000c0                     : remi.obj (.text:__remi)
                  80358440    000000c0                     : fflush.obj (.text:_doflush)
                  80358500    000000c0     ti.drv.cppi.ae66 : cppi_listlib.oe66 (.text:cppi_list_remove_node)
                  803585c0    000000c0     nettool.ae66 : dhcptags.oe66 (.text:dhcpOptionsClear)
                  80358680    000000c0     os.ae66 : efs.oe66 (.text:efs_fopen)
                  80358740    000000c0     rts6600_elf.lib : exit.obj (.text:exit)
                  80358800    000000c0     nettool.ae66 : httpsend.oe66 (.text:httpSendFullResponse)
                  803588c0    000000c0     os.ae66 : mem.oe66 (.text:mmZeroInit)
                  80358980    000000c0     stk6_ppp_pppoe.ae66 : nimuppp.oe66 (.text:pppAddIP)
                  80358a40    000000c0     sysbios.lib : BIOS.obj (.text:ti_sysbios_BIOS_errorRaiseHook__I)
                  80358b00    000000c0                 : BIOS.obj (.text:ti_sysbios_heaps_HeapMem_getStats__E)
                  80358bc0    000000c0                 : BIOS.obj (.text:ti_sysbios_knl_Clock_logTick__E)
                  80358c80    000000c0     helloWorld_pe66.oe66 (.text:ti_sysbios_knl_Task_Object__create__S)
                  80358d40    000000c0     sysbios.lib : BIOS.obj (.text:ti_sysbios_timers_timer64_Timer_stop__E)
                  80358e00    000000c0     udpHello.obj (.text)
                  80358ec0    000000c0     ti.targets.rts6000.ae66 : LoggerBuf.oe66 (.text:xdc_runtime_LoggerBuf_Instance_init__F)
                  80358f80    000000c0     helloWorld_pe66.oe66 (.text:xdc_runtime_LoggerBuf_Object__create__S)
                  80359040    000000c0     ti.targets.rts6000.ae66 : System.oe66 (.text:xdc_runtime_System_formatNum__I)
                  80359100    000000a0     nettool.ae66 : config.oe66 (.text:CfgEntryDeRef)
                  803591a0    000000a0                  : config.oe66 (.text:CfgEntryGetData)
                  80359240    000000a0                  : config.oe66 (.text:CfgGetImmediate)
                  803592e0    000000a0                  : telnetd.oe66 (.text:CmdWriteBytes)
                  80359380    000000a0                  : telnetd.oe66 (.text:CmdWriteCmd)
                  80359420    000000a0     ti.drv.cppi.ae66 : cppi_drv.oe66 (.text:Cppi_channelEnable)
                  803594c0    000000a0     stk6_ppp_pppoe.ae66 : file.oe66 (.text:FdSignalEvent)
                  80359560    000000a0     rts6600_elf.lib : trgdrv.obj (.text:HOSTclose)
                  80359600    000000a0     stk6_ppp_pppoe.ae66 : ipfrag.oe66 (.text:IPReasmFree)
                  803596a0    000000a0                         : ipfrag.oe66 (.text:IPReasmTimeout)
                  80359740    000000a0                         : ipv6.oe66 (.text:IPv6CompareAddress)
                  803597e0    000000a0                         : lliin.oe66 (.text:LLIValidateRoute)
                  80359880    000000a0                         : md5.oe66 (.text:MD5Final)
                  80359920    000000a0                         : nimu.oe66 (.text:NIMUShutdown)
                  803599c0    000000a0                         : nimu.oe66 (.text:NIMUUnregister)
                  80359a60    000000a0     nettool.ae66 : ipaddr.oe66 (.text:NtAddNetwork)
                  80359b00    000000a0     stk6_ppp_pppoe.ae66 : pbm.oe66 (.text:PBM_open)
                  80359ba0    000000a0                         : pipe.oe66 (.text:PipeCheck)
                  80359c40    000000a0     ti.drv.qmss.ae66 : qmss_drv.oe66 (.text:Qmss_queueClose)
                  80359ce0    000000a0                      : qmss_drv.oe66 (.text:Qmss_startCfg)
                  80359d80    000000a0     stk6_ppp_pppoe.ae66 : rtable.oe66 (.text:RouteMsg)
                  80359e20    000000a0                         : route.oe66 (.text:RtNew)
                  80359ec0    000000a0                         : sb6.oe66 (.text:SB6Free)
                  80359f60    000000a0                         : sb.oe66 (.text:SBFree)
                  8035a000    000000a0     os.ae66 : semaphore.oe66 (.text:SemCreate)
                  8035a0a0    000000a0     stk6_ppp_pppoe.ae66 : sock6pcb.oe66 (.text:Sock6CleanPcb)
                  8035a140    000000a0                         : sock6.oe66 (.text:Sock6GetName)
                  8035a1e0    000000a0                         : sock.oe66 (.text:SockBind)
                  8035a280    000000a0                         : sockpcb.oe66 (.text:SockCleanPcb)
                  8035a320    000000a0                         : sockpcb.oe66 (.text:SockPcbResolveChain)
                  8035a3c0    000000a0                         : tcp6prot.oe66 (.text:TCP6Drop)
                  8035a460    000000a0                         : tcp6prot.oe66 (.text:TCP6PrCtlError)
                  8035a500    000000a0                         : tcp6prot.oe66 (.text:TCP6PrSend)
                  8035a5a0    000000a0                         : tcp6prot.oe66 (.text:TCP6PrSendOOB)
                  8035a640    000000a0     os.ae66 : task.oe66 (.text:TaskCreate)
                  8035a6e0    000000a0     stk6_ppp_pppoe.ae66 : tcpprot.oe66 (.text:TcpDrop)
                  8035a780    000000a0                         : tcpprot.oe66 (.text:TcpPrCtlError)
                  8035a820    000000a0                         : tcpprot.oe66 (.text:TcpPrSend)
                  8035a8c0    000000a0                         : tcpprot.oe66 (.text:TcpPrSendOOB)
                  8035a960    000000a0                         : timer.oe66 (.text:TimerNew)
                  8035aa00    000000a0     nettool.ae66 : config.oe66 (.text:_CfgRelease)
                  8035aaa0    000000a0     stk6_ppp_pppoe.ae66 : lli.oe66 (.text:_LLITimeoutFlush)
                  8035ab40    000000a0     rts6600_elf.lib : remu.obj (.text:__remu)
                  8035abe0    000000a0     boot.ae66 : boot.oe66 (.text:_c_int00)
                  8035ac80    000000a0     rts6600_elf.lib : fopen.obj (.text:_cleanup)
                  8035ad20    000000a0                     : _printfi.obj (.text:_ecpy)
                  8035adc0    000000a0                     : _printfi.obj (.text:_fcpy)
                  8035ae60    000000a0                     : _printfi.obj (.text:_pconv_f)
                  8035af00    000000a0     sysbios.lib : c64p_Hwi_asm.obj (.text:_ti_sysbios_family_c64p_Hwi_plug__E)
                  8035afa0    000000a0     stk6_ppp_pppoe.ae66 : auth.oe66 (.text:authStart)
                  8035b040    000000a0     ti.drv.cppi.ae66 : cppi_heap.oe66 (.text:cppi_internal_heap_malloc)
                  8035b0e0    000000a0                      : cppi_listlib.oe66 (.text:cppi_list_cat)
                  8035b180    000000a0     nettool.ae66 : dhcpbild.oe66 (.text:dhcpBuildDecline)
                  8035b220    000000a0                  : dhcpsm.oe66 (.text:dhcpIPRemove)
                  8035b2c0    000000a0     os.ae66 : efs.oe66 (.text:efs_filesend)
                  8035b360    000000a0     stk6_ppp_pppoe.ae66 : fileuser.oe66 (.text:fdCloseSession)
                  8035b400    000000a0     rts6600_elf.lib : lowlev.obj (.text:finddevice)
                  8035b4a0    000000a0     stk6_ppp_pppoe.ae66 : lcp.oe66 (.text:lcpInit)
                  8035b540    000000a0                         : lcp.oe66 (.text:lcpSendTerm)
                  8035b5e0    000000a0     hal_timer_bios.ae66 : lltimer.oe66 (.text:llTimerTick)
                  8035b680    000000a0     rts6600_elf.lib : lowlev.obj (.text:lseek)
                  8035b720    000000a0                     : memcpy64.obj (.text:memcpy)
                  8035b7c0    000000a0     os.ae66 : mem.oe66 (.text:mmBulkFree)
                  8035b860    000000a0             : mem.oe66 (.text:mmInitPage)
                  8035b900    000000a0     ti.drv.pa.ae66 : pa.oe66 (.text:pa_format_fcmd_header)
                  8035b9a0    000000a0                    : pa.oe66 (.text:pa_pdsp_run)
                  8035ba40    000000a0     os.ae66 : ossys.oe66 (.text:stricmp)
                  8035bae0    000000a0     rts6600_elf.lib : strstr.obj (.text:strstr)
                  8035bb80    000000a0     sysbios.lib : BIOS.obj (.text:ti_sysbios_heaps_HeapMem_init__I)
                  8035bc20    000000a0     rts6600_elf.lib : lowlev.obj (.text:write)
                  8035bcc0    000000a0     ti.targets.rts6000.ae66 : Assert.oe66 (.text:xdc_runtime_Assert_raise__I)
                  8035bd60    000000a0                             : LoggerBuf.oe66 (.text:xdc_runtime_LoggerBuf_Module_startup__F)
                  8035be00    000000a0     helloWorld_pe66.oe66 (.text:xdc_runtime_LoggerBuf_write8__E)
                  8035bea0    00000080     ti.drv.cppi.ae66 : cppi_drv.oe66 (.text:Cppi_setCpdmaLoopback)
                  8035bf20    00000080     stk6_ppp_pppoe.ae66 : md5.oe66 (.text:Decode)
                  8035bfa0    00000080                         : icmp.oe66 (.text:ICMPChecksum)
                  8035c020    00000080                         : icmpv6in.oe66 (.text:ICMPv6RecvParamProblem)
                  8035c0a0    00000080                         : icmpv6_ndisc.oe66 (.text:ICMPv6RecvRS)
                  8035c120    00000080                         : icmpv6in.oe66 (.text:ICMPv6RecvTimeExceeded)
                  8035c1a0    00000080                         : ipv6out.oe66 (.text:IPv6GetRoute)
                  8035c220    00000080                         : lli6.oe66 (.text:LLI6Free)
                  8035c2a0    00000080                         : lli6.oe66 (.text:LLI6IsRouterStatMachine)
                  8035c320    00000080     netctrl.ae66 : netctrl.oe66 (.text:NC_SystemClose)
                  8035c3a0    00000080     stk6_ppp_pppoe.ae66 : nimu.oe66 (.text:NIMUInit)
                  8035c420    00000080                         : pbm.oe66 (.text:PBMQ_deq)
                  8035c4a0    00000080                         : nimuppp.oe66 (.text:PPPSend)
                  8035c520    00000080     ti.drv.pa.ae66 : painit.oe66 (.text:Pa_getBufferReq)
                  8035c5a0    00000080     stk6_ppp_pppoe.ae66 : pipe.oe66 (.text:PipeClose)
                  8035c620    00000080     ti.drv.qmss.ae66 : qmss_drv.oe66 (.text:Qmss_getMemRegQueueHandle)
                  8035c6a0    00000080                      : qmss_drv.oe66 (.text:Qmss_queueOpen)
                  8035c720    00000080     stk6_ppp_pppoe.ae66 : rawethsock.oe66 (.text:RawEthSockClose)
                  8035c7a0    00000080                         : rawethsock_pcb.oe66 (.text:RawEthSockPcbDetach)
                  8035c820    00000080                         : route6.oe66 (.text:Rt6Update)
                  8035c8a0    00000080                         : route.oe66 (.text:RtSetFailure)
                  8035c920    00000080                         : route.oe66 (.text:RtSetTimeout)
                  8035c9a0    00000080                         : sock6.oe66 (.text:Sock6Bind)
                  8035ca20    00000080                         : sock6pcb.oe66 (.text:Sock6PcbCleanup)
                  8035caa0    00000080                         : sock.oe66 (.text:SockGetName)
                  8035cb20    00000080                         : sockpcb.oe66 (.text:SockPcbCleanup)
                  8035cba0    00000080                         : sockpcb.oe66 (.text:SockPcbDetach)
                  8035cc20    00000080                         : tcp6prot.oe66 (.text:TCP6PrListen)
                  8035cca0    00000080     os.ae66 : task.oe66 (.text:TaskSetEnv)
                  8035cd20    00000080     stk6_ppp_pppoe.ae66 : tcpprot.oe66 (.text:TcpPrListen)
                  8035cda0    00000080                         : timer.oe66 (.text:TimerHSTick)
                  8035ce20    00000080                         : timer.oe66 (.text:TimerListRemove)
                  8035cea0    00000080     nettool.ae66 : config.oe66 (.text:_CfgAcquire)
                  8035cf20    00000080     stk6_ppp_pppoe.ae66 : lli.oe66 (.text:_LLIExpListRemove)
                  8035cfa0    00000080                         : rtc.oe66 (.text:_RTCSendRtAdv)
                  8035d020    00000080                         : rtable.oe66 (.text:_RtExpListRemove)
                  8035d0a0    00000080     rts6600_elf.lib : fixfu.obj (.text:__c6xabi_fixfu)
                  8035d120    00000080                     : llshift.obj (.text:__c6xabi_llshl)
                  8035d1a0    00000080     sysbios.lib : c62_TaskSupport_asm.obj (.text:_ti_sysbios_family_c62_TaskSupport_swap__E)
                  8035d220    00000080     ti.drv.cppi.ae66 : cppi_heap.oe66 (.text:cppi_internal_heap_cache_begin)
                  8035d2a0    00000080                      : cppi_listlib.oe66 (.text:cppi_list_remove)
                  8035d320    00000080     nettool.ae66 : dhcpsock.oe66 (.text:dhcpSocketClose)
                  8035d3a0    00000080     os.ae66 : efs.oe66 (.text:efs_fclose)
                  8035d420    00000080             : efs.oe66 (.text:efs_findfile)
                  8035d4a0    00000080     stk6_ppp_pppoe.ae66 : file.oe66 (.text:fdint_waitevent)
                  8035d520    00000080     nettool.ae66 : httpsend.oe66 (.text:httpSendEntityLength)
                  8035d5a0    00000080                  : httpsend.oe66 (.text:httpSendErrorResponse)
                  8035d620    00000080     hal_timer_bios.ae66 : lltimer.oe66 (.text:llTimerGetTime)
                  8035d6a0    00000080     helloWorld_pe66.oe66 (.text:malloc)
                  8035d720    00000080     ti.drv.pa.ae66 : pa.oe66 (.text:pa_uint8_match)
                  8035d7a0    00000080     rts6600_elf.lib : trgmsg.obj (.text:readmsg)
                  8035d820    00000080     nettool.ae66 : httpsend.oe66 (.text:strcat)
                  8035d8a0    00000080     rts6600_elf.lib : strncpy.obj (.text:strncpy)
                  8035d920    00000080     ti.drv.pa.ae66 : pa.oe66 (.text:swizFcmd)
                  8035d9a0    00000080     ti.platform.evm6678l.ae66 : evm66x_i2c.obj (.text)
                  8035da20    00000080     sysbios.lib : BIOS.obj (.text:ti_sysbios_family_c62_TaskSupport_start__E)
                  8035daa0    00000080                 : BIOS.obj (.text:ti_sysbios_family_c64p_Exception_Module_startup__F)
                  8035db20    00000080                 : BIOS.obj (.text:ti_sysbios_family_c64p_Hwi_eventMap__E)
                  8035dba0    00000080                 : BIOS.obj (.text:ti_sysbios_family_c66_Cache_invL1pAll__E)
                  8035dc20    00000080                 : BIOS.obj (.text:ti_sysbios_family_c66_tci66xx_CpIntc_getEventId__F)
                  8035dca0    00000080                 : BIOS.obj (.text:ti_sysbios_family_c66_tci66xx_CpIntc_mapSysIntToHostInt__F)
                  8035dd20    00000080     helloWorld_pe66.oe66 (.text:ti_sysbios_gates_GateHwi_Object__create__S)
                  8035dda0    00000080     helloWorld_pe66.oe66 (.text:ti_sysbios_gates_GateMutex_Object__create__S)
                  8035de20    00000080     sysbios.lib : BIOS.obj (.text:ti_sysbios_hal_Hwi_checkStack:ti_sysbios_hal_Hwi_checkStack)
                  8035dea0    00000080     helloWorld_pe66.oe66 (.text:ti_sysbios_heaps_HeapMem_Object__create__S)
                  8035df20    00000080     sysbios.lib : BIOS.obj (.text:ti_sysbios_knl_Clock_Module_startup__F)
                  8035dfa0    00000080     helloWorld_pe66.oe66 (.text:ti_sysbios_knl_Clock_Object__create__S)
                  8035e020    00000080     sysbios.lib : BIOS.obj (.text:ti_sysbios_knl_Clock_getTicks__E)
                  8035e0a0    00000080                 : BIOS.obj (.text:ti_sysbios_knl_Idle_loop__E)
                  8035e120    00000080     helloWorld_pe66.oe66 (.text:ti_sysbios_knl_Queue_Object__create__S)
                  8035e1a0    00000080     helloWorld_pe66.oe66 (.text:ti_sysbios_knl_Semaphore_Object__create__S)
                  8035e220    00000080     sysbios.lib : BIOS.obj (.text:ti_sysbios_knl_Semaphore_pendTimeout__I)
                  8035e2a0    00000080                 : BIOS.obj (.text:ti_sysbios_knl_Swi_startup__E)
                  8035e320    00000080                 : BIOS.obj (.text:ti_sysbios_knl_Task_deleteTerminatedTasksFunc__I)
                  8035e3a0    00000080                 : BIOS.obj (.text:ti_sysbios_knl_Task_restore__E)
                  8035e420    00000080                 : BIOS.obj (.text:ti_sysbios_timers_timer64_Timer_getCount__E)
                  8035e4a0    00000080                 : BIOS.obj (.text:ti_sysbios_timers_timer64_Timer_getPeriod__E)
                  8035e520    00000080     rts6600_elf.lib : lowlev.obj (.text:unlink)
                  8035e5a0    00000080     ti.targets.rts6000.ae66 : Core-label.oe66 (.text:xdc_runtime_Core_assignLabel__I)
                  8035e620    00000080                             : Core-params.oe66 (.text:xdc_runtime_Core_assignParams__I)
                  8035e6a0    00000080                             : LoggerBuf.oe66 (.text:xdc_runtime_LoggerBuf_filterOutEvent__I)
                  8035e720    00000080                             : System.oe66 (.text:xdc_runtime_System_atexit__F)
                  8035e7a0    00000080                             : System.oe66 (.text:xdc_runtime_System_rtsExit__I)
                  8035e820    00000080                             : Text.oe66 (.text:xdc_runtime_Text_printVisFxn__I)
                  8035e8a0    00000080                             : Text.oe66 (.text:xdc_runtime_Text_xprintf__I)
                  8035e920    00000060     ADS1298_drv.obj (.text)
                  8035e980    00000060     stk6_ppp_pppoe.ae66 : bind6.oe66 (.text:Bind6FindByIF)
                  8035e9e0    00000060                         : bind6.oe66 (.text:Bind6IF2IPHost)
                  8035ea40    00000060                         : bind.oe66 (.text:BindFindByHost)
                  8035eaa0    00000060                         : bind.oe66 (.text:BindFindByIF)
                  8035eb00    00000060                         : bind.oe66 (.text:BindFindByNet)
                  8035eb60    00000060                         : bind.oe66 (.text:BindGetIFByDBCast)
                  8035ebc0    00000060                         : bind.oe66 (.text:BindIF2IPHost)
                  8035ec20    00000060     nettool.ae66 : config.oe66 (.text:CfgEntryInfo)
                  8035ec80    00000060                  : config.oe66 (.text:CfgSetService)
                  8035ece0    00000060     stk6_ppp_pppoe.ae66 : md5.oe66 (.text:Encode)
                  8035ed40    00000060                         : exec.oe66 (.text:ExecBroadcast)
                  8035eda0    00000060                         : igmp.oe66 (.text:IGMPTestGroup)
                  8035ee00    00000060                         : ip.oe66 (.text:IPChecksum)
                  8035ee60    00000060                         : lli.oe66 (.text:LLIFree)
                  8035eec0    00000060                         : nimu.oe66 (.text:NIMUAddHeader)
                  8035ef20    00000060                         : nimu.oe66 (.text:NIMUCreatePacket)
                  8035ef80    00000060                         : nimu.oe66 (.text:NIMUFindByIndex)
                  8035efe0    00000060                         : nimu.oe66 (.text:NIMUPacketService)
                  8035f040    00000060                         : nimu.oe66 (.text:NIMUPacketServiceCheck)
                  8035f0a0    00000060                         : nimu.oe66 (.text:NIMUSendPacket)
                  8035f100    00000060     netctrl.ae66 : netsrv.oe66 (.text:NS_PreBoot)
                  8035f160    00000060     stk6_ppp_pppoe.ae66 : nimuppp.oe66 (.text:PPPStart)
                  8035f1c0    00000060                         : rtc.oe66 (.text:RTCAddHook)
                  8035f220    00000060                         : rtc.oe66 (.text:RTCRemoveHook)
                  8035f280    00000060                         : rawethsock_pcb.oe66 (.text:RawEthSockPcbCleanup)
                  8035f2e0    00000060                         : rawethsock_pcb.oe66 (.text:RawEthSockPcbFind)
                  8035f340    00000060                         : route6.oe66 (.text:Rt6GetNetworkAddr)
                  8035f3a0    00000060                         : rtable.oe66 (.text:RtWalkEnd)
                  8035f400    00000060     netctrl.ae66 : netsrv.oe66 (.text:ServiceCallback)
                  8035f460    00000060     stk6_ppp_pppoe.ae66 : sock6pcb.oe66 (.text:Sock6PcbDetach)
                  8035f4c0    00000060                         : sock6prot.oe66 (.text:Sock6PrCtlError)
                  8035f520    00000060                         : sock6prot.oe66 (.text:Sock6PrDetach)
                  8035f580    00000060                         : sockprot.oe66 (.text:SockPrCtlError)
                  8035f5e0    00000060                         : sockprot.oe66 (.text:SockPrDetach)
                  8035f640    00000060                         : tcp6prot.oe66 (.text:TCP6PrConnect)
                  8035f6a0    00000060                         : tcp6time.oe66 (.text:TCP6SetPersist)
                  8035f700    00000060                         : tcp6time.oe66 (.text:TCP6TimeoutPersist)
                  8035f760    00000060                         : tcpprot.oe66 (.text:TcpPrConnect)
                  8035f7c0    00000060                         : tcptime.oe66 (.text:TcpSetPersist)
                  8035f820    00000060                         : tcptime.oe66 (.text:TcpTimeoutPersist)
                  8035f880    00000060                         : vlan.oe66 (.text:VLANFindNode)
                  8035f8e0    00000060                         : vlan.oe66 (.text:VLANFindSourceInterface)
                  8035f940    00000060                         : vlan.oe66 (.text:VLANInit)
                  8035f9a0    00000060     nettool.ae66 : config.oe66 (.text:_CfgEntryProcess)
                  8035fa00    00000060     rts6600_elf.lib : frcmpyd_div.obj (.text:__c6xabi_frcmpyd_div)
                  8035fa60    00000060                     : llshift.obj (.text:__c6xabi_llshru)
                  8035fac0    00000060                     : imath64.obj (.text:_subcull)
                  8035fb20    00000060     ti.drv.cppi.ae66 : cppi_listlib.oe66 (.text:cppi_list_add)
                  8035fb80    00000060                      : cppi_listlib.oe66 (.text:cppi_list_cache_invalidate)
                  8035fbe0    00000060     nettool.ae66 : dhcpbild.oe66 (.text:dhcpBuildDiscover)
                  8035fc40    00000060                  : dhcpsock.oe66 (.text:dhcpPacketReceive)
                  8035fca0    00000060                  : dhcpsock.oe66 (.text:dhcpPacketSend)
                  8035fd00    00000060     stk6_ppp_pppoe.ae66 : fileuser.oe66 (.text:fdSelectAbort)
                  8035fd60    00000060                         : file.oe66 (.text:fdint_clearevent)
                  8035fdc0    00000060                         : file.oe66 (.text:fdint_getfdt)
                  8035fe20    00000060                         : file.oe66 (.text:fdint_setevent)
                  8035fe80    00000060                         : fileuser.oe66 (.text:fdsetTestEntry)
                  8035fee0    00000060     nettool.ae66 : httpsend.oe66 (.text:httpSendClientStr)
                  8035ff40    00000060     stk6_ppp_pppoe.ae66 : ipcp.oe66 (.text:ipcpInit)
                  8035ffa0    00000060                         : ipcp.oe66 (.text:ipcpStart)
                  80360000    00000060                         : lcp.oe66 (.text:lcpClose)
                  80360060    00000060                         : listlib.oe66 (.text:list_cat)
                  803600c0    00000060                         : listlib.oe66 (.text:list_remove_node)
                  80360120    00000060     rts6600_elf.lib : memccpy.obj (.text:memccpy)
                  80360180    00000060     os.ae66 : mem.oe66 (.text:mmUnInitPage)
                  803601e0    00000060     ti.drv.pa.ae66 : painit.oe66 (.text:pa_init_global_cfg)
                  80360240    00000060                    : pa.oe66 (.text:pa_uint8_zero)
                  803602a0    00000060     stk6_ppp_pppoe.ae66 : nimupppoe.oe66 (.text:pppoeInput)
                  80360300    00000060                         : socket.oe66 (.text:recvncfree)
                  80360360    00000060     rts6600_elf.lib : sprintf.obj (.text:sprintf)
                  803603c0    00000060     nettool.ae66 : httpsend.oe66 (.text:strcpy)
                  80360420    00000060     rts6600_elf.lib : strcpy.obj (.text:strcpy)
                  80360480    00000060     helloWorld_pe66.oe66 (.text:ti_ndk_config_Global_stackThread)
                  803604e0    00000060     helloWorld_pe66.oe66 (.text:ti_sysbios_BIOS_exitFunc__I)
                  80360540    00000060     sysbios.lib : BIOS.obj (.text:ti_sysbios_BIOS_registerRTSLock__I)
                  803605a0    00000060                 : BIOS.obj (.text:ti_sysbios_family_c64p_EventCombiner_Module_startup__F)
                  80360600    00000060                 : BIOS.obj (.text:ti_sysbios_family_c64p_EventCombiner_dispatchPlug__F)
[...]
8037d11c   ti_sysbios_family_c64p_Hwi_Object__DESC__C
8037d13c   ti_sysbios_BIOS_installedErrorHook__C
8037d140   ti_sysbios_family_c66_tci66xx_CpIntc_hostIntToEventId__A
8037d160   ti_sysbios_gates_GateHwi_Object__DESC__C
8037d180   ti_sysbios_gates_GateMutex_Object__DESC__C
8037d1a0   ti_sysbios_hal_Hwi_Object__DESC__C
8037d1c0   ti_sysbios_heaps_HeapMem_Object__DESC__C
8037d1e0   ti_sysbios_heaps_HeapMem_Object__PARAMS__C
8037d200   ti_sysbios_knl_Clock_Object__DESC__C
8037d220   ti_sysbios_knl_Queue_Object__DESC__C
8037d240   ti_sysbios_knl_Semaphore_Object__DESC__C
8037d260   ti_sysbios_knl_Task_Object__DESC__C
8037d280   xdc_runtime_LoggerBuf_Object__DESC__C
8037d2dc   ti_sysbios_family_c62_TaskSupport_stackAlignment__C
8037d2e0   xdc_runtime_Startup_sfxnRts__A
8037d31c   ti_sysbios_family_c64p_EventCombiner_E_unpluggedEvent__C
8037d320   ti_sysbios_family_c66_tci66xx_CpIntc_eventId__A
8037d33a   ti_sysbios_gates_GateMutex_Module__id__C
8037d33c   ti_sysbios_family_c64p_Exception_E_exceptionMin__C
8037d340   ti_sysbios_family_c66_tci66xx_CpIntc_hostIntToEventId_0__A
8037d35a   ti_sysbios_hal_Hwi_Module__id__C
8037d35c   ti_sysbios_family_c64p_Exception_exceptionHook__C
8037d360   ti_sysbios_family_c66_tci66xx_CpIntc_hostIntToEventId_1__A
8037d37a   ti_sysbios_heaps_HeapMem_Module__id__C
8037d37c   ti_sysbios_family_c64p_Exception_externalHook__C
8037d380   ti_sysbios_family_c66_tci66xx_CpIntc_hostIntToEventId_2__A
8037d39a   ti_sysbios_knl_Clock_Module__id__C
8037d39c   ti_sysbios_family_c64p_Exception_internalHook__C
8037d3a0   ti_sysbios_family_c66_tci66xx_CpIntc_hostIntToEventId_3__A
8037d3ba   ti_sysbios_knl_Clock_Module__loggerDefined__C
8037d3bc   ti_sysbios_family_c64p_Exception_nmiHook__C
8037d3c0   ti_sysbios_family_c66_tci66xx_CpIntc_hostIntToEventId_4__A
8037d3da   ti_sysbios_knl_Semaphore_Module__id__C
8037d3dc   ti_sysbios_family_c64p_Hwi_E_alreadyDefined__C
8037d3e0   ti_sysbios_family_c66_tci66xx_CpIntc_hostIntToEventId_5__A
8037d3fa   ti_sysbios_knl_Semaphore_Module__loggerDefined__C
8037d3fc   ti_sysbios_family_c64p_Hwi_E_handleNotFound__C
8037d400   ti_sysbios_family_c66_tci66xx_CpIntc_hostIntToEventId_6__A
8037d41a   ti_sysbios_knl_Swi_Module__id__C
8037d41c   ti_sysbios_family_c64p_Hwi_LD_end__C
8037d420   ti_sysbios_family_c66_tci66xx_CpIntc_hostIntToEventId_7__A
8037d43a   ti_sysbios_knl_Swi_Module__loggerDefined__C
8037d43c   ti_sysbios_family_c64p_Hwi_LM_begin__C
8037d4b8   ti_sysbios_gates_GateHwi_Object__PARAMS__C
8037d4d0   ti_sysbios_gates_GateMutex_Object__PARAMS__C
8037d4e8   ti_sysbios_knl_Queue_Object__PARAMS__C
8037d582   ti_sysbios_knl_Task_Module__id__C
8037d584   ti_sysbios_family_c64p_Hwi_Module__diagsEnabled__C
8037d588   paMemAligns
8037d598   ti_sysbios_family_c64p_EventCombiner_EVTMASK__C
8037d5b6   ti_sysbios_knl_Task_Module__loggerDefined__C
8037d5b8   ti_sysbios_family_c66_Cache_initSize__C
8037d5da   ti_sysbios_knl_Task_deleteTerminatedTasks__C
8037d5dc   ti_sysbios_family_c64p_Hwi_Module__diagsIncluded__C
8037d5ea   ti_sysbios_knl_Task_initStackFlag__C
8037d5ec   ti_sysbios_family_c64p_Hwi_Module__diagsMask__C
8037d608   ti_sysbios_knl_Idle_funcList__A
8037d610   ti_sysbios_knl_Idle_funcList__C
8037d618   ti_sysbios_knl_Task_hooks__C
8037d620   xdc_runtime_Startup_firstFxns__A
8037d628   xdc_runtime_Startup_firstFxns__C
8037d630   xdc_runtime_Startup_lastFxns__A
8037d638   xdc_runtime_Startup_lastFxns__C
8037d646   ti_sysbios_timers_timer64_Timer_Module__id__C
8037d64e   ti_sysbios_timers_timer64_Timer_startupNeeded__C
8037d656   xdc_runtime_Core_Module__id__C
8037d658   ti_sysbios_family_c64p_Hwi_Module__loggerFxn1__C
8037d65c   ti_sysbios_family_c64p_Hwi_Module__loggerFxn8__C
8037d660   ti_sysbios_family_c64p_Hwi_Module__loggerObj__C
8037d664   ti_sysbios_family_c66_Cache_atomicBlockSize__C
8037d668   ti_sysbios_family_c66_tci66xx_CpIntc_E_unpluggedSysInt__C
8037d66c   ti_sysbios_family_c66_tci66xx_CpIntc_eventId__C
8037d670   ti_sysbios_family_c66_tci66xx_CpIntc_hostIntToEventId__C
8037d674   ti_sysbios_family_c66_tci66xx_CpIntc_numEvents__C
8037d678   ti_sysbios_family_c66_tci66xx_CpIntc_numStatusRegs__C
8037d67c   ti_sysbios_family_c66_tci66xx_CpIntc_numSysInts__C
8037d680   ti_sysbios_family_c66_tci66xx_CpIntc_sysIntToHostInt__C
8037d684   ti_sysbios_gates_GateMutex_A_badContext__C
8037d688   ti_sysbios_gates_GateMutex_Instance_State_sem__O
8037d68c   ti_sysbios_gates_GateMutex_Module__diagsEnabled__C
8037d690   ti_sysbios_gates_GateMutex_Module__diagsIncluded__C
8037d694   ti_sysbios_gates_GateMutex_Module__diagsMask__C
8037d698   ti_sysbios_hal_Hwi_E_stackOverflow__C
8037d69c   ti_sysbios_heaps_HeapBuf_Instance_State_freeList__O
8037d6a0   ti_sysbios_heaps_HeapBuf_Object__count__C
8037d6a4   ti_sysbios_heaps_HeapBuf_Object__table__C
8037d6a8   ti_sysbios_heaps_HeapBuf_numConstructedHeaps__C
8037d6ac   ti_sysbios_heaps_HeapMem_A_align__C
8037d6b0   ti_sysbios_heaps_HeapMem_A_heapSize__C
8037d6b4   ti_sysbios_heaps_HeapMem_A_invalidFree__C
8037d6b8   ti_sysbios_heaps_HeapMem_A_zeroBlock__C
8037d6bc   ti_sysbios_heaps_HeapMem_E_memory__C
8037d6c0   ti_sysbios_heaps_HeapMem_Module__diagsEnabled__C
8037d6c4   ti_sysbios_heaps_HeapMem_Module__diagsIncluded__C
8037d6c8   ti_sysbios_heaps_HeapMem_Module__diagsMask__C
8037d6cc   ti_sysbios_heaps_HeapMem_Module__gateObj__C
8037d6d0   ti_sysbios_heaps_HeapMem_Object__count__C
8037d6d4   ti_sysbios_heaps_HeapMem_Object__table__C
8037d6d8   ti_sysbios_heaps_HeapMem_reqAlignMask__C
8037d6dc   ti_sysbios_heaps_HeapMem_reqAlign__C
8037d6e0   ti_sysbios_knl_Clock_A_badThreadType__C
8037d6e4   ti_sysbios_knl_Clock_LM_begin__C
8037d6e8   ti_sysbios_knl_Clock_LM_tick__C
8037d6ec   ti_sysbios_knl_Clock_LW_delayed__C
8037d6f0   ti_sysbios_knl_Clock_Module_State_clockQ__O
8037d6f4   ti_sysbios_knl_Clock_Module__diagsEnabled__C
8037d6f8   ti_sysbios_knl_Clock_Module__diagsIncluded__C
8037d6fc   ti_sysbios_knl_Clock_Module__diagsMask__C
8037d700   ti_sysbios_knl_Clock_Module__loggerFxn1__C
8037d704   ti_sysbios_knl_Clock_Module__loggerFxn2__C
8037d708   ti_sysbios_knl_Clock_Module__loggerObj__C
8037d70c   ti_sysbios_knl_Clock_tickMode__C
8037d710   ti_sysbios_knl_Clock_tickSource__C
8037d714   ti_sysbios_knl_Queue_Object__count__C
8037d718   ti_sysbios_knl_Queue_Object__table__C
8037d71c   ti_sysbios_knl_Semaphore_A_badContext__C
8037d720   ti_sysbios_knl_Semaphore_A_noEvents__C
8037d724   ti_sysbios_knl_Semaphore_A_overflow__C
8037d728   ti_sysbios_knl_Semaphore_Instance_State_pendQ__O
8037d72c   ti_sysbios_knl_Semaphore_LM_pend__C
8037d730   ti_sysbios_knl_Semaphore_LM_post__C
8037d734   ti_sysbios_knl_Semaphore_Module__diagsEnabled__C
8037d738   ti_sysbios_knl_Semaphore_Module__diagsIncluded__C
8037d73c   ti_sysbios_knl_Semaphore_Module__diagsMask__C
8037d740   ti_sysbios_knl_Semaphore_Module__loggerFxn2__C
8037d744   ti_sysbios_knl_Semaphore_Module__loggerFxn4__C
8037d748   ti_sysbios_knl_Semaphore_Module__loggerObj__C
8037d74c   ti_sysbios_knl_Swi_LD_end__C
8037d750   ti_sysbios_knl_Swi_LM_begin__C
8037d754   ti_sysbios_knl_Swi_LM_post__C
8037d758   ti_sysbios_knl_Swi_Module__diagsEnabled__C
8037d75c   ti_sysbios_knl_Swi_Module__diagsIncluded__C
8037d760   ti_sysbios_knl_Swi_Module__diagsMask__C
8037d764   ti_sysbios_knl_Swi_Module__loggerFxn1__C
8037d768   ti_sysbios_knl_Swi_Module__loggerFxn4__C
8037d76c   ti_sysbios_knl_Swi_Module__loggerObj__C
8037d770   ti_sysbios_knl_Swi_Object__count__C
8037d774   ti_sysbios_knl_Swi_Object__table__C
8037d778   ti_sysbios_knl_Task_A_badPriority__C
8037d77c   ti_sysbios_knl_Task_A_badTaskState__C
8037d780   ti_sysbios_knl_Task_A_badThreadType__C
8037d784   ti_sysbios_knl_Task_A_badTimeout__C
8037d788   ti_sysbios_knl_Task_A_noPendElem__C
8037d78c   ti_sysbios_knl_Task_E_spOutOfBounds__C
8037d790   ti_sysbios_knl_Task_E_stackOverflow__C
8037d794   ti_sysbios_knl_Task_LD_block__C
8037d798   ti_sysbios_knl_Task_LD_exit__C
8037d79c   ti_sysbios_knl_Task_LD_ready__C
8037d7a0   ti_sysbios_knl_Task_LM_setPri__C
8037d7a4   ti_sysbios_knl_Task_LM_sleep__C
8037d7a8   ti_sysbios_knl_Task_LM_switch__C
8037d7ac   ti_sysbios_knl_Task_Module_State_inactiveQ__O
8037d7b0   ti_sysbios_knl_Task_Module_State_terminatedQ__O
8037d7b4   ti_sysbios_knl_Task_Module__diagsEnabled__C
8037d7b8   ti_sysbios_knl_Task_Module__diagsIncluded__C
8037d7bc   ti_sysbios_knl_Task_Module__diagsMask__C
8037d7c0   ti_sysbios_knl_Task_Module__loggerFxn2__C
8037d7c4   ti_sysbios_knl_Task_Module__loggerFxn4__C
8037d7c8   ti_sysbios_knl_Task_Module__loggerObj__C
8037d7cc   ti_sysbios_knl_Task_Object__count__C
8037d7d0   ti_sysbios_knl_Task_Object__heap__C
8037d7d4   ti_sysbios_knl_Task_Object__table__C
8037d7d8   ti_sysbios_knl_Task_allBlockedFunc__C
8037d7dc   ti_sysbios_knl_Task_defaultStackHeap__C
8037d7e0   ti_sysbios_knl_Task_defaultStackSize__C
8037d7e4   ti_sysbios_knl_Task_numConstructedTasks__C
8037d7e8   ti_sysbios_knl_Task_numPriorities__C
8037d7ec   ti_sysbios_timers_timer64_Timer_A_notAvailable__C
8037d7f0   ti_sysbios_timers_timer64_Timer_E_cannotSupport__C
8037d7f4   ti_sysbios_timers_timer64_Timer_Module__diagsEnabled__C
8037d7f8   ti_sysbios_timers_timer64_Timer_Module__diagsIncluded__C
8037d7fc   ti_sysbios_timers_timer64_Timer_Module__diagsMask__C
8037d800   ti_sysbios_timers_timer64_Timer_anyMask__C
8037d804   ti_sysbios_timers_timer64_Timer_freqDivisor__C
8037d808   ti_sysbios_timers_timer64_Timer_numLocalTimers__C
8037d80c   ti_sysbios_timers_timer64_Timer_numTimerDevices__C
8037d810   xdc_runtime_Assert_E_assertFailed__C
8037d814   xdc_runtime_Core_A_initializedParams__C
8037d818   xdc_runtime_Core_Module__diagsEnabled__C
8037d81c   xdc_runtime_Core_Module__diagsIncluded__C
8037d820   xdc_runtime_Core_Module__diagsMask__C
8037d824   xdc_runtime_Error_E_generic__C
8037d828   xdc_runtime_Error_E_memory__C
8037d82c   xdc_runtime_Error_Module__diagsEnabled__C
8037d830   xdc_runtime_Error_Module__diagsIncluded__C
8037d834   xdc_runtime_Error_Module__diagsMask__C
8037d838   xdc_runtime_Error_Module__loggerFxn8__C
8037d83c   xdc_runtime_Error_Module__loggerObj__C
8037d840   xdc_runtime_Error_policy__C
8037d844   xdc_runtime_Error_raiseHook__C
8037d848   xdc_runtime_IFilterLogger_Interface__BASE__C
8037d84c   xdc_runtime_IGateProvider_Interface__BASE__C
8037d850   xdc_runtime_IHeap_Interface__BASE__C
8037d854   xdc_runtime_ILogger_Interface__BASE__C
8037d858   xdc_runtime_IModule_Interface__BASE__C
8037d85c   xdc_runtime_Log_L_error__C
8037d860   xdc_runtime_LoggerBuf_E_badLevel__C
8037d864   xdc_runtime_LoggerBuf_Module__gateObj__C
8037d868   xdc_runtime_LoggerBuf_Object__count__C
8037d86c   xdc_runtime_LoggerBuf_Object__table__C
8037d870   xdc_runtime_LoggerBuf_statusLogger__C
8037d874   xdc_runtime_Memory_defaultHeapInstance__C
8037d878   xdc_runtime_Startup_execImpl__C
8037d87c   xdc_runtime_Startup_maxPasses__C
8037d880   xdc_runtime_Startup_sfxnRts__C
8037d884   xdc_runtime_Startup_sfxnTab__C
8037d888   xdc_runtime_Startup_startModsFxn__C
8037d88c   xdc_runtime_System_Module__gateObj__C
8037d890   xdc_runtime_System_extendFxn__C
8037d894   xdc_runtime_System_maxAtexitHandlers__C
8037d898   xdc_runtime_Text_charTab__C
8037d89c   xdc_runtime_Text_nameEmpty__C
8037d8a0   xdc_runtime_Text_nameStatic__C
8037d8a4   xdc_runtime_Text_nameUnknown__C
8037d8a8   xdc_runtime_Text_nodeTab__C
8037d8ac   xdc_runtime_Text_visitRopeFxn__C
8037d8b0   xdc_runtime_Error_Module__loggerDefined__C
8037d8b2   xdc_runtime_Error_maxDepth__C
8037d8b4   xdc_runtime_LoggerBuf_Module__id__C
8037d8b6   xdc_runtime_LoggerBuf_filterByLevel__C
8037d8b8   xdc_runtime_Memory_Module__id__C
8037d8ba   xdc_runtime_Text_charCnt__C
8037d8bc   xdc_runtime_Text_isLoaded__C
8037d8be   xdc_runtime_Text_registryModsLastId__C
8037d8c0   xdc_runtime_Text_unnamedModsLastId__C
8037d8d0   ADS1298DataFormat
8037d8ec   ADS1298TransferParam
8037d900   queueFree
8037f900   qmssGObj
8037fd00   ti_sysbios_BIOS_Module__state__V
8037fd1c   ti_sysbios_family_c64p_EventCombiner_Module__state__V
8038011c   ti_sysbios_family_c64p_Exception_Module__state__V
80380148   ti_sysbios_family_c64p_Hwi_Module__root__V
80380150   ti_sysbios_family_c64p_Hwi_Module__state__V
803801b8   ti_sysbios_family_c66_tci66xx_CpIntc_Module__state__V
803801c8   ti_sysbios_gates_GateHwi_Module__root__V
803801d0   ti_sysbios_gates_GateMutex_Module__root__V
803801d8   ti_sysbios_hal_Hwi_Module__root__V
803801e0   ti_sysbios_hal_Timer_Module__root__V
803801e8   ti_sysbios_heaps_HeapBuf_Module__root__V
803801f0   ti_sysbios_heaps_HeapBuf_Module__state__V
803801f4   ti_sysbios_heaps_HeapMem_Module__root__V
803801fc   ti_sysbios_knl_Clock_Module__root__V
80380204   ti_sysbios_knl_Clock_Module__state__V
80380230   ti_sysbios_knl_Queue_Module__root__V
80380238   ti_sysbios_knl_Semaphore_Module__root__V
80380240   ti_sysbios_knl_Swi_Module__root__V
80380248   ti_sysbios_knl_Swi_Module__state__V
80380264   ti_sysbios_knl_Task_Module__root__V
8038026c   ti_sysbios_knl_Task_Module__state__V
803802a0   ti_sysbios_timers_timer64_Timer_Module__root__V
803802a8   ti_sysbios_timers_timer64_Timer_Module__state__V
803802bc   xdc_runtime_Error_Module__state__V
803802c0   xdc_runtime_LoggerBuf_Module__root__V
803802c8   xdc_runtime_LoggerBuf_Module__state__V
803802d0   xdc_runtime_Memory_Module__state__V
803802d4   xdc_runtime_Registry_Module__state__V
803802dc   xdc_runtime_Startup_Module__state__V
803802e4   xdc_runtime_System_Module__state__V
803802f0   xdc_runtime_Text_Module__state__V
803802f8   __xdc__init__addr
803802fc   _ft_end
80380300   ti_sysbios_family_c66_tci66xx_CpIntc_Module_State_0_dispatchTab__A
80380800   _ftable
803809e0   ti_sysbios_timers_timer64_Timer_Module_State_0_device__A
80380b60   qmssGblCfgParams
80380c80   ti_sysbios_knl_Task_Object__table__V
80380d58   TSK_idle
80380da0   _ipcfg
80380ef8   ti_sysbios_knl_Swi_Module_State_0_readyQ__A
80380f78   ti_sysbios_knl_Task_Module_State_0_readyQ__A
80380ff8   ti_sysbios_timers_timer64_Timer_Module_State_0_gctrl__A
80381078   ti_sysbios_timers_timer64_Timer_Module_State_0_handles__A
803810f8   ti_sysbios_timers_timer64_Timer_Module_State_0_intFreqs__A
803811f0   cppiGblCfgParams
80381268   ti_sysbios_family_c64p_Hwi_Object__table__V
80381380   ti_sysbios_family_c66_tci66xx_CpIntc_Module_State_0_hostIntToSysInt__A
803813cc   cppiLObj
803813d0   ti_sysbios_timers_timer64_Timer_Object__table__V
8038141c   paLObj
80381520   gstruMpuAddrRange
80381560   ti_sysbios_gates_GateMutex_Object__table__V
803815d4   _cleanup_ptr
803815d8   _dtors_ptr
803815dc   __TI_enable_exit_profile_output
80381618   ti_sysbios_knl_Swi_Object__table__V
80381648   gpEDMA_TC_regs
80381670   gpTimerRegs
80381698   internal_exception_str
803816bc   _oscfg
803816e0   xdc_runtime_LoggerBuf_Object__table__V
80381708   Qmss_highEoiVector
80381728   bus_err_stat_str
80381748   gCIC_EXC_EN_MASK
80381768   gpMPU_regs
80381788   NIMUDeviceTable
80381790   pstrMsgName
803817b0   xdc_runtime_System_Module_State_0_atexitHandlers__A
803817d0   Peri_MPU_err_type_str
80381800   ti_sysbios_knl_Semaphore_Object__table__V
80381848   Ns_str
80381864   _lock
80381868   _unlock
80381888   ti_sysbios_family_c66_tci66xx_CpIntc_Module_State_0_initSIER__A
803818a0   ti_sysbios_heaps_HeapMem_Object__table__V
803818b8   Qmss_lowEoiVector
803818c8   spi_int_str
803818d8   ti_sysbios_family_c66_tci66xx_CpIntc_Module_State_0_controller__A
803818e8   gpEDMA_CC_regs
803818f8   ti_sysbios_hal_Hwi_Object__table__V
80381920   ti_sysbios_hal_Timer_Object__table__V
80381928   ti_sysbios_gates_GateHwi_Object__table__V
80381938   Qmss_cdmaEoiVector
803819a0   gDeviceNandBBlist
80382bcc   gDeviceNand
80382c04   gDeviceNor
80382c3c   gDeviceEeprom0
80382c74   gDeviceEeprom1
80382cb0   emac_port_mode
80383000   ti_sysbios_family_c64p_Hwi0
80383020   ti_sysbios_family_c64p_Hwi1
80383040   ti_sysbios_family_c64p_Hwi2
80383060   ti_sysbios_family_c64p_Hwi3
80383080   ti_sysbios_family_c64p_Hwi4
803830a0   ti_sysbios_family_c64p_Hwi5
803830c0   ti_sysbios_family_c64p_Hwi6
803830e0   ti_sysbios_family_c64p_Hwi7
80383100   ti_sysbios_family_c64p_Hwi8
80383120   ti_sysbios_family_c64p_Hwi9
80383140   ti_sysbios_family_c64p_Hwi10
80383160   ti_sysbios_family_c64p_Hwi11
80383180   ti_sysbios_family_c64p_Hwi12
803831a0   ti_sysbios_family_c64p_Hwi13
803831c0   ti_sysbios_family_c64p_Hwi14
803831e0   ti_sysbios_family_c64p_Hwi15
80383278   __TI_STATIC_BASE
80383290   _IGMPInDiscard
80383294   _IGMPInQuery
80383298   _IGMPInQueryGroup
8038329c   _IGMPInResponse
803832a0   _IGMPOutResponse
803832a4   gTxCmdReturnQHnd
803832a8   gTxCmdFreeQHnd
803832ac   ethSemHandle
803832e4   gpXMC_regs
803832e8   gpCGEM_regs
803832ec   gpBootCfgRegs
803832f0   gpPLLC_regs
803832f4   gpPSC_regs
803832f8   gpMSMC_regs
803832fc   gpGPIO_regs
80383300   gpCIC0_regs
80383304   gpCIC1_regs
80383308   gpCIC_regs
8038330c   gpEDMA_CC0_regs
80383310   gpEDMA_CC1_regs
80383314   gpEDMA_CC2_regs
80383318   gpEDMA_TC_0_0_regs
8038331c   gpEDMA_TC_0_1_regs
80383320   gpEDMA_TC_1_0_regs
80383324   gpEDMA_TC_1_1_regs
80383328   gpEDMA_TC_1_2_regs
8038332c   gpEDMA_TC_1_3_regs
80383330   gpEDMA_TC_2_0_regs
80383334   gpEDMA_TC_2_1_regs
80383338   gpEDMA_TC_2_2_regs
8038333c   gpEDMA_TC_2_3_regs
80383340   gpTimer0Regs
80383344   gpTimer1Regs
80383348   gpTimer2Regs
8038334c   gpTimer3Regs
80383350   gpTimer4Regs
80383354   gpTimer5Regs
80383358   gpTimer6Regs
8038335c   gpTimer7Regs
80383360   gpTimer8Regs
80383364   gpMPU0_regs
80383368   gpMPU1_regs
8038336c   gpMPU2_regs
80383370   gpMPU3_regs
80383374   gpDDR_regs
80383378   gDSP_Core_Speed_Hz
8038337c   cycle_measure_overhead
80383380   uiLL2_scrub_addr
80383384   LL2_EDC_victim_err_str
80383388   LL2_EDC_DMA_err_str
8038338c   LL2_EDC_L1D_err_str
80383390   LL2_EDC_L1P_err_str
80383394   guwIntcCICExcEvtIdx
80383398   gCIC_EXC_out_num
8038339c   CONTENT_TYPE_APPLET
803833a0   CONTENT_TYPE_AU
803833a4   CONTENT_TYPE_CSS
803833a8   CONTENT_TYPE_DOC
803833ac   CONTENT_TYPE_GIF
803833b0   CONTENT_TYPE_HTML
803833b4   CONTENT_TYPE_JPG
803833b8   CONTENT_TYPE_MPEG
803833bc   CONTENT_TYPE_PDF
803833c0   CONTENT_TYPE_WAV
803833c4   CONTENT_TYPE_ZIP
803833c8   CONTENT_TYPE
803833cc   CONTENT_LENGTH
803833d0   CRLF
803833d4   DEFAULT_NAME
803833d8   HTTP_VER
803833dc   SPACE
803833e0   PITCount
803833e4   PITUsed
803833e8   PITHigh
80383404   VerStr
80383408   HostName
8038340c   LocalIPAddr
80383410   LocalIPMask
80383414   GatewayIP
80383418   DomainName
8038341c   DNSServer
80383490   _IGMPForceVersion1
803834a4   DebugLogSize
803834a8   DebugCritError
803834b4   _ICMPInErrors
803834b8   _ICMPOutErrors
803834bc   _IPExecuting
803834cc   gFragQList
803834ec   tcp_iss
803834f0   ptTimeFirst
803834f4   pt6TimeFirst
803834f8   tcp6_iss
80383504   platform_errno
80383508   platform_init_return_code
8038350c   spiRegs
80383510   SPI_event_num
80383520   httpErrorResponseHook
8038352c   _IPReasmPtr
80383534   gMLDNodeList
8038354c   qmssLObjIsValid
80383550   IPV6_MAX_MULTICAST_SOLICIT
80383554   IPV6_MAX_UNICAST_SOLICIT
80383558   IPV6_RETRANS_TIME
8038355c   IPV6_DELAY_FIRST_PROBE_TIME
80383560   IPV6_REACHABLE_TIME
80383564   IPV6_MAX_RTR_SOLICITATION_DELAY
80383568   IPV6_RTR_SOLICITATION_INTERVAL
8038356c   IPV6_MAX_RTR_SOLICITATIONS
80383570   INFINITE_LT
80383574   heap0
80383578   semDRDY
8038357c   tskNetworkInit
80383580   tskADS1298Init
80383584   ti_ndk_config_Global_rawPageSize
80383588   ti_ndk_config_Global_rawPageCount
8038358c   ti_ndk_config_Global_smallest
80383590   ti_ndk_config_Global_largest
80383594   ti_ndk_config_Global_numFrameBuf
80383598   ti_ndk_config_Global_sizeFrameBuf
80383600   cppiObject
80383800   __CIOBUF_
80385088   __TI_Handler_Table_Base
80385094   __TI_Handler_Table_Limit
803850f0   __TI_CINIT_Base
80385178   __TI_CINIT_Limit
ffffffff   __TI_pprof_out_hndl
ffffffff   __TI_prof_data_size
ffffffff   __TI_prof_data_start
ffffffff   __binit__
ffffffff   __c_args__
ffffffff   binit
UNDEFED    __TI_INITARRAY_Base
UNDEFED    __TI_INITARRAY_Limit

[1809 symbols]
