******************************************************************************
               TMS320C6x Linker PC v7.4.6                      
******************************************************************************
>> Linked Thu Jan 14 20:55:31 2016

OUTPUT FILE NAME:   <Pacemaker_DET.out>
ENTRY POINT SYMBOL: "_c_int00"  address: 8035b8e0


MEMORY CONFIGURATION

         name            origin    length      used     unused   attr    fill
----------------------  --------  ---------  --------  --------  ----  --------
  L2SRAM                00800000   00080000  0005d940  000226c0  RW X
  MSMCSRAM              0c000000   00400000  00000000  00400000  RW X
  DDR3                  80000000   20000000  0038883c  1fc777c4  RWIX


SEGMENT ALLOCATION MAP

run origin  load origin   length   init length attrs members
----------  ----------- ---------- ----------- ----- -------
00800000    00800000    0005cf88   00000000    rw-
  00800000    00800000    00052b00   00000000    rw- .far:NDK_PACKETMEM
  00852b00    00852b00    00004000   00000000    rw- .resmgr_memregion
  00856b00    00856b00    00004000   00000000    rw- .far:taskStackSection
  0085ab00    0085ab00    00001488   00000000    rw- .resmgr_pa
  0085bf88    0085bf88    00001000   00000000    rw- .stack
0085cf90    0085cf90    00000600   00000000    rw-
  0085cf90    0085cf90    00000600   00000000    rw- .far:NDK_OBJMEM
0085d600    0085d600    00000318   00000318    rw-
  0085d600    0085d600    00000318   00000318    rw- .nimu_eth_ll2
0085d920    0085d920    000000a0   00000000    rw-
  0085d920    0085d920    000000a0   00000000    rw- .resmgr_handles
80000000    80000000    00300000   00000000    rw-
  80000000    80000000    00300000   00000000    rw- systemHeap
80300000    80300000    00065780   00065780    r-x
  80300000    80300000    00065780   00065780    r-x .text
80365780    80365780    00010090   00010090    rw-
  80365780    80365780    00010090   00010090    rw- .far
80375810    80375810    0000b752   0000b752    r--
  80375810    80375810    0000b752   0000b752    r-- .const
80380f70    80380f70    00000010   00000010    rw-
  80380f70    80380f70    00000010   00000010    rw- .fardata.1
80380f80    80380f80    00002400   00000000    rw-
  80380f80    80380f80    00002400   00000000    rw- .qmss
80383380    80383380    00001cf6   00001cf6    rw-
  80383380    80383380    00001cf6   00001cf6    rw- .fardata.2
80385078    80385078    00001370   00001370    rw-
  80385078    80385078    00001370   00001370    rw- platform_lib
803863e8    803863e8    00000018   00000018    r--
  803863e8    803863e8    00000018   00000018    r-- .switch.1
80386400    80386400    000005a4   000005a4    r-x
  80386400    80386400    00000200   00000200    r-x .vecs
  80386600    80386600    000003a4   000003a4    r-- .switch.2
803869a4    803869a4    00000070   00000000    rw-
  803869a4    803869a4    00000070   00000000    rw- .bss
80386a14    80386a14    00000279   00000279    rw-
  80386a14    80386a14    00000279   00000279    rw- .neardata
80386c90    80386c90    00000054   00000054    r--
  80386c90    80386c90    00000054   00000054    r-- .rodata
80386d00    80386d00    00000320   00000000    rw-
  80386d00    80386d00    00000200   00000000    rw- .cppi
  80386f00    80386f00    00000120   00000000    rw- .cio
80387020    80387020    00001848   00001848    r--
  80387020    80387020    00001848   00001848    r-- .cinit


SECTION ALLOCATION MAP

 output                                  attributes/
section   page    origin      length       input sections
--------  ----  ----------  ----------   ----------------
.init_array 
*          0    80000000    00000000     UNINITIALIZED

.far:NDK_PACKETMEM 
*          0    00800000    00052b00     UNINITIALIZED
                  00800000    00052b00     stk6_ppp_pppoe.ae66 : pbm_data.oe66 (.far:NDK_PACKETMEM)

.resmgr_memregion 
*          0    00852b00    00004000     UNINITIALIZED
                  00852b00    00004000     resourcemgr.obj (.resmgr_memregion)

.far:taskStackSection 
*          0    00856b00    00004000     UNINITIALIZED
                  00856b00    00004000     Pacemaker_DET_pe66.oe66 (.far:taskStackSection)

.resmgr_pa 
*          0    0085ab00    00001488     UNINITIALIZED
                  0085ab00    00001488     resourcemgr.obj (.resmgr_pa)

.stack     0    0085bf88    00001000     UNINITIALIZED
                  0085bf88    00000008     boot.ae66 : boot.oe66 (.stack)
                  0085bf90    00000ff8     --HOLE--

.far:NDK_OBJMEM 
*          0    0085cf90    00000600     UNINITIALIZED
                  0085cf90    00000600     os.ae66 : ossys.oe66 (.far:NDK_OBJMEM)

.nimu_eth_ll2 
*          0    0085d600    00000318     
                  0085d600    00000308     ti.transport.ndk.nimu.ae66 : nimu_eth.obj (.nimu_eth_ll2:uninit) [fill = 0]
                  0085d908    00000010                                : nimu_eth.obj (.nimu_eth_ll2:init)

.resmgr_handles 
*          0    0085d920    000000a0     UNINITIALIZED
                  0085d920    000000a0     resourcemgr.obj (.resmgr_handles)

xdc.meta   0    80000000    000000e8     COPY SECTION
                  80000000    000000e8     Pacemaker_DET_pe66.oe66 (xdc.meta)

systemHeap 
*          0    80000000    00300000     UNINITIALIZED
                  80000000    00300000     Pacemaker_DET_pe66.oe66 (systemHeap)

.text      0    80300000    00065780     
                  80300000    000060e0     KeyStone_common.obj (.text)
                  803060e0    00002d80     ti.transport.ndk.nimu.ae66 : nimu_eth.obj (.text)
                  80308e60    00001fe0     ti.platform.evm6678l.ae66 : platform.obj (.text)
                  8030ae40    00001b40                               : evmc6678.obj (.text)
                  8030c980    00001a00     stk6_ppp_pppoe.ae66 : tcpin.oe66 (.text:TcpInput)
                  8030e380    000019a0                         : tcp6in.oe66 (.text:TCP6Input)
                  8030fd20    00001480     KeyStone_SPI_Init_drv.obj (.text)
                  803111a0    00001240     stk6_ppp_pppoe.ae66 : tcpout.oe66 (.text:TcpOutput)
                  803123e0    00001180                         : tcp6out.oe66 (.text:TCP6Output)
                  80313560    00001160     ti.platform.evm6678l.ae66 : evm66x_nand.obj (.text)
                  803146c0    00000d80                               : evmc66x_i2c_eeprom.obj (.text)
                  80315440    00000d00     resourcemgr.obj (.text)
                  80316140    00000b80     stk6_ppp_pppoe.ae66 : ipin.oe66 (.text:IPRxPacket)
                  80316cc0    00000aa0                         : md5.oe66 (.text:MD5Transform)
                  80317760    000009c0                         : ipout.oe66 (.text:IPTxPacket)
                  80318120    000009a0                         : lcp.oe66 (.text:lcpInput)
                  80318ac0    000009a0     ti.targets.rts6000.ae66 : System.oe66 (.text:xdc_runtime_System_doPrint__I)
                  80319460    000008a0     nettool.ae66 : httpclie.oe66 (.text:httpClientProcess)
                  80319d00    000007e0     ti.drv.qmss.ae66 : qmss_drv.oe66 (.text:Qmss_insertMemoryRegion)
                  8031a4e0    000007e0     stk6_ppp_pppoe.ae66 : ipcp.oe66 (.text:ipcpInput)
                  8031acc0    000007c0     nettool.ae66 : httpsend.oe66 (.text:SetContentType)
                  8031b480    000007c0     stk6_ppp_pppoe.ae66 : sock.oe66 (.text:SockSet)
                  8031bc40    000007a0                         : fileuser.oe66 (.text:fdPoll)
                  8031c3e0    00000780     sysbios.lib : BIOS.obj (.text:ti_sysbios_family_c64p_Exception_handler__I)
                  8031cb60    00000720     ti.drv.pa.ae66 : pa.oe66 (.text:Pa_addMac)
                  8031d280    00000720     Services.obj (.text)
                  8031d9a0    000006c0     nettool.ae66 : telnetd.oe66 (.text:telnet_netdata)
                  8031e060    00000680     stk6_ppp_pppoe.ae66 : icmpv6_ndisc.oe66 (.text:ICMPv6RecvRA)
                  8031e6e0    00000660     ti.drv.cppi.ae66 : cppi_drv.oe66 (.text:Cppi_configureRxFlow)
                  8031ed40    00000660     GPIO_drv.obj (.text)
                  8031f3a0    00000660     sysbios.lib : BIOS.obj (.text:ti_sysbios_heaps_HeapMem_free__E)
                  8031fa00    00000620     stk6_ppp_pppoe.ae66 : route6.oe66 (.text:Rt6Create)
                  80320020    00000620     sysbios.lib : BIOS.obj (.text:ti_sysbios_heaps_HeapMem_alloc__E)
                  80320640    00000620                 : BIOS.obj (.text:ti_sysbios_knl_Event_pend__E)
                  80320c60    00000600     KeyStone_common.obj (.text:retain)
                  80321260    000005c0     stk6_ppp_pppoe.ae66 : ipfrag.oe66 (.text:IPReasm)
                  80321820    000005c0     rts6600_elf.lib : divd.obj (.text:__c6xabi_divd)
                  80321de0    000005c0                     : _printfi.obj (.text:_getarg_diouxp)
                  803223a0    000005c0     sysbios.lib : BIOS.obj (.text:ti_sysbios_timers_timer64_Timer_Module_startup__F)
                  80322960    000005a0     stk6_ppp_pppoe.ae66 : icmpin.oe66 (.text:ICMPInput)
                  80322f00    000005a0     ti.platform.evm6678l.ae66 : evmc66x_spi.obj (.text)
                  803234a0    00000580     stk6_ppp_pppoe.ae66 : nimuppp.oe66 (.text:pppEvent)
                  80323a20    00000560                         : ipv6.oe66 (.text:IPv6IPAddressToString)
                  80323f80    00000560     Thread_NetworkInit.obj (.text)
                  803244e0    00000560     ti.platform.evm6678l.ae66 : evmc6678_phy.obj (.text)
                  80324a40    00000520     stk6_ppp_pppoe.ae66 : sock.oe66 (.text:SockNew)
                  80324f60    00000520     rts6600_elf.lib : _printfi.obj (.text:_setfield)
                  80325480    00000520     ti.platform.evm6678l.ae66 : evmc66x_nor.obj (.text)
                  803259a0    00000500     sysbios.lib : BIOS.obj (.text:ti_sysbios_knl_Task_Instance_finalize__F)
                  80325ea0    000004e0     stk6_ppp_pppoe.ae66 : udp.oe66 (.text:UdpInput)
                  80326380    000004e0                         : nimupppoe.oe66 (.text:pppoeInputS)
                  80326860    000004c0     ti.drv.cppi.ae66 : cppi_drv.oe66 (.text:Cppi_txChannelOpen)
                  80326d20    000004c0     stk6_ppp_pppoe.ae66 : sock6.oe66 (.text:Sock6Connect)
                  803271e0    000004c0                         : sock6.oe66 (.text:Sock6Set)
                  803276a0    000004c0     ti.platform.evm6678l.ae66 : evmc66x_fpga.obj (.text)
                  80327b60    000004a0     stk6_ppp_pppoe.ae66 : bind6.oe66 (.text:Bind6New)
                  80328000    000004a0                         : lliin.oe66 (.text:LLIRxPacket)
                  803284a0    000004a0                         : sock6.oe66 (.text:Sock6Recv)
                  80328940    000004a0                         : sock.oe66 (.text:SockRecv)
                  80328de0    00000460     rts6600_elf.lib : _printfi.obj (.text:_printfi)
                  80329240    00000460     stk6_ppp_pppoe.ae66 : nimuppp.oe66 (.text:pppNew)
                  803296a0    00000440     KeyStone_common.obj (.text:Core_MPAX)
                  80329ae0    00000440     ti.drv.cppi.ae66 : cppi_drv.oe66 (.text:Cppi_rxChannelOpen)
                  80329f20    00000440     stk6_ppp_pppoe.ae66 : sock6.oe66 (.text:Sock6New)
                  8032a360    00000440                         : auth.oe66 (.text:chapInput)
                  8032a7a0    00000440                         : fileuser.oe66 (.text:fdSelect)
                  8032abe0    00000440                         : nimupppoe.oe66 (.text:pppoeInputC)
                  8032b020    00000420     nettool.ae66 : daemon.oe66 (.text:daemon)
                  8032b440    00000420     ti.drv.pa.ae66 : pa.oe66 (.text:pa_conv_routing_info)
                  8032b860    00000400     stk6_ppp_pppoe.ae66 : sock6.oe66 (.text:Sock6Send)
                  8032bc60    00000400     os.ae66 : efs.oe66 (.text:efs_filecheck)
                  8032c060    00000400     sysbios.lib : BIOS.obj (.text:ti_sysbios_knl_Semaphore_pend__E)
                  8032c460    000003e0     stk6_ppp_pppoe.ae66 : ipv6_frag.oe66 (.text:IPv6TxFragPacket)
                  8032c840    000003c0     ti.drv.cppi.ae66 : cppi_desc.oe66 (.text:Cppi_initDescriptor)
                  8032cc00    000003c0     stk6_ppp_pppoe.ae66 : ipv6out.oe66 (.text:IPv6TxPacket)
                  8032cfc0    000003c0                         : lli6.oe66 (.text:LLI6TimerCheck)
                  8032d380    000003c0                         : sock.oe66 (.text:SockSend)
                  8032d740    000003c0                         : tcp6.oe66 (.text:TCP6TimeoutCheck)
                  8032db00    000003c0                         : tcp.oe66 (.text:TcpTimeoutCheck)
                  8032dec0    000003c0     sysbios.lib : BIOS.obj (.text:ti_sysbios_knl_Task_Instance_init__F)
                  8032e280    000003c0                 : BIOS.obj (.text:ti_sysbios_knl_Task_setPri__E)
                  8032e640    000003a0     stk6_ppp_pppoe.ae66 : nimu.oe66 (.text:NIMUIoctl)
                  8032e9e0    000003a0                         : route.oe66 (.text:RtCreate)
                  8032ed80    000003a0                         : sb.oe66 (.text:SBRead)
                  8032f120    000003a0     os.ae66 : mem.oe66 (.text:_mmCheck)
                  8032f4c0    000003a0     rts6600_elf.lib : fputs.obj (.text:fputs)
                  8032f860    000003a0     stk6_ppp_pppoe.ae66 : auth.oe66 (.text:papInput)
                  8032fc00    00000380                         : icmpv6in.oe66 (.text:ICMPv6RxPacket)
                  8032ff80    00000380                         : igmp.oe66 (.text:IGMPInput)
                  80330300    00000380                         : sock6int.oe66 (.text:Sock6Notify)
                  80330680    00000380                         : sock.oe66 (.text:SockConnect)
                  80330a00    00000380                         : sockint.oe66 (.text:SockNotify)
                  80330d80    00000380     nettool.ae66 : dhcppkt.oe66 (.text:dhcpPacketProcess)
                  80331100    00000360     stk6_ppp_pppoe.ae66 : icmpv6out.oe66 (.text:ICMPv6SendParameterProblem)
                  80331460    00000360                         : ipv6_frag.oe66 (.text:IPv6FragReasm)
                  803317c0    00000360                         : lliout.oe66 (.text:LLITxIpPacket)
                  80331b20    00000360     Pacemaker_DET_pe66.oe66 (.text:xdc_runtime_System_printfExtend__I)
                  80331e80    00000340     ti.drv.pa.ae66 : painit.oe66 (.text:Pa_create)
                  803321c0    00000340     ti.drv.qmss.ae66 : qmss_drv.oe66 (.text:Qmss_init)
                  80332500    00000340     os.ae66 : mem.oe66 (.text:mmAlloc)
                  80332840    00000340     stk6_ppp_pppoe.ae66 : nimupppoe.oe66 (.text:pppoeSI)
                  80332b80    00000320     nettool.ae66 : config.oe66 (.text:CfgAddEntry)
                  80332ea0    00000320     stk6_ppp_pppoe.ae66 : icmpv6_ndisc.oe66 (.text:ICMPv6RecvRedirect)
                  803331c0    00000320                         : nimupppoe.oe66 (.text:SendServerMsg)
                  803334e0    00000320     rts6600_elf.lib : _printfi.obj (.text:_pproc_fge)
                  80333800    00000320     nettool.ae66 : telnetd.oe66 (.text:telnet_engine)
                  80333b20    00000320     ti.platform.evm6678l.ae66 : evmc66x_uart.obj (.text)
                  80333e40    00000300     stk6_ppp_pppoe.ae66 : icmpv6_ndisc.oe66 (.text:ICMPv6RecvNS)
                  80334140    00000300                         : icmpv6out.oe66 (.text:ICMPv6SendDstUnreachable)
                  80334440    00000300                         : icmpv6out.oe66 (.text:ICMPv6SendTimeExceeded)
                  80334740    00000300     netctrl.ae66 : netctrl.oe66 (.text:NetScheduler)
                  80334a40    00000300     stk6_ppp_pppoe.ae66 : sock6pcb.oe66 (.text:Sock6PcbBind)
                  80334d40    00000300                         : udp6.oe66 (.text:Udp6Input)
                  80335040    00000300     nettool.ae66 : inetaddr.oe66 (.text:inet_aton)
                  80335340    00000300     platform_osal.obj (.text)
                  80335640    00000300     sysbios.lib : BIOS.obj (.text:ti_sysbios_family_c64p_Hwi_dispatchC__I)
                  80335940    00000300                 : BIOS.obj (.text:ti_sysbios_knl_Event_post__E)
                  80335c40    000002e0     stk6_ppp_pppoe.ae66 : ipv6_frag.oe66 (.text:IPv6FragQEnqueueFrag)
                  80335f20    000002e0     ti.drv.pa.ae66 : pa.oe66 (.text:Pa_forwardResult)
                  80336200    000002e0     stk6_ppp_pppoe.ae66 : route6.oe66 (.text:Rt6Find)
                  803364e0    000002e0                         : nimupppoe.oe66 (.text:SendClientMsg)
                  803367c0    000002e0                         : udp.oe66 (.text:UdpOutput)
                  80336aa0    000002e0     rts6600_elf.lib : _printfi.obj (.text:_pproc_fwp)
                  80336d80    000002e0     sysbios.lib : BIOS.obj (.text:ti_sysbios_knl_Task_Module_startup__F)
                  80337060    000002c0     stk6_ppp_pppoe.ae66 : bind.oe66 (.text:BindNew)
                  80337320    000002c0                         : sb6.oe66 (.text:SB6Read)
                  803375e0    000002c0                         : sock6pcb.oe66 (.text:Sock6PcbResolve)
                  803378a0    000002c0                         : udp6.oe66 (.text:Udp6Output)
                  80337b60    000002c0                         : nimuppp.oe66 (.text:pppInput)
                  80337e20    000002a0                         : ipv6_exthdrs.oe66 (.text:IPv6ParseExtnHeaders)
                  803380c0    000002a0                         : node.oe66 (.text:NodeAdd)
                  80338360    000002a0                         : route6.oe66 (.text:Rt6Free)
                  80338600    000002a0                         : rtable.oe66 (.text:RtFind)
                  803388a0    000002a0                         : sock6pcb.oe66 (.text:Sock6PcbFind)
                  80338b40    000002a0                         : sock.oe66 (.text:SockClose)
                  80338de0    000002a0                         : tcp6prot.oe66 (.text:TCP6PrSetOption)
                  80339080    000002a0                         : tcpprot.oe66 (.text:TcpPrSetOption)
                  80339320    000002a0     rts6600_elf.lib : _printfi.obj (.text:fcvt)
                  803395c0    000002a0     sysbios.lib : BIOS.obj (.text:ti_sysbios_family_c66_tci66xx_CpIntc_Module_startup__F)
                  80339860    000002a0                 : BIOS.obj (.text:ti_sysbios_knl_Clock_workFunc__E)
                  80339b00    000002a0                 : BIOS.obj (.text:ti_sysbios_knl_Task_sleep__E)
                  80339da0    00000280     nettool.ae66 : dhcpmain.oe66 (.text:DHCPOpen)
                  8033a020    00000280     stk6_ppp_pppoe.ae66 : icmp.oe66 (.text:ICMPGenPacket)
                  8033a2a0    00000280                         : icmpv6in.oe66 (.text:ICMPv6RecvEchoRequest)
                  8033a520    00000280                         : lli6.oe66 (.text:LLI6NeighUnreachStateMachine)
                  8033a7a0    00000280                         : sockpcb.oe66 (.text:SockPcbResolve)
                  8033aa20    00000280                         : tcp6out.oe66 (.text:TCP6GenPacket)
                  8033aca0    00000280     rts6600_elf.lib : divf.obj (.text:__c6xabi_divf)
                  8033af20    00000280     sysbios.lib : BIOS.obj (.text:deviceConfig$44)
                  8033b1a0    00000280     rts6600_elf.lib : _printfi.obj (.text:ecvt)
                  8033b420    00000280     stk6_ppp_pppoe.ae66 : ipcp.oe66 (.text:ipcpSendCfg)
                  8033b6a0    00000280                         : lcp.oe66 (.text:lcpSendCfg)
                  8033b920    00000280     sysbios.lib : BIOS.obj (.text:ti_sysbios_knl_Clock_Instance_init__F)
                  8033bba0    00000280                 : BIOS.obj (.text:ti_sysbios_knl_Task_exit__E)
                  8033be20    00000280     ti.targets.rts6000.ae66 : Core-mem.oe66 (.text:xdc_runtime_Core_createObject__I)
                  8033c0a0    00000280                             : Error.oe66 (.text:xdc_runtime_Error_raiseX__F)
                  8033c320    00000260     stk6_ppp_pppoe.ae66 : icmpv6_ndisc.oe66 (.text:ICMPv6SendNA)
                  8033c580    00000260                         : icmpv6_ndisc.oe66 (.text:ICMPv6SendNS)
                  8033c7e0    00000260                         : lli6.oe66 (.text:LLI6TxIPPacket)
                  8033ca40    00000260                         : nimu.oe66 (.text:NIMUReceivePacket)
                  8033cca0    00000260                         : rawethsock.oe66 (.text:RawEthSockSet)
                  8033cf00    00000260                         : sb6.oe66 (.text:SB6Write)
                  8033d160    00000260                         : sb.oe66 (.text:SBWrite)
                  8033d3c0    00000260                         : sock6.oe66 (.text:Sock6Close)
                  8033d620    00000260                         : sockpcb.oe66 (.text:SockPcbBind)
                  8033d880    00000260     nettool.ae66 : httppars.oe66 (.text:httpParseRecv)
                  8033dae0    00000260     ti.targets.rts6000.ae66 : Startup.oe66 (.text:xdc_runtime_Startup_startMods__I)
                  8033dd40    00000240     ti.drv.cppi.ae66 : cppi_drv.oe66 (.text:Cppi_open)
                  8033df80    00000240     nettool.ae66 : daemon.oe66 (.text:DaemonNew)
                  8033e1c0    00000240     ti.drv.pa.ae66 : pa.oe66 (.text:Pa_resetControl)
                  8033e400    00000240     stk6_ppp_pppoe.ae66 : pipe.oe66 (.text:PipeRecv)
                  8033e640    00000240                         : raw.oe66 (.text:RawInput)
                  8033e880    00000240     rts6600_elf.lib : imath64.obj (.text:__c6xabi_divull)
                  8033eac0    00000240                     : _printfi.obj (.text:_pconv_e)
                  8033ed00    00000240                     : _printfi.obj (.text:_pproc_diouxp)
                  8033ef40    00000240     nettool.ae66 : dhcpsm.oe66 (.text:dhcpIPAdd)
                  8033f180    00000240                  : dhcpsm.oe66 (.text:dhcpState)
                  8033f3c0    00000240     sysbios.lib : BIOS.obj (.text:ti_sysbios_family_c64p_Exception_internalHandler__I)
                  8033f600    00000240                 : BIOS.obj (.text:ti_sysbios_knl_Semaphore_post__E)
                  8033f840    00000240     ti.targets.rts6000.ae66 : LoggerBuf.oe66 (.text:xdc_runtime_LoggerBuf_write8__F)
                  8033fa80    00000220     stk6_ppp_pppoe.ae66 : bind6.oe66 (.text:Bind6RunDAD)
                  8033fca0    00000220                         : icmpv6_ndisc.oe66 (.text:ICMPv6RecvNA)
                  8033fec0    00000220                         : igmp.oe66 (.text:IGMPJoinHostGroup)
                  803400e0    00000220                         : ipv6in.oe66 (.text:IPv6RxPacket)
                  80340300    00000220                         : rawethsock.oe66 (.text:RawEthSockNew)
                  80340520    00000220                         : sockpcb.oe66 (.text:SockPcbFind)
                  80340740    00000220     rts6600_elf.lib : _printfi.obj (.text:_pproc_str)
                  80340960    00000220     nettool.ae66 : dhcppkt.oe66 (.text:dhcpVerifyMessage)
                  80340b80    00000220     rts6600_elf.lib : fputc.obj (.text:fputc)
                  80340da0    00000220     nettool.ae66 : httpclie.oe66 (.text:httpGetAuthParams)
                  80340fc0    00000220     sysbios.lib : BIOS.obj (.text:ti_sysbios_family_c64p_Hwi_reconfig__E)
                  803411e0    00000220                 : BIOS.obj (.text:ti_sysbios_knl_Swi_run__I)
                  80341400    00000220                 : BIOS.obj (.text:ti_sysbios_knl_Task_schedule__I)
                  80341620    00000220                 : BIOS.obj (.text:ti_sysbios_knl_Task_startup__E)
                  80341840    00000200     stk6_ppp_pppoe.ae66 : ipv6_frag.oe66 (.text:IPv6ParseFragHdr)
                  80341a40    00000200                         : lli6.oe66 (.text:LLI6New)
                  80341c40    00000200     ti.drv.qmss.ae66 : qmss_drv.oe66 (.text:Qmss_internalQueueOpen)
                  80341e40    00000200                      : qmss_acc.oe66 (.text:Qmss_programAccumulator)
                  80342040    00000200     stk6_ppp_pppoe.ae66 : rtc.oe66 (.text:RTCReport)
                  80342240    00000200                         : raw6.oe66 (.text:Raw6Output)
                  80342440    00000200     rts6600_elf.lib : _printfi.obj (.text:_pconv_g)
                  80342640    00000200     sysbios.lib : c64p_Hwi_disp_always.obj (.text:_ti_sysbios_family_c64p_Hwi_dispatchAlways)
                  80342840    00000200     stk6_ppp_pppoe.ae66 : socket.oe66 (.text:accept)
                  80342a40    00000200     sysbios.lib : BIOS.obj (.text:block$56)
                  80342c40    00000200     ti.drv.cppi.ae66 : cppi_heap.oe66 (.text:cppi_internal_heap_add)
                  80342e40    00000200     stk6_ppp_pppoe.ae66 : nimupppoe.oe66 (.text:pppoeCtrlMsg)
                  80343040    00000200     rts6600_elf.lib : setvbuf.obj (.text:setvbuf)
                  80343240    000001e0     stk6_ppp_pppoe.ae66 : igmp.oe66 (.text:IGMPSendReply)
                  80343420    000001e0                         : route6.oe66 (.text:Rt6Modify)
                  80343600    000001e0     SPI_Intc.obj (.text)
                  803437e0    000001e0     stk6_ppp_pppoe.ae66 : sock6pcb.oe66 (.text:Sock6PcbFindRaw)
                  803439c0    000001e0                         : tcpout.oe66 (.text:TcpGenPacket)
                  80343ba0    000001e0     Thread_ADS1298Init.obj (.text)
                  80343d80    000001e0     stk6_ppp_pppoe.ae66 : auth.oe66 (.text:chapSendMsg)
                  80343f60    000001e0     nettool.ae66 : dhcpsock.oe66 (.text:dhcpSocketOpen)
                  80344140    000001e0     stk6_ppp_pppoe.ae66 : socket.oe66 (.text:sendto)
                  80344320    000001e0     sysbios.lib : BIOS.obj (.text:ti_sysbios_knl_Task_postInit__I)
                  80344500    000001e0                 : BIOS.obj (.text:ti_sysbios_timers_timer64_Timer_getFreq__E)
                  803446e0    000001c0     ADS1298_drv.obj (.text)
                  803448a0    000001c0     nettool.ae66 : config.oe66 (.text:CfgExecute)
                  80344a60    000001c0     ti.drv.cppi.ae66 : cppi_drv.oe66 (.text:Cppi_channelClose)
                  80344c20    000001c0                      : cppi_drv.oe66 (.text:Cppi_initCfg)
                  80344de0    000001c0     stk6_ppp_pppoe.ae66 : ip.oe66 (.text:IPGetRoute)
                  80344fa0    000001c0                         : ipv6_exthdrs.oe66 (.text:IPv6ParseHopOptions)
                  80345160    000001c0                         : lliout.oe66 (.text:LLIGenArpPacket)
                  80345320    000001c0     ti.drv.qmss.ae66 : qmss_drv.oe66 (.text:Qmss_internaldownloadFirmware)
                  803454e0    000001c0     netctrl.ae66 : netsrv.oe66 (.text:SPIpNet)
                  803456a0    000001c0     stk6_ppp_pppoe.ae66 : tcptime.oe66 (.text:TcpTimeoutRexmt)
                  80345860    000001c0                         : lli.oe66 (.text:_LLITimeoutCheck)
                  80345a20    000001c0     rts6600_elf.lib : _printfi.obj (.text:_mcpy)
                  80345be0    000001c0     nettool.ae66 : dhcpbild.oe66 (.text:dhcpBuildHeader)
                  80345da0    000001c0     stk6_ppp_pppoe.ae66 : fileuser.oe66 (.text:fdClose)
                  80345f60    000001c0     sysbios.lib : BIOS.obj (.text:ti_sysbios_knl_Task_checkStacks__E)
                  80346120    000001c0                 : BIOS.obj (.text:ti_sysbios_timers_timer64_Timer_setPeriodMicroSecs__E)
                  803462e0    000001a0     stk6_ppp_pppoe.ae66 : bind6.oe66 (.text:Bind6Msg)
                  80346480    000001a0     nettool.ae66 : config.oe66 (.text:CfgRemoveEntry)
                  80346620    000001a0     rts6600_elf.lib : trgdrv.obj (.text:HOSTrename)
                  803467c0    000001a0     stk6_ppp_pppoe.ae66 : icmpin.oe66 (.text:ICMPRevSrcRoute)
                  80346960    000001a0                         : ipv6_frag.oe66 (.text:IPv6FragMsg)
                  80346b00    000001a0                         : ipv6_exthdrs.oe66 (.text:IPv6ParseRoutingHdr)
                  80346ca0    000001a0     netctrl.ae66 : netctrl.oe66 (.text:NC_NetStart)
                  80346e40    000001a0     stk6_ppp_pppoe.ae66 : node.oe66 (.text:NodeTreeFree)
                  80346fe0    000001a0     ti.drv.pa.ae66 : pa.oe66 (.text:Pa_downloadImage)
                  80347180    000001a0     stk6_ppp_pppoe.ae66 : raw6.oe66 (.text:Raw6Input)
                  80347320    000001a0                         : route6.oe66 (.text:Route6LifetimeMgmt)
                  803474c0    000001a0                         : sockint.oe66 (.text:SockCreatePacket)
                  80347660    000001a0     nettool.ae66 : dhcpsm.oe66 (.text:StateRenewRebind)
                  80347800    000001a0     stk6_ppp_pppoe.ae66 : tcp6time.oe66 (.text:TCP6TimeoutRexmt)
                  803479a0    000001a0     rts6600_elf.lib : imath40.obj (.text:__c6xabi_divul)
                  80347b40    000001a0     nettool.ae66 : dhcptags.oe66 (.text:dhcpBuildOptions)
                  80347ce0    000001a0     stk6_ppp_pppoe.ae66 : socket.oe66 (.text:getpeername)
                  80347e80    000001a0     main.obj (.text)
                  80348020    000001a0     nettool.ae66 : telnetd.oe66 (.text:telnet_termdata)
                  803481c0    000001a0     sysbios.lib : BIOS.obj (.text:ti_sysbios_family_c66_tci66xx_CpIntc_dispatch__F)
                  80348360    000001a0                 : BIOS.obj (.text:ti_sysbios_gates_GateMutex_enter__E)
                  80348500    000001a0                 : BIOS.obj (.text:ti_sysbios_timers_timer64_Timer_start__E)
                  803486a0    000001a0     ti.targets.rts6000.ae66 : LoggerBuf.oe66 (.text:xdc_runtime_LoggerBuf_write4__F)
                  80348840    00000180     stk6_ppp_pppoe.ae66 : bind6.oe66 (.text:Bind6GetGlobalAddress)
                  803489c0    00000180                         : igmp.oe66 (.text:IGMPMsg)
                  80348b40    00000180                         : nimu.oe66 (.text:NIMURegister)
                  80348cc0    00000180     netctrl.ae66 : netsrv.oe66 (.text:ServiceScan)
                  80348e40    00000180                  : netsrv.oe66 (.text:ServiceSpawn)
                  80348fc0    00000180     nettool.ae66 : dhcpsm.oe66 (.text:StateBound)
                  80349140    00000180     rts6600_elf.lib : copy_decompress_rle.obj (.text:__TI_decompress_rle_core)
                  803492c0    00000180     stk6_ppp_pppoe.ae66 : socket.oe66 (.text:bind)
                  80349440    00000180     nettool.ae66 : dhcpbild.oe66 (.text:dhcpBuildRequest)
                  803495c0    00000180     os.ae66 : task.oe66 (.text:llEnter)
                  80349740    00000180     stk6_ppp_pppoe.ae66 : auth.oe66 (.text:papSendCfg)
                  803498c0    00000180     sysbios.lib : c64p_Exception_asm.obj (.text)
                  80349a40    00000180                 : BIOS.obj (.text:ti_sysbios_heaps_HeapBuf_Module_startup__F)
                  80349bc0    00000180                 : BIOS.obj (.text:ti_sysbios_heaps_HeapMem_Instance_init__F)
                  80349d40    00000180                 : BIOS.obj (.text:ti_sysbios_knl_Swi_schedule__I)
                  80349ec0    00000180                 : BIOS.obj (.text:ti_sysbios_knl_Task_unblockI__E)
                  8034a040    00000180     ti.targets.rts6000.ae66 : Text.oe66 (.text:xdc_runtime_Text_putSite__F)
                  8034a1c0    00000160     nettool.ae66 : config.oe66 (.text:CfgGetEntry)
                  8034a320    00000160                  : config.oe66 (.text:CfgGetNextEntry)
                  8034a480    00000160     os.ae66 : ossys.oe66 (.text:DbgPrintf)
                  8034a5e0    00000160     stk6_ppp_pppoe.ae66 : igmp.oe66 (.text:IGMPDoMCast)
                  8034a740    00000160                         : nimu.oe66 (.text:NIMUIoctlSpecialCmd)
                  8034a8a0    00000160                         : pbm.oe66 (.text:PBM_free)
                  8034aa00    00000160                         : nimuppp.oe66 (.text:PPPStop)
                  8034ab60    00000160                         : pipe.oe66 (.text:PipeSend)
                  8034acc0    00000160                         : raw.oe66 (.text:RawOutput)
                  8034ae20    00000160                         : rtable.oe66 (.text:RtTimeoutCheck)
                  8034af80    00000160                         : rtable.oe66 (.text:RtWalkNext)
                  8034b0e0    00000160     netctrl.ae66 : netsrv.oe66 (.text:SPRoute)
                  8034b240    00000160     stk6_ppp_pppoe.ae66 : sock6.oe66 (.text:Sock6Check)
                  8034b3a0    00000160                         : sock6int.oe66 (.text:Sock6CreatePacket)
                  8034b500    00000160                         : sock6pcb.oe66 (.text:Sock6PcbConnect)
                  8034b660    00000160                         : sock.oe66 (.text:SockCheck)
                  8034b7c0    00000160                         : sockpcb.oe66 (.text:SockPcbConnect)
                  8034b920    00000160     nettool.ae66 : dhcpsm.oe66 (.text:StateRequesting)
                  8034ba80    00000160     stk6_ppp_pppoe.ae66 : tcp6time.oe66 (.text:TCP6TimeoutKeep)
                  8034bbe0    00000160                         : tcptime.oe66 (.text:TcpTimeoutKeep)
                  8034bd40    00000160                         : auth.oe66 (.text:authInit)
                  8034bea0    00000160     nettool.ae66 : httpclie.oe66 (.text:httpExtractTag)
                  8034c000    00000160                  : httpsend.oe66 (.text:httpSendErrorHTML)
                  8034c160    00000160     stk6_ppp_pppoe.ae66 : socket.oe66 (.text:setsockopt)
                  8034c2c0    00000160     nettool.ae66 : telnetd.oe66 (.text:telnetClientProcess)
                  8034c420    00000140     stk6_ppp_pppoe.ae66 : bind6.oe66 (.text:Bind6DADCheck)
                  8034c560    00000140                         : bind6.oe66 (.text:Bind6Free)
                  8034c6a0    00000140     ti.csl.ae66 : csl_chip.oe66 (.text:CSL_chipReadReg)
                  8034c7e0    00000140     stk6_ppp_pppoe.ae66 : exec.oe66 (.text:ExecOpen)
                  8034c920    00000140                         : icmp.oe66 (.text:ICMPSendRtAdv)
                  8034ca60    00000140                         : igmp.oe66 (.text:IGMPJoin)
                  8034cba0    00000140                         : ipv6.oe66 (.text:IPv6DisplayIPAddress)
                  8034cce0    00000140                         : lli6.oe66 (.text:LLI6Find)
                  8034ce20    00000140                         : lli.oe66 (.text:LLINew)
                  8034cf60    00000140                         : node.oe66 (.text:NodeFind)
                  8034d0a0    00000140                         : node.oe66 (.text:NodeWalk)
                  8034d1e0    00000140                         : pbm.oe66 (.text:PBM_alloc)
                  8034d320    00000140                         : rtable.oe66 (.text:RtFlush)
                  8034d460    00000140                         : sb6.oe66 (.text:SB6New)
                  8034d5a0    00000140     netctrl.ae66 : netsrv.oe66 (.text:ServiceKill)
                  8034d6e0    00000140     stk6_ppp_pppoe.ae66 : sock6.oe66 (.text:Sock6Accept)
                  8034d820    00000140                         : sock6.oe66 (.text:Sock6Listen)
                  8034d960    00000140                         : sock.oe66 (.text:SockAccept)
                  8034daa0    00000140                         : sock.oe66 (.text:SockListen)
                  8034dbe0    00000140                         : sockpcb.oe66 (.text:SockPcbCtlError)
                  8034dd20    00000140     boot.ae66 : autoinit.oe66 (.text:_auto_init_elf)
                  8034de60    00000140     rts6600_elf.lib : _printfi.obj (.text:_pproc_fflags)
                  8034dfa0    00000140     stk6_ppp_pppoe.ae66 : auth.oe66 (.text:authGetPassword)
                  8034e0e0    00000140     nettool.ae66 : dhcptags.oe66 (.text:dhcpDecodeType)
                  8034e220    00000140     rts6600_elf.lib : lowlev.obj (.text:getdevice)
                  8034e360    00000140     nettool.ae66 : httpsend.oe66 (.text:httpAuthenticationReq)
                  8034e4a0    00000140     os.ae66 : mem.oe66 (.text:mmCopy)
                  8034e5e0    00000140     stk6_ppp_pppoe.ae66 : socket.oe66 (.text:recv)
                  8034e720    00000140                         : socket.oe66 (.text:send)
                  8034e860    00000140     sysbios.lib : BIOS.obj (.text:ti_sysbios_family_c64p_Hwi_Module_startup__F)
                  8034e9a0    00000140                 : BIOS.obj (.text:ti_sysbios_family_c66_Cache_Module_startup__F)
                  8034eae0    00000140                 : BIOS.obj (.text:ti_sysbios_knl_Clock_Instance_finalize__F)
                  8034ec20    00000140                 : BIOS.obj (.text:ti_sysbios_knl_Semaphore_Instance_init__F)
                  8034ed60    00000140                 : BIOS.obj (.text:ti_sysbios_knl_Swi_post__E)
                  8034eea0    00000140                 : BIOS.obj (.text:ti_sysbios_knl_Task_blockI__E)
                  8034efe0    00000120     stk6_ppp_pppoe.ae66 : bind6.oe66 (.text:Bind6LifetimeMgmt)
                  8034f100    00000120                         : bind.oe66 (.text:BindFree)
                  8034f220    00000120     nettool.ae66 : config.oe66 (.text:CfgFree)
                  8034f340    00000120                  : daemon.oe66 (.text:DaemonFree)
                  8034f460    00000120     stk6_ppp_pppoe.ae66 : file.oe66 (.text:FdWaitEvent)
                  8034f580    00000120                         : igmp.oe66 (.text:IGMPLeaveHostGroup)
                  8034f6a0    00000120                         : ip.oe66 (.text:IPMsg)
                  8034f7c0    00000120                         : ipin.oe66 (.text:IPRouteIP)
                  8034f8e0    00000120                         : ipv6_frag.oe66 (.text:IPv6CreateFragQ)
                  8034fa00    00000120                         : ipv6.oe66 (.text:IPv6Init)
                  8034fb20    00000120                         : icmpv6out.oe66 (.text:IsICMPv6ErrorPkt)
                  8034fc40    00000120                         : md5.oe66 (.text:MD5Update)
                  8034fd60    00000120                         : mld.oe66 (.text:MLDJoinGroup)
                  8034fe80    00000120     netctrl.ae66 : netctrl.oe66 (.text:NC_SystemOpen)
                  8034ffa0    00000120     stk6_ppp_pppoe.ae66 : nimu.oe66 (.text:NIMUAddEthernetHeader)
                  803500c0    00000120     ti.drv.qmss.ae66 : qmss_acc.oe66 (.text:Qmss_disableAccumulator)
                  803501e0    00000120     stk6_ppp_pppoe.ae66 : raweth.oe66 (.text:RawEthRxPacket)
                  80350300    00000120                         : raweth.oe66 (.text:RawEthTxPacket)
                  80350420    00000120                         : sb.oe66 (.text:SBNew)
                  80350540    00000120     netctrl.ae66 : netsrv.oe66 (.text:SPConfig)
                  80350660    00000120                  : netsrv.oe66 (.text:SPService)
                  80350780    00000120     stk6_ppp_pppoe.ae66 : sock6.oe66 (.text:Sock6Disconnect)
                  803508a0    00000120                         : sock6.oe66 (.text:Sock6Shutdown)
                  803509c0    00000120                         : sockpcb.oe66 (.text:SockPcbFindRaw)
                  80350ae0    00000120                         : sock.oe66 (.text:SockShutdown)
                  80350c00    00000120                         : tcp6prot.oe66 (.text:TCP6PrAttach)
                  80350d20    00000120                         : tcpprot.oe66 (.text:TcpPrAttach)
                  80350e40    00000120     nettool.ae66 : telnetd.oe66 (.text:TelnetOpen)
                  80350f60    00000120     stk6_ppp_pppoe.ae66 : rtable.oe66 (.text:_RtNodeInsert)
                  80351080    00000120     rts6600_elf.lib : fclose.obj (.text:_closefile)
                  803511a0    00000120                     : _printfi.obj (.text:_ltostr)
                  803512c0    00000120     os.ae66 : mem.oe66 (.text:_mmInit)
                  803513e0    00000120     nettool.ae66 : daemon.oe66 (.text:dchild)
                  80351500    00000120     stk6_ppp_pppoe.ae66 : fileuser.oe66 (.text:fdOpenSession)
                  80351620    00000120     rts6600_elf.lib : fseek.obj (.text:fseek)
                  80351740    00000120     nettool.ae66 : http.oe66 (.text:httpOpen)
                  80351860    00000120                  : httpsend.oe66 (.text:httpSendStatusLine)
                  80351980    00000120     stk6_ppp_pppoe.ae66 : lcp.oe66 (.text:lcpOpen)
                  80351aa0    00000120                         : lcp.oe66 (.text:lcpReject)
                  80351bc0    00000120     sysbios.lib : BIOS.obj (.text:rtsUnlock$0)
                  80351ce0    00000120     stk6_ppp_pppoe.ae66 : socket.oe66 (.text:socket)
                  80351e00    00000120     ti.targets.rts6000.ae66 : LoggerBuf.oe66 (.text:xdc_runtime_LoggerBuf_setFilterLevel__F)
                  80351f20    00000120                             : Text.oe66 (.text:xdc_runtime_Text_putLab__F)
                  80352040    00000100     nettool.ae66 : config.oe66 (.text:CfgNew)
                  80352140    00000100                  : config.oe66 (.text:CfgSetExecuteOrder)
                  80352240    00000100     rts6600_elf.lib : trgdrv.obj (.text:HOSTlseek)
                  80352340    00000100     stk6_ppp_pppoe.ae66 : igmp.oe66 (.text:IGMPTimer)
                  80352440    00000100                         : ipv6.oe66 (.text:IPv6GetSubnetMaskFromBits)
                  80352540    00000100                         : ipv6_frag.oe66 (.text:IPv6ReasmTimeout)
                  80352640    00000100                         : rtc.oe66 (.text:RTCMsg)
                  80352740    00000100                         : rawethsock.oe66 (.text:RawEthSockCheck)
                  80352840    00000100                         : route.oe66 (.text:RtRedirect)
                  80352940    00000100                         : sockint.oe66 (.text:SockValidateRoute)
                  80352a40    00000100     nettool.ae66 : dhcpsm.oe66 (.text:StateSelecting)
                  80352b40    00000100     stk6_ppp_pppoe.ae66 : tcp6prot.oe66 (.text:TCP6PrInherit)
                  80352c40    00000100                         : tcp6time.oe66 (.text:TCP6XmitTimer)
                  80352d40    00000100                         : tcpprot.oe66 (.text:TcpPrInherit)
                  80352e40    00000100                         : tcptime.oe66 (.text:TcpXmitTimer)
                  80352f40    00000100                         : rtable.oe66 (.text:_RtNodeRemove)
                  80353040    00000100     rts6600_elf.lib : _io_perm.obj (.text:_wrt_ok)
                  80353140    00000100     stk6_ppp_pppoe.ae66 : file.oe66 (.text:fdint_unlockfd)
                  80353240    00000100     sysbios.lib : BIOS.obj (.text:initDevice$44)
                  80353340    00000100     stk6_ppp_pppoe.ae66 : socket.oe66 (.text:listen)
                  80353440    00000100     os.ae66 : mem.oe66 (.text:mmFree)
                  80353540    00000100     stk6_ppp_pppoe.ae66 : nimuppp.oe66 (.text:pppAddClient)
                  80353640    00000100     sysbios.lib : BIOS.obj (.text:ti_sysbios_family_c64p_EventCombiner_dispatch__F)
                  80353740    00000100                 : BIOS.obj (.text:ti_sysbios_knl_Clock_startI__E)
                  80353840    00000100                 : BIOS.obj (.text:ti_sysbios_knl_Swi_restoreHwi__E)
                  80353940    00000100     stk6_ppp_pppoe.ae66 : lliin.oe66 (.text:updateRtTable)
                  80353a40    00000100     ti.targets.rts6000.ae66 : Core-mem.oe66 (.text:xdc_runtime_Core_deleteObject__I)
                  80353b40    00000100                             : LoggerBuf.oe66 (.text:xdc_runtime_LoggerBuf_getFilterLevel__F)
                  80353c40    00000100                             : Startup.oe66 (.text:xdc_runtime_Startup_exec__F)
                  80353d40    00000100                             : Text.oe66 (.text:xdc_runtime_Text_putMod__F)
                  80353e40    00000100                             : Text.oe66 (.text:xdc_runtime_Text_visitRope2__I)
                  80353f40    000000e0     stk6_ppp_pppoe.ae66 : bind6.oe66 (.text:Bind6GetLinkLocalAddress)
                  80354020    000000e0     nettool.ae66 : config.oe66 (.text:CfgGetEntryCnt)
                  80354100    000000e0                  : dhcpmain.oe66 (.text:DHCPClose)
                  803541e0    000000e0     rts6600_elf.lib : trgdrv.obj (.text:HOSTopen)
                  803542c0    000000e0     stk6_ppp_pppoe.ae66 : igmp.oe66 (.text:IGMPLeave)
                  803543a0    000000e0                         : ipv6_frag.oe66 (.text:IPv6FindFragQ)
                  80354480    000000e0                         : lli6.oe66 (.text:LLI6Msg)
                  80354560    000000e0                         : lli6.oe66 (.text:LLI6Update)
                  80354640    000000e0                         : mld.oe66 (.text:MLDFindMulticastNode)
                  80354720    000000e0                         : nimu.oe66 (.text:NIMUAllocateIndex)
                  80354800    000000e0                         : nimu.oe66 (.text:NIMUAllocateName)
                  803548e0    000000e0                         : node.oe66 (.text:NodeDeRef)
                  803549c0    000000e0                         : node.oe66 (.text:NodeNew)
                  80354aa0    000000e0                         : node.oe66 (.text:NodeTreeNew)
                  80354b80    000000e0                         : pbm.oe66 (.text:PBMQ_enq)
                  80354c60    000000e0                         : pbm.oe66 (.text:PBM_copy)
                  80354d40    000000e0                         : rawethsock.oe66 (.text:RawEthSockNotify)
                  80354e20    000000e0                         : rawethsock_pcb.oe66 (.text:RawEthSockPcbAttach)
                  80354f00    000000e0                         : rawethsock.oe66 (.text:RawEthSockSend)
                  80354fe0    000000e0                         : route6.oe66 (.text:Route6Msg)
                  803550c0    000000e0                         : route.oe66 (.text:RtDeRef)
                  803551a0    000000e0                         : route.oe66 (.text:RtRemove)
                  80355280    000000e0                         : sb.oe66 (.text:SBSetMax)
                  80355360    000000e0                         : sock6int.oe66 (.text:Sock6SpawnAbort)
                  80355440    000000e0                         : sock6int.oe66 (.text:Sock6ValidateRoute)
                  80355520    000000e0                         : sock.oe66 (.text:SockDisconnect)
                  80355600    000000e0                         : sockint.oe66 (.text:SockSpawnAbort)
                  803556e0    000000e0                         : tcp6prot.oe66 (.text:TCP6PrDetach)
                  803557c0    000000e0                         : tcp6prot.oe66 (.text:TCP6PrDisconnect)
                  803558a0    000000e0                         : tcp6prot.oe66 (.text:TCP6ValidateMetrics)
                  80355980    000000e0                         : tcpprot.oe66 (.text:TcpPrDetach)
                  80355a60    000000e0                         : tcpprot.oe66 (.text:TcpPrDisconnect)
                  80355b40    000000e0                         : tcpprot.oe66 (.text:TcpValidateMetrics)
                  80355c20    000000e0                         : timer.oe66 (.text:TimerListInsert)
                  80355d00    000000e0                         : udp.oe66 (.text:UdpChecksum)
                  80355de0    000000e0                         : vlan.oe66 (.text:VLANDeinit)
                  80355ec0    000000e0                         : vlan.oe66 (.text:VLANReceivePacket)
                  80355fa0    000000e0     nettool.ae66 : config.oe66 (.text:_CfgEntryScan)
                  80356080    000000e0     stk6_ppp_pppoe.ae66 : lli.oe66 (.text:_LLIExpListInsert)
                  80356160    000000e0                         : rtable.oe66 (.text:_RtExpListInsert)
                  80356240    000000e0     rts6600_elf.lib : divi.obj (.text:__divi)
                  80356320    000000e0                     : _printfi.obj (.text:_div)
                  80356400    000000e0                     : atoi.obj (.text:atoi)
                  803564e0    000000e0                     : lowlev.obj (.text:close)
                  803565c0    000000e0                     : copy_zero_init.obj (.text:decompress:ZI:__TI_zero_init)
                  803566a0    000000e0     os.ae66 : efs.oe66 (.text:efs_internal_remove)
                  80356780    000000e0     stk6_ppp_pppoe.ae66 : file.oe66 (.text:fdint_lockfd)
                  80356860    000000e0     nettool.ae66 : httpclie.oe66 (.text:httpGetMimeBits)
                  80356940    000000e0     os.ae66 : task.oe66 (.text:llExit)
                  80356a20    000000e0     rts6600_elf.lib : ltoa.obj (.text:ltoa)
                  80356b00    000000e0                     : memset.obj (.text:memset)
                  80356be0    000000e0     os.ae66 : mem.oe66 (.text:mmBulkAlloc)
                  80356cc0    000000e0     stk6_ppp_pppoe.ae66 : nimuppp.oe66 (.text:pppFree)
                  80356da0    000000e0     rts6600_elf.lib : printf.obj (.text:printf)
                  80356e80    000000e0     sysbios.lib : BIOS.obj (.text:ti_sysbios_family_c64p_Hwi_Instance_finalize__F)
                  80356f60    000000e0                 : BIOS.obj (.text:ti_sysbios_family_c64p_Hwi_Instance_init__F)
                  80357040    000000e0     Pacemaker_DET_pe66.oe66 (.text:ti_sysbios_family_c64p_Hwi_Object__create__S)
                  80357120    000000e0     Pacemaker_DET_pe66.oe66 (.text:ti_sysbios_hal_Hwi_Object__create__S)
                  80357200    000000e0     sysbios.lib : BIOS.obj (.text:ti_sysbios_knl_Clock_start__E)
                  803572e0    000000e0                 : BIOS.obj (.text:ti_sysbios_timers_timer64_Timer_startup__E)
                  803573c0    000000e0     ti.targets.rts6000.ae66 : Error.oe66 (.text:xdc_runtime_Error_print__F)
                  803574a0    000000e0                             : Memory.oe66 (.text:xdc_runtime_Memory_alloc__F)
                  80357580    000000c0     rts6600_elf.lib : trgdrv.obj (.text:HOSTread)
                  80357640    000000c0                     : trgdrv.obj (.text:HOSTunlink)
                  80357700    000000c0                     : trgdrv.obj (.text:HOSTwrite)
                  803577c0    000000c0     stk6_ppp_pppoe.ae66 : icmpv6in.oe66 (.text:ICMPv6RecvDstUnreachable)
                  80357880    000000c0                         : icmpv6in.oe66 (.text:ICMPv6SocketErrorInterface)
                  80357940    000000c0                         : ipv6.oe66 (.text:IPv6Layer4ComputeChecksum)
                  80357a00    000000c0                         : lli.oe66 (.text:LLIGetValidTime)
                  80357ac0    000000c0                         : lli.oe66 (.text:LLIMsg)
                  80357b80    000000c0                         : mld.oe66 (.text:MLDCreateMulticastNode)
                  80357c40    000000c0                         : mld.oe66 (.text:MLDLeaveGroup)
                  80357d00    000000c0                         : nimu.oe66 (.text:NIMUFindByName)
                  80357dc0    000000c0     netctrl.ae66 : netsrv.oe66 (.text:NS_BootTask)
                  80357e80    000000c0     stk6_ppp_pppoe.ae66 : node.oe66 (.text:NodeUpdatePL)
                  80357f40    000000c0     nettool.ae66 : ipaddr.oe66 (.text:NtIfIdx2Ip)
                  80358000    000000c0     ti.drv.qmss.ae66 : qmss_drv.oe66 (.text:Qmss_setEoiVector)
                  803580c0    000000c0     stk6_ppp_pppoe.ae66 : route6.oe66 (.text:Rt6FindDefaultRouter)
                  80358180    000000c0                         : rtable.oe66 (.text:RtWalkBegin)
                  80358240    000000c0                         : sb6.oe66 (.text:SB6Flush)
                  80358300    000000c0                         : sb6.oe66 (.text:SB6SetMax)
                  803583c0    000000c0                         : sb.oe66 (.text:SBFlush)
                  80358480    000000c0                         : sock6.oe66 (.text:Sock6IntAbort)
                  80358540    000000c0                         : sock6pcb.oe66 (.text:Sock6PcbResolveChain)
                  80358600    000000c0                         : sock6pcb.oe66 (.text:Sock6PcbRtChange)
                  803586c0    000000c0                         : sock.oe66 (.text:SockIntAbort)
                  80358780    000000c0                         : sockpcb.oe66 (.text:SockPcbRtChange)
                  80358840    000000c0                         : tcp6prot.oe66 (.text:TCP6Close)
                  80358900    000000c0                         : tcp6time.oe66 (.text:TCP6TimeoutSackRexmt)
                  803589c0    000000c0     os.ae66 : task.oe66 (.text:TaskGetEnv)
                  80358a80    000000c0     stk6_ppp_pppoe.ae66 : tcp.oe66 (.text:TcpChecksum)
                  80358b40    000000c0                         : tcpprot.oe66 (.text:TcpClose)
                  80358c00    000000c0                         : tcptime.oe66 (.text:TcpTimeoutSackRexmt)
                  80358cc0    000000c0                         : bind6.oe66 (.text:_Bind6FindByHostInList)
                  80358d80    000000c0                         : bind6.oe66 (.text:_Bind6FindByNetInList)
                  80358e40    000000c0     rts6600_elf.lib : dtor_list.obj (.text:_Z11__TI_atexitPFYvPvES_S_)
                  80358f00    000000c0                     : dtor_list.obj (.text:__cxa_finalize)
                  80358fc0    000000c0                     : divu.obj (.text:__divu)
                  80359080    000000c0                     : remi.obj (.text:__remi)
                  80359140    000000c0                     : fflush.obj (.text:_doflush)
                  80359200    000000c0     Services.obj (.text:convert_data)
                  803592c0    000000c0     ti.drv.cppi.ae66 : cppi_listlib.oe66 (.text:cppi_list_remove_node)
                  80359380    000000c0     nettool.ae66 : dhcptags.oe66 (.text:dhcpOptionsClear)
                  80359440    000000c0     os.ae66 : efs.oe66 (.text:efs_fopen)
                  80359500    000000c0     rts6600_elf.lib : exit.obj (.text:exit)
                  803595c0    000000c0     nettool.ae66 : httpsend.oe66 (.text:httpSendFullResponse)
                  80359680    000000c0     os.ae66 : mem.oe66 (.text:mmZeroInit)
                  80359740    000000c0     stk6_ppp_pppoe.ae66 : nimuppp.oe66 (.text:pppAddIP)
                  80359800    000000c0     sysbios.lib : BIOS.obj (.text:ti_sysbios_BIOS_errorRaiseHook__I)
                  803598c0    000000c0                 : BIOS.obj (.text:ti_sysbios_heaps_HeapMem_getStats__E)
                  80359980    000000c0                 : BIOS.obj (.text:ti_sysbios_knl_Clock_logTick__E)
                  80359a40    000000c0     Pacemaker_DET_pe66.oe66 (.text:ti_sysbios_knl_Task_Object__create__S)
                  80359b00    000000c0     sysbios.lib : BIOS.obj (.text:ti_sysbios_timers_timer64_Timer_stop__E)
                  80359bc0    000000c0     ti.targets.rts6000.ae66 : LoggerBuf.oe66 (.text:xdc_runtime_LoggerBuf_Instance_init__F)
                  80359c80    000000c0     Pacemaker_DET_pe66.oe66 (.text:xdc_runtime_LoggerBuf_Object__create__S)
                  80359d40    000000c0     ti.targets.rts6000.ae66 : System.oe66 (.text:xdc_runtime_System_formatNum__I)
                  80359e00    000000a0     nettool.ae66 : config.oe66 (.text:CfgEntryDeRef)
                  80359ea0    000000a0                  : config.oe66 (.text:CfgEntryGetData)
                  80359f40    000000a0                  : config.oe66 (.text:CfgGetImmediate)
                  80359fe0    000000a0                  : telnetd.oe66 (.text:CmdWriteBytes)
                  8035a080    000000a0                  : telnetd.oe66 (.text:CmdWriteCmd)
                  8035a120    000000a0     ti.drv.cppi.ae66 : cppi_drv.oe66 (.text:Cppi_channelEnable)
                  8035a1c0    000000a0     stk6_ppp_pppoe.ae66 : file.oe66 (.text:FdSignalEvent)
                  8035a260    000000a0     rts6600_elf.lib : trgdrv.obj (.text:HOSTclose)
                  8035a300    000000a0     stk6_ppp_pppoe.ae66 : ipfrag.oe66 (.text:IPReasmFree)
                  8035a3a0    000000a0                         : ipfrag.oe66 (.text:IPReasmTimeout)
                  8035a440    000000a0                         : ipv6.oe66 (.text:IPv6CompareAddress)
                  8035a4e0    000000a0                         : lliin.oe66 (.text:LLIValidateRoute)
                  8035a580    000000a0                         : md5.oe66 (.text:MD5Final)
                  8035a620    000000a0                         : nimu.oe66 (.text:NIMUShutdown)
                  8035a6c0    000000a0                         : nimu.oe66 (.text:NIMUUnregister)
                  8035a760    000000a0     nettool.ae66 : ipaddr.oe66 (.text:NtAddNetwork)
                  8035a800    000000a0     stk6_ppp_pppoe.ae66 : pbm.oe66 (.text:PBM_open)
                  8035a8a0    000000a0                         : pipe.oe66 (.text:PipeCheck)
                  8035a940    000000a0     ti.drv.qmss.ae66 : qmss_drv.oe66 (.text:Qmss_queueClose)
                  8035a9e0    000000a0                      : qmss_drv.oe66 (.text:Qmss_startCfg)
                  8035aa80    000000a0     stk6_ppp_pppoe.ae66 : rtable.oe66 (.text:RouteMsg)
                  8035ab20    000000a0                         : route.oe66 (.text:RtNew)
                  8035abc0    000000a0                         : sb6.oe66 (.text:SB6Free)
                  8035ac60    000000a0                         : sb.oe66 (.text:SBFree)
                  8035ad00    000000a0     os.ae66 : semaphore.oe66 (.text:SemCreate)
                  8035ada0    000000a0     stk6_ppp_pppoe.ae66 : sock6pcb.oe66 (.text:Sock6CleanPcb)
                  8035ae40    000000a0                         : sock6.oe66 (.text:Sock6GetName)
                  8035aee0    000000a0                         : sock.oe66 (.text:SockBind)
                  8035af80    000000a0                         : sockpcb.oe66 (.text:SockCleanPcb)
                  8035b020    000000a0                         : sockpcb.oe66 (.text:SockPcbResolveChain)
                  8035b0c0    000000a0                         : tcp6prot.oe66 (.text:TCP6Drop)
                  8035b160    000000a0                         : tcp6prot.oe66 (.text:TCP6PrCtlError)
                  8035b200    000000a0                         : tcp6prot.oe66 (.text:TCP6PrSend)
                  8035b2a0    000000a0                         : tcp6prot.oe66 (.text:TCP6PrSendOOB)
                  8035b340    000000a0     os.ae66 : task.oe66 (.text:TaskCreate)
                  8035b3e0    000000a0     stk6_ppp_pppoe.ae66 : tcpprot.oe66 (.text:TcpDrop)
                  8035b480    000000a0                         : tcpprot.oe66 (.text:TcpPrCtlError)
                  8035b520    000000a0                         : tcpprot.oe66 (.text:TcpPrSend)
                  8035b5c0    000000a0                         : tcpprot.oe66 (.text:TcpPrSendOOB)
                  8035b660    000000a0                         : timer.oe66 (.text:TimerNew)
                  8035b700    000000a0     nettool.ae66 : config.oe66 (.text:_CfgRelease)
                  8035b7a0    000000a0     stk6_ppp_pppoe.ae66 : lli.oe66 (.text:_LLITimeoutFlush)
                  8035b840    000000a0     rts6600_elf.lib : remu.obj (.text:__remu)
                  8035b8e0    000000a0     boot.ae66 : boot.oe66 (.text:_c_int00)
                  8035b980    000000a0     rts6600_elf.lib : fopen.obj (.text:_cleanup)
                  8035ba20    000000a0                     : _printfi.obj (.text:_ecpy)
                  8035bac0    000000a0                     : _printfi.obj (.text:_fcpy)
                  8035bb60    000000a0                     : _printfi.obj (.text:_pconv_f)
                  8035bc00    000000a0     sysbios.lib : c64p_Hwi_asm.obj (.text:_ti_sysbios_family_c64p_Hwi_plug__E)
                  8035bca0    000000a0     stk6_ppp_pppoe.ae66 : auth.oe66 (.text:authStart)
                  8035bd40    000000a0     ti.drv.cppi.ae66 : cppi_heap.oe66 (.text:cppi_internal_heap_malloc)
                  8035bde0    000000a0                      : cppi_listlib.oe66 (.text:cppi_list_cat)
                  8035be80    000000a0     nettool.ae66 : dhcpbild.oe66 (.text:dhcpBuildDecline)
                  8035bf20    000000a0                  : dhcpsm.oe66 (.text:dhcpIPRemove)
                  8035bfc0    000000a0     os.ae66 : efs.oe66 (.text:efs_filesend)
                  8035c060    000000a0     stk6_ppp_pppoe.ae66 : fileuser.oe66 (.text:fdCloseSession)
                  8035c100    000000a0     rts6600_elf.lib : lowlev.obj (.text:finddevice)
                  8035c1a0    000000a0     stk6_ppp_pppoe.ae66 : lcp.oe66 (.text:lcpInit)
                  8035c240    000000a0                         : lcp.oe66 (.text:lcpSendTerm)
                  8035c2e0    000000a0     hal_timer_bios.ae66 : lltimer.oe66 (.text:llTimerTick)
                  8035c380    000000a0     rts6600_elf.lib : lowlev.obj (.text:lseek)
                  8035c420    000000a0                     : memcpy64.obj (.text:memcpy)
                  8035c4c0    000000a0     os.ae66 : mem.oe66 (.text:mmBulkFree)
                  8035c560    000000a0             : mem.oe66 (.text:mmInitPage)
                  8035c600    000000a0     ti.drv.pa.ae66 : pa.oe66 (.text:pa_format_fcmd_header)
                  8035c6a0    000000a0                    : pa.oe66 (.text:pa_pdsp_run)
                  8035c740    000000a0     os.ae66 : ossys.oe66 (.text:stricmp)
                  8035c7e0    000000a0     rts6600_elf.lib : strstr.obj (.text:strstr)
                  8035c880    000000a0     sysbios.lib : BIOS.obj (.text:ti_sysbios_heaps_HeapMem_init__I)
                  8035c920    000000a0     rts6600_elf.lib : lowlev.obj (.text:write)
                  8035c9c0    000000a0     ti.targets.rts6000.ae66 : Assert.oe66 (.text:xdc_runtime_Assert_raise__I)
                  8035ca60    000000a0                             : LoggerBuf.oe66 (.text:xdc_runtime_LoggerBuf_Module_startup__F)
                  8035cb00    000000a0     Pacemaker_DET_pe66.oe66 (.text:xdc_runtime_LoggerBuf_write8__E)
                  8035cba0    000000a0     ti.targets.rts6000.ae66 : SysMin.oe66 (.text:xdc_runtime_SysMin_abort__F)
                  8035cc40    000000a0                             : SysMin.oe66 (.text:xdc_runtime_SysMin_flush__F)
                  8035cce0    000000a0                             : SysMin.oe66 (.text:xdc_runtime_SysMin_putch__F)
                  8035cd80    00000080     ti.drv.cppi.ae66 : cppi_drv.oe66 (.text:Cppi_setCpdmaLoopback)
                  8035ce00    00000080     stk6_ppp_pppoe.ae66 : md5.oe66 (.text:Decode)
                  8035ce80    00000080                         : icmp.oe66 (.text:ICMPChecksum)
                  8035cf00    00000080                         : icmpv6in.oe66 (.text:ICMPv6RecvParamProblem)
                  8035cf80    00000080                         : icmpv6_ndisc.oe66 (.text:ICMPv6RecvRS)
                  8035d000    00000080                         : icmpv6in.oe66 (.text:ICMPv6RecvTimeExceeded)
                  8035d080    00000080                         : ipv6out.oe66 (.text:IPv6GetRoute)
                  8035d100    00000080                         : lli6.oe66 (.text:LLI6Free)
                  8035d180    00000080                         : lli6.oe66 (.text:LLI6IsRouterStatMachine)
                  8035d200    00000080     netctrl.ae66 : netctrl.oe66 (.text:NC_SystemClose)
                  8035d280    00000080     stk6_ppp_pppoe.ae66 : nimu.oe66 (.text:NIMUInit)
                  8035d300    00000080                         : pbm.oe66 (.text:PBMQ_deq)
                  8035d380    00000080                         : nimuppp.oe66 (.text:PPPSend)
                  8035d400    00000080     ti.drv.pa.ae66 : painit.oe66 (.text:Pa_getBufferReq)
                  8035d480    00000080     stk6_ppp_pppoe.ae66 : pipe.oe66 (.text:PipeClose)
                  8035d500    00000080     ti.drv.qmss.ae66 : qmss_drv.oe66 (.text:Qmss_getMemRegQueueHandle)
                  8035d580    00000080                      : qmss_drv.oe66 (.text:Qmss_queueOpen)
                  8035d600    00000080     stk6_ppp_pppoe.ae66 : rawethsock.oe66 (.text:RawEthSockClose)
                  8035d680    00000080                         : rawethsock_pcb.oe66 (.text:RawEthSockPcbDetach)
                  8035d700    00000080                         : route6.oe66 (.text:Rt6Update)
                  8035d780    00000080                         : route.oe66 (.text:RtSetFailure)
                  8035d800    00000080                         : route.oe66 (.text:RtSetTimeout)
                  8035d880    00000080                         : sock6.oe66 (.text:Sock6Bind)
                  8035d900    00000080                         : sock6pcb.oe66 (.text:Sock6PcbCleanup)
                  8035d980    00000080                         : sock.oe66 (.text:SockGetName)
                  8035da00    00000080                         : sockpcb.oe66 (.text:SockPcbCleanup)
                  8035da80    00000080                         : sockpcb.oe66 (.text:SockPcbDetach)
                  8035db00    00000080                         : tcp6prot.oe66 (.text:TCP6PrListen)
                  8035db80    00000080     os.ae66 : task.oe66 (.text:TaskSetEnv)
                  8035dc00    00000080     stk6_ppp_pppoe.ae66 : tcpprot.oe66 (.text:TcpPrListen)
                  8035dc80    00000080                         : timer.oe66 (.text:TimerHSTick)
                  8035dd00    00000080                         : timer.oe66 (.text:TimerListRemove)
                  8035dd80    00000080     nettool.ae66 : config.oe66 (.text:_CfgAcquire)
                  8035de00    00000080     stk6_ppp_pppoe.ae66 : lli.oe66 (.text:_LLIExpListRemove)
                  8035de80    00000080                         : rtc.oe66 (.text:_RTCSendRtAdv)
                  8035df00    00000080                         : rtable.oe66 (.text:_RtExpListRemove)
                  8035df80    00000080     rts6600_elf.lib : fixfu.obj (.text:__c6xabi_fixfu)
                  8035e000    00000080                     : llshift.obj (.text:__c6xabi_llshl)
                  8035e080    00000080     sysbios.lib : c62_TaskSupport_asm.obj (.text:_ti_sysbios_family_c62_TaskSupport_swap__E)
                  8035e100    00000080     ti.drv.cppi.ae66 : cppi_heap.oe66 (.text:cppi_internal_heap_cache_begin)
                  8035e180    00000080                      : cppi_listlib.oe66 (.text:cppi_list_remove)
                  8035e200    00000080     nettool.ae66 : dhcpsock.oe66 (.text:dhcpSocketClose)
                  8035e280    00000080     os.ae66 : efs.oe66 (.text:efs_fclose)
                  8035e300    00000080             : efs.oe66 (.text:efs_findfile)
                  8035e380    00000080     stk6_ppp_pppoe.ae66 : file.oe66 (.text:fdint_waitevent)
                  8035e400    00000080     nettool.ae66 : httpsend.oe66 (.text:httpSendEntityLength)
                  8035e480    00000080                  : httpsend.oe66 (.text:httpSendErrorResponse)
                  8035e500    00000080     hal_timer_bios.ae66 : lltimer.oe66 (.text:llTimerGetTime)
                  8035e580    00000080     Pacemaker_DET_pe66.oe66 (.text:malloc)
                  8035e600    00000080     ti.drv.pa.ae66 : pa.oe66 (.text:pa_uint8_match)
                  8035e680    00000080     rts6600_elf.lib : trgmsg.obj (.text:readmsg)
                  8035e700    00000080     nettool.ae66 : httpsend.oe66 (.text:strcat)
                  8035e780    00000080     rts6600_elf.lib : strncpy.obj (.text:strncpy)
                  8035e800    00000080     ti.drv.pa.ae66 : pa.oe66 (.text:swizFcmd)
                  8035e880    00000080     ti.platform.evm6678l.ae66 : evm66x_i2c.obj (.text)
                  8035e900    00000080     sysbios.lib : BIOS.obj (.text:ti_sysbios_family_c62_TaskSupport_start__E)
                  8035e980    00000080                 : BIOS.obj (.text:ti_sysbios_family_c64p_Exception_Module_startup__F)
                  8035ea00    00000080                 : BIOS.obj (.text:ti_sysbios_family_c64p_Hwi_eventMap__E)
                  8035ea80    00000080                 : BIOS.obj (.text:ti_sysbios_family_c66_Cache_invL1pAll__E)
                  8035eb00    00000080                 : BIOS.obj (.text:ti_sysbios_family_c66_tci66xx_CpIntc_getEventId__F)
                  8035eb80    00000080                 : BIOS.obj (.text:ti_sysbios_family_c66_tci66xx_CpIntc_mapSysIntToHostInt__F)
                  8035ec00    00000080     Pacemaker_DET_pe66.oe66 (.text:ti_sysbios_gates_GateHwi_Object__create__S)
                  8035ec80    00000080     Pacemaker_DET_pe66.oe66 (.text:ti_sysbios_gates_GateMutex_Object__create__S)
                  8035ed00    00000080     sysbios.lib : BIOS.obj (.text:ti_sysbios_hal_Hwi_checkStack:ti_sysbios_hal_Hwi_checkStack)
                  8035ed80    00000080     Pacemaker_DET_pe66.oe66 (.text:ti_sysbios_heaps_HeapMem_Object__create__S)
                  8035ee00    00000080     sysbios.lib : BIOS.obj (.text:ti_sysbios_knl_Clock_Module_startup__F)
                  8035ee80    00000080     Pacemaker_DET_pe66.oe66 (.text:ti_sysbios_knl_Clock_Object__create__S)
                  8035ef00    00000080     sysbios.lib : BIOS.obj (.text:ti_sysbios_knl_Clock_getTicks__E)
                  8035ef80    00000080                 : BIOS.obj (.text:ti_sysbios_knl_Event_pendTimeout__I)
                  8035f000    00000080                 : BIOS.obj (.text:ti_sysbios_knl_Idle_loop__E)
                  8035f080    00000080     Pacemaker_DET_pe66.oe66 (.text:ti_sysbios_knl_Queue_Object__create__S)
                  8035f100    00000080     Pacemaker_DET_pe66.oe66 (.text:ti_sysbios_knl_Semaphore_Object__create__S)
                  8035f180    00000080     sysbios.lib : BIOS.obj (.text:ti_sysbios_knl_Semaphore_pendTimeout__I)
                  8035f200    00000080                 : BIOS.obj (.text:ti_sysbios_knl_Swi_startup__E)
                  8035f280    00000080                 : BIOS.obj (.text:ti_sysbios_knl_Task_deleteTerminatedTasksFunc__I)
                  8035f300    00000080                 : BIOS.obj (.text:ti_sysbios_knl_Task_restore__E)
                  8035f380    00000080                 : BIOS.obj (.text:ti_sysbios_timers_timer64_Timer_getCount__E)
                  8035f400    00000080                 : BIOS.obj (.text:ti_sysbios_timers_timer64_Timer_getPeriod__E)
                  8035f480    00000080     rts6600_elf.lib : lowlev.obj (.text:unlink)
                  8035f500    00000080     ti.targets.rts6000.ae66 : Core-label.oe66 (.text:xdc_runtime_Core_assignLabel__I)
                  8035f580    00000080                             : Core-params.oe66 (.text:xdc_runtime_Core_assignParams__I)
                  8035f600    00000080                             : LoggerBuf.oe66 (.text:xdc_runtime_LoggerBuf_filterOutEvent__I)
                  8035f680    00000080                             : System.oe66 (.text:xdc_runtime_System_atexit__F)
                  8035f700    00000080                             : System.oe66 (.text:xdc_runtime_System_rtsExit__I)
                  8035f780    00000080                             : Text.oe66 (.text:xdc_runtime_Text_printVisFxn__I)
                  8035f800    00000080                             : Text.oe66 (.text:xdc_runtime_Text_xprintf__I)
                  8035f880    00000060     stk6_ppp_pppoe.ae66 : bind6.oe66 (.text:Bind6FindByIF)
                  8035f8e0    00000060                         : bind6.oe66 (.text:Bind6IF2IPHost)
                  8035f940    00000060                         : bind.oe66 (.text:BindFindByHost)
                  8035f9a0    00000060                         : bind.oe66 (.text:BindFindByIF)
                  8035fa00    00000060                         : bind.oe66 (.text:BindFindByNet)
                  8035fa60    00000060                         : bind.oe66 (.text:BindGetIFByDBCast)
                  8035fac0    00000060                         : bind.oe66 (.text:BindIF2IPHost)
                  8035fb20    00000060     nettool.ae66 : config.oe66 (.text:CfgEntryInfo)
                  8035fb80    00000060                  : config.oe66 (.text:CfgSetService)
                  8035fbe0    00000060     stk6_ppp_pppoe.ae66 : md5.oe66 (.text:Encode)
                  8035fc40    00000060                         : exec.oe66 (.text:ExecBroadcast)
                  8035fca0    00000060                         : igmp.oe66 (.text:IGMPTestGroup)
                  8035fd00    00000060                         : ip.oe66 (.text:IPChecksum)
                  8035fd60    00000060                         : lli.oe66 (.text:LLIFree)
                  8035fdc0    00000060                         : nimu.oe66 (.text:NIMUAddHeader)
                  8035fe20    00000060                         : nimu.oe66 (.text:NIMUCreatePacket)
                  8035fe80    00000060                         : nimu.oe66 (.text:NIMUFindByIndex)
                  8035fee0    00000060                         : nimu.oe66 (.text:NIMUPacketService)
                  8035ff40    00000060                         : nimu.oe66 (.text:NIMUPacketServiceCheck)
                  8035ffa0    00000060                         : nimu.oe66 (.text:NIMUSendPacket)
                  80360000    00000060     netctrl.ae66 : netsrv.oe66 (.text:NS_PreBoot)
                  80360060    00000060     stk6_ppp_pppoe.ae66 : nimuppp.oe66 (.text:PPPStart)
                  803600c0    00000060                         : rtc.oe66 (.text:RTCAddHook)
                  80360120    00000060                         : rtc.oe66 (.text:RTCRemoveHook)
                  80360180    00000060                         : rawethsock_pcb.oe66 (.text:RawEthSockPcbCleanup)
                  803601e0    00000060                         : rawethsock_pcb.oe66 (.text:RawEthSockPcbFind)
                  80360240    00000060                         : route6.oe66 (.text:Rt6GetNetworkAddr)
                  803602a0    00000060                         : rtable.oe66 (.text:RtWalkEnd)
                  80360300    00000060     netctrl.ae66 : netsrv.oe66 (.text:ServiceCallback)
                  80360360    00000060     stk6_ppp_pppoe.ae66 : sock6pcb.oe66 (.text:Sock6PcbDetach)
                  803603c0    00000060                         : sock6prot.oe66 (.text:Sock6PrCtlError)
                  80360420    00000060                         : sock6prot.oe66 (.text:Sock6PrDetach)
                  80360480    00000060                         : sockprot.oe66 (.text:SockPrCtlError)
                  803604e0    00000060                         : sockprot.oe66 (.text:SockPrDetach)
                  80360540    00000060                         : tcp6prot.oe66 (.text:TCP6PrConnect)
                  803605a0    00000060                         : tcp6time.oe66 (.text:TCP6SetPersist)
                  80360600    00000060                         : tcp6time.oe66 (.text:TCP6TimeoutPersist)
                  80360660    00000060                         : tcpprot.oe66 (.text:TcpPrConnect)
                  803606c0    00000060                         : tcptime.oe66 (.text:TcpSetPersist)
                  80360720    00000060                         : tcptime.oe66 (.text:TcpTimeoutPersist)
                  80360780    00000060                         : vlan.oe66 (.text:VLANFindNode)
                  803607e0    00000060                         : vlan.oe66 (.text:VLANFindSourceInterface)
                  80360840    00000060                         : vlan.oe66 (.text:VLANInit)
                  803608a0    00000060     nettool.ae66 : config.oe66 (.text:_CfgEntryProcess)
                  80360900    00000060     rts6600_elf.lib : frcmpyd_div.obj (.text:__c6xabi_frcmpyd_div)
                  80360960    00000060                     : llshift.obj (.text:__c6xabi_llshru)
                  803609c0    00000060                     : imath64.obj (.text:_subcull)
                  80360a20    00000060     ti.drv.cppi.ae66 : cppi_listlib.oe66 (.text:cppi_list_add)
                  80360a80    00000060                      : cppi_listlib.oe66 (.text:cppi_list_cache_invalidate)
                  80360ae0    00000060     nettool.ae66 : dhcpbild.oe66 (.text:dhcpBuildDiscover)
                  80360b40    00000060                  : dhcpsock.oe66 (.text:dhcpPacketReceive)
                  80360ba0    00000060                  : dhcpsock.oe66 (.text:dhcpPacketSend)
                  80360c00    00000060     stk6_ppp_pppoe.ae66 : fileuser.oe66 (.text:fdSelectAbort)
                  80360c60    00000060                         : file.oe66 (.text:fdint_clearevent)
                  80360cc0    00000060                         : file.oe66 (.text:fdint_getfdt)
                  80360d20    00000060                         : file.oe66 (.text:fdint_setevent)
                  80360d80    00000060                         : fileuser.oe66 (.text:fdsetTestEntry)
                  80360de0    00000060     nettool.ae66 : httpsend.oe66 (.text:httpSendClientStr)
                  80360e40    00000060     stk6_ppp_pppoe.ae66 : ipcp.oe66 (.text:ipcpInit)
                  80360ea0    00000060                         : ipcp.oe66 (.text:ipcpStart)
                  80360f00    00000060                         : lcp.oe66 (.text:lcpClose)
                  80360f60    00000060                         : listlib.oe66 (.text:list_cat)
                  80360fc0    00000060                         : listlib.oe66 (.text:list_remove_node)
                  80361020    00000060     rts6600_elf.lib : memccpy.obj (.text:memccpy)
                  80361080    00000060     os.ae66 : mem.oe66 (.text:mmUnInitPage)
                  803610e0    00000060     ti.drv.pa.ae66 : painit.oe66 (.text:pa_init_global_cfg)
                  80361140    00000060                    : pa.oe66 (.text:pa_uint8_zero)
                  803611a0    00000060     stk6_ppp_pppoe.ae66 : nimupppoe.oe66 (.text:pppoeInput)
                  80361200    00000060     rts6600_elf.lib : sprintf.obj (.text:sprintf)
                  80361260    00000060     nettool.ae66 : httpsend.oe66 (.text:strcpy)
                  803612c0    00000060     rts6600_elf.lib : strcpy.obj (.text:strcpy)
                  80361320    00000060     Pacemaker_DET_pe66.oe66 (.text:ti_ndk_config_Global_stackThread)
[...]
8038099a   ti_sysbios_heaps_HeapMem_Module__id__C
8038099c   ti_sysbios_family_c64p_Exception_externalHook__C
803809a0   ti_sysbios_family_c66_tci66xx_CpIntc_hostIntToEventId_1__A
803809ba   ti_sysbios_knl_Clock_Module__id__C
803809bc   ti_sysbios_family_c64p_Exception_internalHook__C
803809c0   ti_sysbios_family_c66_tci66xx_CpIntc_hostIntToEventId_2__A
803809da   ti_sysbios_knl_Clock_Module__loggerDefined__C
803809dc   ti_sysbios_family_c64p_Exception_nmiHook__C
803809e0   ti_sysbios_family_c66_tci66xx_CpIntc_hostIntToEventId_3__A
803809fa   ti_sysbios_knl_Event_Module__id__C
803809fc   ti_sysbios_family_c64p_Hwi_E_alreadyDefined__C
80380a00   ti_sysbios_family_c66_tci66xx_CpIntc_hostIntToEventId_4__A
80380a1a   ti_sysbios_knl_Event_Module__loggerDefined__C
80380a1c   ti_sysbios_family_c64p_Hwi_E_handleNotFound__C
80380a20   ti_sysbios_family_c66_tci66xx_CpIntc_hostIntToEventId_5__A
80380a3a   ti_sysbios_knl_Semaphore_Module__id__C
80380a3c   ti_sysbios_family_c64p_Hwi_LD_end__C
80380a40   ti_sysbios_family_c66_tci66xx_CpIntc_hostIntToEventId_6__A
80380a5a   ti_sysbios_knl_Semaphore_Module__loggerDefined__C
80380a5c   ti_sysbios_family_c64p_Hwi_LM_begin__C
80380a60   ti_sysbios_family_c66_tci66xx_CpIntc_hostIntToEventId_7__A
80380a7a   ti_sysbios_knl_Swi_Module__id__C
80380a7c   ti_sysbios_family_c64p_Hwi_Module__diagsEnabled__C
80380ae0   ti_sysbios_gates_GateHwi_Object__PARAMS__C
80380af8   ti_sysbios_gates_GateMutex_Object__PARAMS__C
80380b10   ti_sysbios_knl_Queue_Object__PARAMS__C
80380b56   ti_sysbios_knl_Swi_Module__loggerDefined__C
80380b6c   ti_sysbios_family_c64p_Hwi_Module__diagsIncluded__C
80380bd2   ti_sysbios_knl_Task_Module__id__C
80380bd4   ti_sysbios_family_c64p_Hwi_Module__diagsMask__C
80380bd8   paMemAligns
80380be8   ti_sysbios_family_c64p_EventCombiner_EVTMASK__C
80380c20   ti_sysbios_family_c66_Cache_initSize__C
80380c42   ti_sysbios_knl_Task_Module__loggerDefined__C
80380c44   ti_sysbios_family_c64p_Hwi_Module__loggerFxn1__C
80380c52   ti_sysbios_knl_Task_deleteTerminatedTasks__C
80380c54   ti_sysbios_family_c64p_Hwi_Module__loggerFxn8__C
80380c68   ti_sysbios_knl_Idle_funcList__A
80380c70   ti_sysbios_knl_Idle_funcList__C
80380c78   ti_sysbios_knl_Task_hooks__C
80380c80   xdc_runtime_Startup_firstFxns__A
80380c88   xdc_runtime_Startup_firstFxns__C
80380c90   xdc_runtime_Startup_lastFxns__A
80380c98   xdc_runtime_Startup_lastFxns__C
80380ca6   ti_sysbios_knl_Task_initStackFlag__C
80380cae   ti_sysbios_timers_timer64_Timer_Module__id__C
80380cb6   ti_sysbios_timers_timer64_Timer_startupNeeded__C
80380cbe   xdc_runtime_Core_Module__id__C
80380cc0   ti_sysbios_family_c64p_Hwi_Module__loggerObj__C
80380cc4   ti_sysbios_family_c66_Cache_atomicBlockSize__C
80380cc8   ti_sysbios_family_c66_tci66xx_CpIntc_E_unpluggedSysInt__C
80380ccc   ti_sysbios_family_c66_tci66xx_CpIntc_eventId__C
80380cd0   ti_sysbios_family_c66_tci66xx_CpIntc_hostIntToEventId__C
80380cd4   ti_sysbios_family_c66_tci66xx_CpIntc_numEvents__C
80380cd8   ti_sysbios_family_c66_tci66xx_CpIntc_numStatusRegs__C
80380cdc   ti_sysbios_family_c66_tci66xx_CpIntc_numSysInts__C
80380ce0   ti_sysbios_family_c66_tci66xx_CpIntc_sysIntToHostInt__C
80380ce4   ti_sysbios_gates_GateMutex_A_badContext__C
80380ce8   ti_sysbios_gates_GateMutex_Instance_State_sem__O
80380cec   ti_sysbios_gates_GateMutex_Module__diagsEnabled__C
80380cf0   ti_sysbios_gates_GateMutex_Module__diagsIncluded__C
80380cf4   ti_sysbios_gates_GateMutex_Module__diagsMask__C
80380cf8   ti_sysbios_hal_Hwi_E_stackOverflow__C
80380cfc   ti_sysbios_heaps_HeapBuf_Instance_State_freeList__O
80380d00   ti_sysbios_heaps_HeapBuf_Object__count__C
80380d04   ti_sysbios_heaps_HeapBuf_Object__table__C
80380d08   ti_sysbios_heaps_HeapBuf_numConstructedHeaps__C
80380d0c   ti_sysbios_heaps_HeapMem_A_align__C
80380d10   ti_sysbios_heaps_HeapMem_A_heapSize__C
80380d14   ti_sysbios_heaps_HeapMem_A_invalidFree__C
80380d18   ti_sysbios_heaps_HeapMem_A_zeroBlock__C
80380d1c   ti_sysbios_heaps_HeapMem_E_memory__C
80380d20   ti_sysbios_heaps_HeapMem_Module__diagsEnabled__C
80380d24   ti_sysbios_heaps_HeapMem_Module__diagsIncluded__C
80380d28   ti_sysbios_heaps_HeapMem_Module__diagsMask__C
80380d2c   ti_sysbios_heaps_HeapMem_Module__gateObj__C
80380d30   ti_sysbios_heaps_HeapMem_Object__count__C
80380d34   ti_sysbios_heaps_HeapMem_Object__table__C
80380d38   ti_sysbios_heaps_HeapMem_reqAlignMask__C
80380d3c   ti_sysbios_heaps_HeapMem_reqAlign__C
80380d40   ti_sysbios_knl_Clock_A_badThreadType__C
80380d44   ti_sysbios_knl_Clock_LM_begin__C
80380d48   ti_sysbios_knl_Clock_LM_tick__C
80380d4c   ti_sysbios_knl_Clock_LW_delayed__C
80380d50   ti_sysbios_knl_Clock_Module_State_clockQ__O
80380d54   ti_sysbios_knl_Clock_Module__diagsEnabled__C
80380d58   ti_sysbios_knl_Clock_Module__diagsIncluded__C
80380d5c   ti_sysbios_knl_Clock_Module__diagsMask__C
80380d60   ti_sysbios_knl_Clock_Module__loggerFxn1__C
80380d64   ti_sysbios_knl_Clock_Module__loggerFxn2__C
80380d68   ti_sysbios_knl_Clock_Module__loggerObj__C
80380d6c   ti_sysbios_knl_Clock_tickMode__C
80380d70   ti_sysbios_knl_Clock_tickSource__C
80380d74   ti_sysbios_knl_Event_A_badContext__C
80380d78   ti_sysbios_knl_Event_A_eventInUse__C
80380d7c   ti_sysbios_knl_Event_A_nullEventId__C
80380d80   ti_sysbios_knl_Event_A_nullEventMasks__C
80380d84   ti_sysbios_knl_Event_Instance_State_pendQ__O
80380d88   ti_sysbios_knl_Event_LM_pend__C
80380d8c   ti_sysbios_knl_Event_LM_post__C
80380d90   ti_sysbios_knl_Event_Module__diagsEnabled__C
80380d94   ti_sysbios_knl_Event_Module__diagsIncluded__C
80380d98   ti_sysbios_knl_Event_Module__diagsMask__C
80380d9c   ti_sysbios_knl_Event_Module__loggerFxn4__C
80380da0   ti_sysbios_knl_Event_Module__loggerFxn8__C
80380da4   ti_sysbios_knl_Event_Module__loggerObj__C
80380da8   ti_sysbios_knl_Queue_Object__count__C
80380dac   ti_sysbios_knl_Queue_Object__table__C
80380db0   ti_sysbios_knl_Semaphore_A_badContext__C
80380db4   ti_sysbios_knl_Semaphore_A_noEvents__C
80380db8   ti_sysbios_knl_Semaphore_A_overflow__C
80380dbc   ti_sysbios_knl_Semaphore_Instance_State_pendQ__O
80380dc0   ti_sysbios_knl_Semaphore_LM_pend__C
80380dc4   ti_sysbios_knl_Semaphore_LM_post__C
80380dc8   ti_sysbios_knl_Semaphore_Module__diagsEnabled__C
80380dcc   ti_sysbios_knl_Semaphore_Module__diagsIncluded__C
80380dd0   ti_sysbios_knl_Semaphore_Module__diagsMask__C
80380dd4   ti_sysbios_knl_Semaphore_Module__loggerFxn2__C
80380dd8   ti_sysbios_knl_Semaphore_Module__loggerFxn4__C
80380ddc   ti_sysbios_knl_Semaphore_Module__loggerObj__C
80380de0   ti_sysbios_knl_Swi_LD_end__C
80380de4   ti_sysbios_knl_Swi_LM_begin__C
80380de8   ti_sysbios_knl_Swi_LM_post__C
80380dec   ti_sysbios_knl_Swi_Module__diagsEnabled__C
80380df0   ti_sysbios_knl_Swi_Module__diagsIncluded__C
80380df4   ti_sysbios_knl_Swi_Module__diagsMask__C
80380df8   ti_sysbios_knl_Swi_Module__loggerFxn1__C
80380dfc   ti_sysbios_knl_Swi_Module__loggerFxn4__C
80380e00   ti_sysbios_knl_Swi_Module__loggerObj__C
80380e04   ti_sysbios_knl_Swi_Object__count__C
80380e08   ti_sysbios_knl_Swi_Object__table__C
80380e0c   ti_sysbios_knl_Task_A_badPriority__C
80380e10   ti_sysbios_knl_Task_A_badTaskState__C
80380e14   ti_sysbios_knl_Task_A_badThreadType__C
80380e18   ti_sysbios_knl_Task_A_badTimeout__C
80380e1c   ti_sysbios_knl_Task_A_noPendElem__C
80380e20   ti_sysbios_knl_Task_E_spOutOfBounds__C
80380e24   ti_sysbios_knl_Task_E_stackOverflow__C
80380e28   ti_sysbios_knl_Task_LD_block__C
80380e2c   ti_sysbios_knl_Task_LD_exit__C
80380e30   ti_sysbios_knl_Task_LD_ready__C
80380e34   ti_sysbios_knl_Task_LM_setPri__C
80380e38   ti_sysbios_knl_Task_LM_sleep__C
80380e3c   ti_sysbios_knl_Task_LM_switch__C
80380e40   ti_sysbios_knl_Task_Module_State_inactiveQ__O
80380e44   ti_sysbios_knl_Task_Module_State_terminatedQ__O
80380e48   ti_sysbios_knl_Task_Module__diagsEnabled__C
80380e4c   ti_sysbios_knl_Task_Module__diagsIncluded__C
80380e50   ti_sysbios_knl_Task_Module__diagsMask__C
80380e54   ti_sysbios_knl_Task_Module__loggerFxn2__C
80380e58   ti_sysbios_knl_Task_Module__loggerFxn4__C
80380e5c   ti_sysbios_knl_Task_Module__loggerObj__C
80380e60   ti_sysbios_knl_Task_Object__count__C
80380e64   ti_sysbios_knl_Task_Object__heap__C
80380e68   ti_sysbios_knl_Task_Object__table__C
80380e6c   ti_sysbios_knl_Task_allBlockedFunc__C
80380e70   ti_sysbios_knl_Task_defaultStackHeap__C
80380e74   ti_sysbios_knl_Task_defaultStackSize__C
80380e78   ti_sysbios_knl_Task_numConstructedTasks__C
80380e7c   ti_sysbios_knl_Task_numPriorities__C
80380e80   ti_sysbios_timers_timer64_Timer_A_notAvailable__C
80380e84   ti_sysbios_timers_timer64_Timer_E_cannotSupport__C
80380e88   ti_sysbios_timers_timer64_Timer_Module__diagsEnabled__C
80380e8c   ti_sysbios_timers_timer64_Timer_Module__diagsIncluded__C
80380e90   ti_sysbios_timers_timer64_Timer_Module__diagsMask__C
80380e94   ti_sysbios_timers_timer64_Timer_anyMask__C
80380e98   ti_sysbios_timers_timer64_Timer_freqDivisor__C
80380e9c   ti_sysbios_timers_timer64_Timer_numLocalTimers__C
80380ea0   ti_sysbios_timers_timer64_Timer_numTimerDevices__C
80380ea4   xdc_runtime_Assert_E_assertFailed__C
80380ea8   xdc_runtime_Core_A_initializedParams__C
80380eac   xdc_runtime_Core_Module__diagsEnabled__C
80380eb0   xdc_runtime_Core_Module__diagsIncluded__C
80380eb4   xdc_runtime_Core_Module__diagsMask__C
80380eb8   xdc_runtime_Error_E_generic__C
80380ebc   xdc_runtime_Error_E_memory__C
80380ec0   xdc_runtime_Error_Module__diagsEnabled__C
80380ec4   xdc_runtime_Error_Module__diagsIncluded__C
80380ec8   xdc_runtime_Error_Module__diagsMask__C
80380ecc   xdc_runtime_Error_Module__loggerFxn8__C
80380ed0   xdc_runtime_Error_Module__loggerObj__C
80380ed4   xdc_runtime_Error_policy__C
80380ed8   xdc_runtime_Error_raiseHook__C
80380edc   xdc_runtime_IFilterLogger_Interface__BASE__C
80380ee0   xdc_runtime_IGateProvider_Interface__BASE__C
80380ee4   xdc_runtime_IHeap_Interface__BASE__C
80380ee8   xdc_runtime_ILogger_Interface__BASE__C
80380eec   xdc_runtime_IModule_Interface__BASE__C
80380ef0   xdc_runtime_Log_L_error__C
80380ef4   xdc_runtime_LoggerBuf_E_badLevel__C
80380ef8   xdc_runtime_LoggerBuf_Module__gateObj__C
80380efc   xdc_runtime_LoggerBuf_Object__count__C
80380f00   xdc_runtime_LoggerBuf_Object__table__C
80380f04   xdc_runtime_LoggerBuf_statusLogger__C
80380f08   xdc_runtime_Memory_defaultHeapInstance__C
80380f0c   xdc_runtime_Startup_execImpl__C
80380f10   xdc_runtime_Startup_maxPasses__C
80380f14   xdc_runtime_Startup_sfxnRts__C
80380f18   xdc_runtime_Startup_sfxnTab__C
80380f1c   xdc_runtime_Startup_startModsFxn__C
80380f20   xdc_runtime_SysMin_bufSize__C
80380f24   xdc_runtime_SysMin_outputFunc__C
80380f28   xdc_runtime_System_Module__gateObj__C
80380f2c   xdc_runtime_System_extendFxn__C
80380f30   xdc_runtime_System_maxAtexitHandlers__C
80380f34   xdc_runtime_Text_charTab__C
80380f38   xdc_runtime_Text_nameEmpty__C
80380f3c   xdc_runtime_Text_nameStatic__C
80380f40   xdc_runtime_Text_nameUnknown__C
80380f44   xdc_runtime_Text_nodeTab__C
80380f48   xdc_runtime_Text_visitRopeFxn__C
80380f4c   xdc_runtime_Error_Module__loggerDefined__C
80380f4e   xdc_runtime_Error_maxDepth__C
80380f52   xdc_runtime_LoggerBuf_Module__id__C
80380f54   xdc_runtime_LoggerBuf_filterByLevel__C
80380f56   xdc_runtime_Memory_Module__id__C
80380f58   xdc_runtime_SysMin_flushAtExit__C
80380f5a   xdc_runtime_Text_charCnt__C
80380f5c   xdc_runtime_Text_isLoaded__C
80380f5e   xdc_runtime_Text_registryModsLastId__C
80380f60   xdc_runtime_Text_unnamedModsLastId__C
80380f70   Qmss_lowEoiVector
80380f80   queueFree
80382f80   qmssGObj
80383380   ti_sysbios_BIOS_Module__state__V
8038339c   ti_sysbios_family_c64p_EventCombiner_Module__state__V
8038379c   ti_sysbios_family_c64p_Exception_Module__state__V
803837c8   ti_sysbios_family_c64p_Hwi_Module__root__V
803837d0   ti_sysbios_family_c64p_Hwi_Module__state__V
80383838   ti_sysbios_family_c66_tci66xx_CpIntc_Module__state__V
80383848   ti_sysbios_gates_GateHwi_Module__root__V
80383850   ti_sysbios_gates_GateMutex_Module__root__V
80383858   ti_sysbios_hal_Hwi_Module__root__V
80383860   ti_sysbios_hal_Timer_Module__root__V
80383868   ti_sysbios_heaps_HeapBuf_Module__root__V
80383870   ti_sysbios_heaps_HeapBuf_Module__state__V
80383874   ti_sysbios_heaps_HeapMem_Module__root__V
8038387c   ti_sysbios_knl_Clock_Module__root__V
80383884   ti_sysbios_knl_Clock_Module__state__V
803838b0   ti_sysbios_knl_Event_Module__root__V
803838b8   ti_sysbios_knl_Queue_Module__root__V
803838c0   ti_sysbios_knl_Semaphore_Module__root__V
803838c8   ti_sysbios_knl_Swi_Module__root__V
803838d0   ti_sysbios_knl_Swi_Module__state__V
803838ec   ti_sysbios_knl_Task_Module__root__V
803838f4   ti_sysbios_knl_Task_Module__state__V
80383928   ti_sysbios_timers_timer64_Timer_Module__root__V
80383930   ti_sysbios_timers_timer64_Timer_Module__state__V
80383944   xdc_runtime_Error_Module__state__V
80383948   xdc_runtime_LoggerBuf_Module__root__V
80383950   xdc_runtime_LoggerBuf_Module__state__V
80383958   xdc_runtime_Memory_Module__state__V
8038395c   xdc_runtime_Registry_Module__state__V
80383964   xdc_runtime_Startup_Module__state__V
8038396c   xdc_runtime_SysMin_Module__state__V
80383978   xdc_runtime_System_Module__state__V
80383984   xdc_runtime_Text_Module__state__V
8038398c   __xdc__init__addr
80383990   ti_sysbios_family_c66_tci66xx_CpIntc_Module_State_0_dispatchTab__A
80383e90   _ftable
80384070   ti_sysbios_timers_timer64_Timer_Module_State_0_device__A
803841f0   qmssGblCfgParams
80384310   ti_sysbios_knl_Task_Object__table__V
803843e8   TSK_idle
80384430   _ipcfg
803844e4   _ft_end
80384588   ti_sysbios_timers_timer64_Timer_Object__table__V
80384620   ti_sysbios_family_c64p_Hwi_Object__table__V
803846b0   ti_sysbios_knl_Swi_Module_State_0_readyQ__A
80384730   ti_sysbios_knl_Task_Module_State_0_readyQ__A
803847b0   ti_sysbios_timers_timer64_Timer_Module_State_0_gctrl__A
80384830   ti_sysbios_timers_timer64_Timer_Module_State_0_handles__A
803848b0   ti_sysbios_timers_timer64_Timer_Module_State_0_intFreqs__A
803849a8   cppiGblCfgParams
80384ac0   ti_sysbios_family_c66_tci66xx_CpIntc_Module_State_0_hostIntToSysInt__A
80384c10   gstruMpuAddrRange
80384c50   ti_sysbios_gates_GateMutex_Object__table__V
80384cc4   _cleanup_ptr
80384cc8   _dtors_ptr
80384ccc   __TI_enable_exit_profile_output
80384d04   ADS1298DataFormat
80384d20   ADS1298TransferParam
80384d34   cppiLObj
80384d38   ti_sysbios_knl_Swi_Object__table__V
80384d68   gpEDMA_TC_regs
80384d90   gpTimerRegs
80384db4   paLObj
80384db8   internal_exception_str
80384ddc   _oscfg
80384e00   xdc_runtime_LoggerBuf_Object__table__V
80384e28   Qmss_highEoiVector
80384e48   bus_err_stat_str
80384e68   gCIC_EXC_EN_MASK
80384e88   gpMPU_regs
80384ea8   NIMUDeviceTable
80384eb0   pstrMsgName
80384ed0   xdc_runtime_System_Module_State_0_atexitHandlers__A
80384ef0   Peri_MPU_err_type_str
80384f20   ti_sysbios_knl_Semaphore_Object__table__V
80384f68   Ns_str
80384f84   _lock
80384f88   _unlock
80384fa8   ti_sysbios_family_c66_tci66xx_CpIntc_Module_State_0_initSIER__A
80384fc0   ti_sysbios_heaps_HeapMem_Object__table__V
80384fd8   spi_int_str
80384fe8   ti_sysbios_family_c66_tci66xx_CpIntc_Module_State_0_controller__A
80384ff8   ti_sysbios_hal_Hwi_Object__table__V
80385008   ti_sysbios_hal_Timer_Object__table__V
80385018   gpEDMA_CC_regs
80385028   ti_sysbios_knl_Event_Object__table__V
80385038   ti_sysbios_gates_GateHwi_Object__table__V
80385068   Qmss_cdmaEoiVector
803850d0   gDeviceNandBBlist
803862fc   gDeviceNand
80386334   gDeviceNor
8038636c   gDeviceEeprom0
803863a4   gDeviceEeprom1
803863e0   emac_port_mode
80386400   ti_sysbios_family_c64p_Hwi0
80386420   ti_sysbios_family_c64p_Hwi1
80386440   ti_sysbios_family_c64p_Hwi2
80386460   ti_sysbios_family_c64p_Hwi3
80386480   ti_sysbios_family_c64p_Hwi4
803864a0   ti_sysbios_family_c64p_Hwi5
803864c0   ti_sysbios_family_c64p_Hwi6
803864e0   ti_sysbios_family_c64p_Hwi7
80386500   ti_sysbios_family_c64p_Hwi8
80386520   ti_sysbios_family_c64p_Hwi9
80386540   ti_sysbios_family_c64p_Hwi10
80386560   ti_sysbios_family_c64p_Hwi11
80386580   ti_sysbios_family_c64p_Hwi12
803865a0   ti_sysbios_family_c64p_Hwi13
803865c0   ti_sysbios_family_c64p_Hwi14
803865e0   ti_sysbios_family_c64p_Hwi15
803869a4   __TI_STATIC_BASE
803869bc   _IGMPInDiscard
803869c0   _IGMPInQuery
803869c4   _IGMPInQueryGroup
803869c8   _IGMPInResponse
803869cc   _IGMPOutResponse
803869d0   gTxCmdReturnQHnd
803869d4   gTxCmdFreeQHnd
803869d8   ethSemHandle
803869fc   Data2Send
80386a14   gpXMC_regs
80386a18   gpCGEM_regs
80386a1c   gpBootCfgRegs
80386a20   gpPLLC_regs
80386a24   gpPSC_regs
80386a28   gpMSMC_regs
80386a2c   gpGPIO_regs
80386a30   gpCIC0_regs
80386a34   gpCIC1_regs
80386a38   gpCIC_regs
80386a3c   gpEDMA_CC0_regs
80386a40   gpEDMA_CC1_regs
80386a44   gpEDMA_CC2_regs
80386a48   gpEDMA_TC_0_0_regs
80386a4c   gpEDMA_TC_0_1_regs
80386a50   gpEDMA_TC_1_0_regs
80386a54   gpEDMA_TC_1_1_regs
80386a58   gpEDMA_TC_1_2_regs
80386a5c   gpEDMA_TC_1_3_regs
80386a60   gpEDMA_TC_2_0_regs
80386a64   gpEDMA_TC_2_1_regs
80386a68   gpEDMA_TC_2_2_regs
80386a6c   gpEDMA_TC_2_3_regs
80386a70   gpTimer0Regs
80386a74   gpTimer1Regs
80386a78   gpTimer2Regs
80386a7c   gpTimer3Regs
80386a80   gpTimer4Regs
80386a84   gpTimer5Regs
80386a88   gpTimer6Regs
80386a8c   gpTimer7Regs
80386a90   gpTimer8Regs
80386a94   gpMPU0_regs
80386a98   gpMPU1_regs
80386a9c   gpMPU2_regs
80386aa0   gpMPU3_regs
80386aa4   gpDDR_regs
80386aa8   gDSP_Core_Speed_Hz
80386aac   cycle_measure_overhead
80386ab0   uiLL2_scrub_addr
80386ab4   LL2_EDC_victim_err_str
80386ab8   LL2_EDC_DMA_err_str
80386abc   LL2_EDC_L1D_err_str
80386ac0   LL2_EDC_L1P_err_str
80386ac4   guwIntcCICExcEvtIdx
80386ac8   gCIC_EXC_out_num
80386acc   CONTENT_TYPE_APPLET
80386ad0   CONTENT_TYPE_AU
80386ad4   CONTENT_TYPE_CSS
80386ad8   CONTENT_TYPE_DOC
80386adc   CONTENT_TYPE_GIF
80386ae0   CONTENT_TYPE_HTML
80386ae4   CONTENT_TYPE_JPG
80386ae8   CONTENT_TYPE_MPEG
80386aec   CONTENT_TYPE_PDF
80386af0   CONTENT_TYPE_WAV
80386af4   CONTENT_TYPE_ZIP
80386af8   CONTENT_TYPE
80386afc   CONTENT_LENGTH
80386b00   CRLF
80386b04   DEFAULT_NAME
80386b08   HTTP_VER
80386b0c   SPACE
80386b10   PITCount
80386b14   PITUsed
80386b18   PITHigh
80386b34   HostName
80386b38   LocalIPAddr
80386b3c   LocalIPMask
80386b40   GatewayIP
80386b44   DomainName
80386b48   DNSServer
80386b80   DRDYCount
80386b84   FSM_State
80386b88   dataPool
80386b8c   Channel_No
80386b90   SockInst
80386bd0   _IGMPForceVersion1
80386be4   DebugLogSize
80386be8   DebugCritError
80386bf4   _ICMPInErrors
80386bf8   _ICMPOutErrors
80386bfc   _IPExecuting
80386c0c   gFragQList
80386c2c   tcp_iss
80386c30   ptTimeFirst
80386c34   pt6TimeFirst
80386c38   tcp6_iss
80386c44   platform_errno
80386c48   platform_init_return_code
80386c4c   spiRegs
80386c50   SPI_event_num
80386c60   httpErrorResponseHook
80386c6c   _IPReasmPtr
80386c74   gMLDNodeList
80386c8c   qmssLObjIsValid
80386c90   IPV6_MAX_MULTICAST_SOLICIT
80386c94   IPV6_MAX_UNICAST_SOLICIT
80386c98   IPV6_RETRANS_TIME
80386c9c   IPV6_DELAY_FIRST_PROBE_TIME
80386ca0   IPV6_REACHABLE_TIME
80386ca4   IPV6_MAX_RTR_SOLICITATION_DELAY
80386ca8   IPV6_RTR_SOLICITATION_INTERVAL
80386cac   IPV6_MAX_RTR_SOLICITATIONS
80386cb0   INFINITE_LT
80386cb4   heap0
80386cb8   tskNetworkInit
80386cbc   semDRDY
80386cc0   timer200ms
80386cc4   eventServer
80386cc8   tskADS1298Init
80386ccc   ti_ndk_config_Global_rawPageSize
80386cd0   ti_ndk_config_Global_rawPageCount
80386cd4   ti_ndk_config_Global_smallest
80386cd8   ti_ndk_config_Global_largest
80386cdc   ti_ndk_config_Global_numFrameBuf
80386ce0   ti_ndk_config_Global_sizeFrameBuf
80386d00   cppiObject
80386f00   __CIOBUF_
80388778   __TI_Handler_Table_Base
80388784   __TI_Handler_Table_Limit
803887e0   __TI_CINIT_Base
80388868   __TI_CINIT_Limit
ffffffff   __TI_pprof_out_hndl
ffffffff   __TI_prof_data_size
ffffffff   __TI_prof_data_start
ffffffff   __binit__
ffffffff   __c_args__
ffffffff   binit
UNDEFED    __TI_INITARRAY_Base
UNDEFED    __TI_INITARRAY_Limit

[1851 symbols]
